Component: ARM Compiler 5.06 update 5 (build 528) Tool: armlink [4d35e2]

==============================================================================

Section Cross References

    os_core.o(i.OSEventNameGet) refers to os_cpu_a.o(.text) for OS_CPU_SR_Save
    os_core.o(i.OSEventNameGet) refers to os_core.o(i.OS_StrLen) for OS_StrLen
    os_core.o(i.OSEventNameGet) refers to os_core.o(.data) for OSIntNesting
    os_core.o(i.OSEventNameSet) refers to os_cpu_a.o(.text) for OS_CPU_SR_Save
    os_core.o(i.OSEventNameSet) refers to segger_sysview_ucosii.o(i.SYSVIEW_UpdateResource) for SYSVIEW_UpdateResource
    os_core.o(i.OSEventNameSet) refers to os_core.o(.data) for OSIntNesting
    os_core.o(i.OSEventPendMulti) refers to os_cpu_a.o(.text) for OS_CPU_SR_Save
    os_core.o(i.OSEventPendMulti) refers to os_core.o(i.OS_EventTaskWaitMulti) for OS_EventTaskWaitMulti
    os_core.o(i.OSEventPendMulti) refers to os_core.o(i.OS_Sched) for OS_Sched
    os_core.o(i.OSEventPendMulti) refers to os_core.o(i.OS_EventTaskRemoveMulti) for OS_EventTaskRemoveMulti
    os_core.o(i.OSEventPendMulti) refers to os_core.o(.data) for OSIntNesting
    os_core.o(i.OSInit) refers to os_cpu_c.o(i.OSInitHookBegin) for OSInitHookBegin
    os_core.o(i.OSInit) refers to os_core.o(i.OS_InitMisc) for OS_InitMisc
    os_core.o(i.OSInit) refers to os_core.o(i.OS_InitRdyList) for OS_InitRdyList
    os_core.o(i.OSInit) refers to os_core.o(i.OS_InitTCBList) for OS_InitTCBList
    os_core.o(i.OSInit) refers to os_core.o(i.OS_InitEventList) for OS_InitEventList
    os_core.o(i.OSInit) refers to os_flag.o(i.OS_FlagInit) for OS_FlagInit
    os_core.o(i.OSInit) refers to os_mem.o(i.OS_MemInit) for OS_MemInit
    os_core.o(i.OSInit) refers to os_q.o(i.OS_QInit) for OS_QInit
    os_core.o(i.OSInit) refers to os_core.o(i.OS_InitTaskIdle) for OS_InitTaskIdle
    os_core.o(i.OSInit) refers to os_core.o(i.OS_InitTaskStat) for OS_InitTaskStat
    os_core.o(i.OSInit) refers to os_tmr.o(i.OSTmr_Init) for OSTmr_Init
    os_core.o(i.OSInit) refers to os_cpu_c.o(i.OSInitHookEnd) for OSInitHookEnd
    os_core.o(i.OSIntEnter) refers to segger_sysview.o(i.SEGGER_SYSVIEW_RecordEnterISR) for SEGGER_SYSVIEW_RecordEnterISR
    os_core.o(i.OSIntEnter) refers to os_core.o(.data) for OSRunning
    os_core.o(i.OSIntExit) refers to os_cpu_a.o(.text) for OS_CPU_SR_Save
    os_core.o(i.OSIntExit) refers to os_core.o(i.OS_SchedNew) for OS_SchedNew
    os_core.o(i.OSIntExit) refers to segger_sysview.o(i.SEGGER_SYSVIEW_RecordExitISRToScheduler) for SEGGER_SYSVIEW_RecordExitISRToScheduler
    os_core.o(i.OSIntExit) refers to segger_sysview.o(i.SEGGER_SYSVIEW_RecordExitISR) for SEGGER_SYSVIEW_RecordExitISR
    os_core.o(i.OSIntExit) refers to os_core.o(.data) for OSRunning
    os_core.o(i.OSIntExit) refers to os_core.o(.bss) for OSTCBPrioTbl
    os_core.o(i.OSSchedLock) refers to os_cpu_a.o(.text) for OS_CPU_SR_Save
    os_core.o(i.OSSchedLock) refers to os_core.o(.data) for OSRunning
    os_core.o(i.OSSchedUnlock) refers to os_cpu_a.o(.text) for OS_CPU_SR_Save
    os_core.o(i.OSSchedUnlock) refers to os_core.o(i.OS_Sched) for OS_Sched
    os_core.o(i.OSSchedUnlock) refers to os_core.o(.data) for OSRunning
    os_core.o(i.OSStart) refers to os_core.o(i.OS_SchedNew) for OS_SchedNew
    os_core.o(i.OSStart) refers to os_cpu_a.o(.text) for OSStartHighRdy
    os_core.o(i.OSStart) refers to os_core.o(.data) for OSRunning
    os_core.o(i.OSStart) refers to os_core.o(.bss) for OSTCBPrioTbl
    os_core.o(i.OSStatInit) refers to os_time.o(i.OSTimeDly) for OSTimeDly
    os_core.o(i.OSStatInit) refers to os_cpu_a.o(.text) for OS_CPU_SR_Save
    os_core.o(i.OSStatInit) refers to os_core.o(.data) for OSIdleCtr
    os_core.o(i.OSTimeTick) refers to os_cpu_c.o(i.OSTimeTickHook) for OSTimeTickHook
    os_core.o(i.OSTimeTick) refers to os_cpu_a.o(.text) for OS_CPU_SR_Save
    os_core.o(i.OSTimeTick) refers to segger_sysview.o(i.SEGGER_SYSVIEW_RecordU32) for SEGGER_SYSVIEW_RecordU32
    os_core.o(i.OSTimeTick) refers to segger_sysview_ucosii.o(i.SYSVIEW_TaskReady) for SYSVIEW_TaskReady
    os_core.o(i.OSTimeTick) refers to os_core.o(.data) for OSTime
    os_core.o(i.OS_EventTaskRdy) refers to segger_sysview_ucosii.o(i.SYSVIEW_TaskReady) for SYSVIEW_TaskReady
    os_core.o(i.OS_EventTaskRdy) refers to os_core.o(i.OS_EventTaskRemove) for OS_EventTaskRemove
    os_core.o(i.OS_EventTaskRdy) refers to os_core.o(i.OS_EventTaskRemoveMulti) for OS_EventTaskRemoveMulti
    os_core.o(i.OS_EventTaskRdy) refers to os_core.o(.constdata) for OSUnMapTbl
    os_core.o(i.OS_EventTaskRdy) refers to os_core.o(.bss) for OSTCBPrioTbl
    os_core.o(i.OS_EventTaskRdy) refers to os_core.o(.data) for OSRdyGrp
    os_core.o(i.OS_EventTaskWait) refers to segger_sysview_ucosii.o(i.SYSVIEW_TaskSuspend) for SYSVIEW_TaskSuspend
    os_core.o(i.OS_EventTaskWait) refers to os_core.o(.data) for OSTCBCur
    os_core.o(i.OS_EventTaskWaitMulti) refers to segger_sysview_ucosii.o(i.SYSVIEW_TaskSuspend) for SYSVIEW_TaskSuspend
[...]
    APBAHBPrescTable                         0x200000b8   Data          16  stm32f4xx_rcc.o(.data)
    .data                                    0x200000c8   Section        8  segger_sysview_ucosii.o(.data)
    _NumTasks                                0x200000c8   Data           4  segger_sysview_ucosii.o(.data)
    _NumResources                            0x200000cc   Data           4  segger_sysview_ucosii.o(.data)
    .data                                    0x200000d0   Section       21  segger_sysview.o(.data)
    _DownBuffer                              0x200000d8   Data           8  segger_sysview.o(.data)
    _pFirstModule                            0x200000e0   Data           4  segger_sysview.o(.data)
    _NumModules                              0x200000e4   Data           1  segger_sysview.o(.data)
    .bss                                     0x200000e8   Section     5048  os_core.o(.bss)
    .bss                                     0x200014a0   Section     1024  os_cpu_c.o(.bss)
    .bss                                     0x200018a0   Section       16  task.o(.bss)
    .bss                                     0x200018b0   Section     1024  main.o(.bss)
    .bss                                     0x20001cb0   Section       16  delay.o(.bss)
    .bss                                     0x20001cc0   Section     2176  segger_sysview_ucosii.o(.bss)
    _aTasks                                  0x20001cc0   Data         640  segger_sysview_ucosii.o(.bss)
    _aResources                              0x20001f40   Data        1536  segger_sysview_ucosii.o(.bss)
    .bss                                     0x20002540   Section     4280  segger_rtt.o(.bss)
    _acUpBuffer                              0x200025e8   Data        4096  segger_rtt.o(.bss)
    _acDownBuffer                            0x200035e8   Data          16  segger_rtt.o(.bss)
    .bss                                     0x200035f8   Section     4363  segger_sysview.o(.bss)
    _UpBuffer                                0x200035f8   Data        4096  segger_sysview.o(.bss)
    _SYSVIEW_Globals                         0x200045f8   Data          40  segger_sysview.o(.bss)
    _aPacket                                 0x20004620   Data         227  segger_sysview.o(.bss)
    .bss                                     0x20004704   Section       96  libspace.o(.bss)
    HEAP                                     0x20004768   Section      512  startup_stm32f401xx.o(HEAP)
    Heap_Mem                                 0x20004768   Data         512  startup_stm32f401xx.o(HEAP)
    STACK                                    0x20004968   Section     1024  startup_stm32f401xx.o(STACK)
    Stack_Mem                                0x20004968   Data        1024  startup_stm32f401xx.o(STACK)
    __initial_sp                             0x20004d68   Data           0  startup_stm32f401xx.o(STACK)

    Global Symbols

    Symbol Name                              Value     Ov Type        Size  Object(Section)

    BuildAttributes$$THM_ISAv4$E$P$D$K$B$S$7EM$VFPi3$EXTD16$VFPS$VFMA$PE$A:L22UL41UL21$X:L11$S22US41US21$IEEE1$IW$USESV6$~STKCKD$USESV7$~SHL$OTIME$ROPI$IEEEX$EBA8$UX$STANDARDLIB$REQ8$PRES8$EABIv2 0x00000000   Number         0  anon$$obj.o ABSOLUTE
    __ARM_use_no_argv                        0x00000000   Number         0  main.o ABSOLUTE
    _printf_flags                            0x00000000   Number         0  printf_stubs.o ABSOLUTE
    _printf_return_value                     0x00000000   Number         0  printf_stubs.o ABSOLUTE
    _printf_sizespec                         0x00000000   Number         0  printf_stubs.o ABSOLUTE
    _printf_widthprec                        0x00000000   Number         0  printf_stubs.o ABSOLUTE
    __ARM_exceptions_init                     - Undefined Weak Reference
    __alloca_initialize                       - Undefined Weak Reference
    __arm_preinit_                            - Undefined Weak Reference
    __cpp_initialize__aeabi_                  - Undefined Weak Reference
    __cxa_finalize                            - Undefined Weak Reference
    __sigvec_lookup                           - Undefined Weak Reference
    _atexit_init                              - Undefined Weak Reference
    _call_atexit_fns                          - Undefined Weak Reference
    _clock_init                               - Undefined Weak Reference
    _fp_trap_init                             - Undefined Weak Reference
    _fp_trap_shutdown                         - Undefined Weak Reference
    _get_lc_collate                           - Undefined Weak Reference
    _get_lc_monetary                          - Undefined Weak Reference
    _get_lc_time                              - Undefined Weak Reference
    _getenv_init                              - Undefined Weak Reference
    _handle_redirection                       - Undefined Weak Reference
    _init_alloc                               - Undefined Weak Reference
    _init_user_alloc                          - Undefined Weak Reference
    _initio                                   - Undefined Weak Reference
    _printf_mbtowc                            - Undefined Weak Reference
    _printf_wc                                - Undefined Weak Reference
    _rand_init                                - Undefined Weak Reference
    _signal_finish                            - Undefined Weak Reference
    _signal_init                              - Undefined Weak Reference
    _terminate_alloc                          - Undefined Weak Reference
    _terminate_user_alloc                     - Undefined Weak Reference
    _terminateio                              - Undefined Weak Reference
    Image$$RW_IRAM1$$Length                  0x000000e8   Number         0  anon$$obj.o ABSOLUTE
    __Vectors_Size                           0x00000194   Number         0  startup_stm32f401xx.o ABSOLUTE
    Image$$RW_IRAM1$$ZI$$Length              0x00004c80   Number         0  anon$$obj.o ABSOLUTE
    __Vectors                                0x08000000   Data           4  startup_stm32f401xx.o(RESET)
    __Vectors_End                            0x08000194   Data           0  startup_stm32f401xx.o(RESET)
    __main                                   0x08000195   Thumb Code     8  __main.o(!!!main)
    __scatterload                            0x0800019d   Thumb Code     0  __scatter.o(!!!scatter)
    __scatterload_rt2                        0x0800019d   Thumb Code    44  __scatter.o(!!!scatter)
    __scatterload_rt2_thumb_only             0x0800019d   Thumb Code     0  __scatter.o(!!!scatter)
    __scatterload_null                       0x080001ab   Thumb Code     0  __scatter.o(!!!scatter)
    __scatterload_copy                       0x080001d1   Thumb Code    26  __scatter_copy.o(!!handler_copy)
    __scatterload_zeroinit                   0x080001ed   Thumb Code    28  __scatter_zi.o(!!handler_zi)
    __rt_lib_init                            0x08000209   Thumb Code     0  libinit.o(.ARM.Collect$$libinit$$00000000)
    __rt_lib_init_fp_1                       0x0800020b   Thumb Code     0  libinit2.o(.ARM.Collect$$libinit$$00000001)
    __rt_lib_init_alloca_1                   0x0800020f   Thumb Code     0  libinit2.o(.ARM.Collect$$libinit$$0000002E)
    __rt_lib_init_argv_1                     0x0800020f   Thumb Code     0  libinit2.o(.ARM.Collect$$libinit$$0000002C)
    __rt_lib_init_atexit_1                   0x0800020f   Thumb Code     0  libinit2.o(.ARM.Collect$$libinit$$0000001B)
    __rt_lib_init_clock_1                    0x0800020f   Thumb Code     0  libinit2.o(.ARM.Collect$$libinit$$00000021)
    __rt_lib_init_cpp_1                      0x0800020f   Thumb Code     0  libinit2.o(.ARM.Collect$$libinit$$00000032)
    __rt_lib_init_exceptions_1               0x0800020f   Thumb Code     0  libinit2.o(.ARM.Collect$$libinit$$00000030)
    __rt_lib_init_fp_trap_1                  0x0800020f   Thumb Code     0  libinit2.o(.ARM.Collect$$libinit$$0000001F)
    __rt_lib_init_getenv_1                   0x0800020f   Thumb Code     0  libinit2.o(.ARM.Collect$$libinit$$00000023)
    __rt_lib_init_heap_1                     0x0800020f   Thumb Code     0  libinit2.o(.ARM.Collect$$libinit$$0000000A)
    __rt_lib_init_lc_collate_1               0x0800020f   Thumb Code     0  libinit2.o(.ARM.Collect$$libinit$$00000011)
    __rt_lib_init_lc_ctype_1                 0x0800020f   Thumb Code     0  libinit2.o(.ARM.Collect$$libinit$$00000013)
    __rt_lib_init_lc_monetary_1              0x0800020f   Thumb Code     0  libinit2.o(.ARM.Collect$$libinit$$00000015)
    __rt_lib_init_lc_numeric_1               0x0800020f   Thumb Code     0  libinit2.o(.ARM.Collect$$libinit$$00000017)
    __rt_lib_init_lc_time_1                  0x0800020f   Thumb Code     0  libinit2.o(.ARM.Collect$$libinit$$00000019)
    __rt_lib_init_preinit_1                  0x0800020f   Thumb Code     0  libinit2.o(.ARM.Collect$$libinit$$00000004)
    __rt_lib_init_rand_1                     0x0800020f   Thumb Code     0  libinit2.o(.ARM.Collect$$libinit$$0000000E)
    __rt_lib_init_return                     0x0800020f   Thumb Code     0  libinit2.o(.ARM.Collect$$libinit$$00000033)
    __rt_lib_init_signal_1                   0x0800020f   Thumb Code     0  libinit2.o(.ARM.Collect$$libinit$$0000001D)
    __rt_lib_init_stdio_1                    0x0800020f   Thumb Code     0  libinit2.o(.ARM.Collect$$libinit$$00000025)
    __rt_lib_init_user_alloc_1               0x0800020f   Thumb Code     0  libinit2.o(.ARM.Collect$$libinit$$0000000C)
    __rt_lib_shutdown                        0x08000211   Thumb Code     0  libshutdown.o(.ARM.Collect$$libshutdown$$00000000)
    __rt_lib_shutdown_cpp_1                  0x08000213   Thumb Code     0  libshutdown2.o(.ARM.Collect$$libshutdown$$00000002)
    __rt_lib_shutdown_fp_trap_1              0x08000213   Thumb Code     0  libshutdown2.o(.ARM.Collect$$libshutdown$$00000007)
    __rt_lib_shutdown_heap_1                 0x08000213   Thumb Code     0  libshutdown2.o(.ARM.Collect$$libshutdown$$0000000F)
    __rt_lib_shutdown_return                 0x08000213   Thumb Code     0  libshutdown2.o(.ARM.Collect$$libshutdown$$00000010)
    __rt_lib_shutdown_signal_1               0x08000213   Thumb Code     0  libshutdown2.o(.ARM.Collect$$libshutdown$$0000000A)
    __rt_lib_shutdown_stdio_1                0x08000213   Thumb Code     0  libshutdown2.o(.ARM.Collect$$libshutdown$$00000004)
    __rt_lib_shutdown_user_alloc_1           0x08000213   Thumb Code     0  libshutdown2.o(.ARM.Collect$$libshutdown$$0000000C)
    __rt_entry                               0x08000215   Thumb Code     0  __rtentry.o(.ARM.Collect$$rtentry$$00000000)
    __rt_entry_presh_1                       0x08000215   Thumb Code     0  __rtentry2.o(.ARM.Collect$$rtentry$$00000002)
    __rt_entry_sh                            0x08000215   Thumb Code     0  __rtentry4.o(.ARM.Collect$$rtentry$$00000004)
    __rt_entry_li                            0x0800021b   Thumb Code     0  __rtentry2.o(.ARM.Collect$$rtentry$$0000000A)
    __rt_entry_postsh_1                      0x0800021b   Thumb Code     0  __rtentry2.o(.ARM.Collect$$rtentry$$00000009)
    __rt_entry_main                          0x0800021f   Thumb Code     0  __rtentry2.o(.ARM.Collect$$rtentry$$0000000D)
    __rt_entry_postli_1                      0x0800021f   Thumb Code     0  __rtentry2.o(.ARM.Collect$$rtentry$$0000000C)
    __rt_exit                                0x08000227   Thumb Code     0  rtexit.o(.ARM.Collect$$rtexit$$00000000)
    __rt_exit_ls                             0x08000229   Thumb Code     0  rtexit2.o(.ARM.Collect$$rtexit$$00000003)
    __rt_exit_prels_1                        0x08000229   Thumb Code     0  rtexit2.o(.ARM.Collect$$rtexit$$00000002)
    __rt_exit_exit                           0x0800022d   Thumb Code     0  rtexit2.o(.ARM.Collect$$rtexit$$00000004)
    OS_CPU_FP_Reg_Push                       0x08000235   Thumb Code     0  os_cpu_a.o(.text)
    OS_CPU_FP_Reg_Pop                        0x08000247   Thumb Code     0  os_cpu_a.o(.text)
    OS_CPU_SR_Save                           0x08000253   Thumb Code     0  os_cpu_a.o(.text)
    OS_CPU_SR_Restore                        0x0800026f   Thumb Code     0  os_cpu_a.o(.text)
    OSStartHighRdy                           0x08000281   Thumb Code     0  os_cpu_a.o(.text)
    OSCtxSw                                  0x080002d9   Thumb Code     0  os_cpu_a.o(.text)
    OSIntCtxSw                               0x080002d9   Thumb Code     0  os_cpu_a.o(.text)
    PendSV_Handler                           0x080002e3   Thumb Code     0  os_cpu_a.o(.text)
    SystemInit                               0x0800032d   Thumb Code     0  os_cpu_a.o(.text)
    Reset_Handler                            0x08000409   Thumb Code    14  startup_stm32f401xx.o(.text)
    NMI_Handler                              0x08000417   Thumb Code     2  startup_stm32f401xx.o(.text)
    HardFault_Handler                        0x08000419   Thumb Code     2  startup_stm32f401xx.o(.text)
    MemManage_Handler                        0x0800041b   Thumb Code     2  startup_stm32f401xx.o(.text)
    BusFault_Handler                         0x0800041d   Thumb Code     2  startup_stm32f401xx.o(.text)
    UsageFault_Handler                       0x0800041f   Thumb Code     2  startup_stm32f401xx.o(.text)
    SVC_Handler                              0x08000421   Thumb Code     2  startup_stm32f401xx.o(.text)
    DebugMon_Handler                         0x08000423   Thumb Code     2  startup_stm32f401xx.o(.text)
    ADC_IRQHandler                           0x08000429   Thumb Code     0  startup_stm32f401xx.o(.text)
    DMA1_Stream0_IRQHandler                  0x08000429   Thumb Code     0  startup_stm32f401xx.o(.text)
    DMA1_Stream1_IRQHandler                  0x08000429   Thumb Code     0  startup_stm32f401xx.o(.text)
    DMA1_Stream2_IRQHandler                  0x08000429   Thumb Code     0  startup_stm32f401xx.o(.text)
    DMA1_Stream3_IRQHandler                  0x08000429   Thumb Code     0  startup_stm32f401xx.o(.text)
    DMA1_Stream4_IRQHandler                  0x08000429   Thumb Code     0  startup_stm32f401xx.o(.text)
    DMA1_Stream5_IRQHandler                  0x08000429   Thumb Code     0  startup_stm32f401xx.o(.text)
    DMA1_Stream6_IRQHandler                  0x08000429   Thumb Code     0  startup_stm32f401xx.o(.text)
    DMA1_Stream7_IRQHandler                  0x08000429   Thumb Code     0  startup_stm32f401xx.o(.text)
    DMA2_Stream0_IRQHandler                  0x08000429   Thumb Code     0  startup_stm32f401xx.o(.text)
    DMA2_Stream1_IRQHandler                  0x08000429   Thumb Code     0  startup_stm32f401xx.o(.text)
    DMA2_Stream2_IRQHandler                  0x08000429   Thumb Code     0  startup_stm32f401xx.o(.text)
    DMA2_Stream3_IRQHandler                  0x08000429   Thumb Code     0  startup_stm32f401xx.o(.text)
    DMA2_Stream4_IRQHandler                  0x08000429   Thumb Code     0  startup_stm32f401xx.o(.text)
    DMA2_Stream5_IRQHandler                  0x08000429   Thumb Code     0  startup_stm32f401xx.o(.text)
    DMA2_Stream6_IRQHandler                  0x08000429   Thumb Code     0  startup_stm32f401xx.o(.text)
    DMA2_Stream7_IRQHandler                  0x08000429   Thumb Code     0  startup_stm32f401xx.o(.text)
    EXTI0_IRQHandler                         0x08000429   Thumb Code     0  startup_stm32f401xx.o(.text)
    EXTI15_10_IRQHandler                     0x08000429   Thumb Code     0  startup_stm32f401xx.o(.text)
    EXTI1_IRQHandler                         0x08000429   Thumb Code     0  startup_stm32f401xx.o(.text)
    EXTI2_IRQHandler                         0x08000429   Thumb Code     0  startup_stm32f401xx.o(.text)
    EXTI3_IRQHandler                         0x08000429   Thumb Code     0  startup_stm32f401xx.o(.text)
    EXTI4_IRQHandler                         0x08000429   Thumb Code     0  startup_stm32f401xx.o(.text)
    EXTI9_5_IRQHandler                       0x08000429   Thumb Code     0  startup_stm32f401xx.o(.text)
    FLASH_IRQHandler                         0x08000429   Thumb Code     0  startup_stm32f401xx.o(.text)
    FPU_IRQHandler                           0x08000429   Thumb Code     0  startup_stm32f401xx.o(.text)
    I2C1_ER_IRQHandler                       0x08000429   Thumb Code     0  startup_stm32f401xx.o(.text)
    I2C1_EV_IRQHandler                       0x08000429   Thumb Code     0  startup_stm32f401xx.o(.text)
    I2C2_ER_IRQHandler                       0x08000429   Thumb Code     0  startup_stm32f401xx.o(.text)
    I2C2_EV_IRQHandler                       0x08000429   Thumb Code     0  startup_stm32f401xx.o(.text)
    I2C3_ER_IRQHandler                       0x08000429   Thumb Code     0  startup_stm32f401xx.o(.text)
    I2C3_EV_IRQHandler                       0x08000429   Thumb Code     0  startup_stm32f401xx.o(.text)
    OTG_FS_IRQHandler                        0x08000429   Thumb Code     0  startup_stm32f401xx.o(.text)
    OTG_FS_WKUP_IRQHandler                   0x08000429   Thumb Code     0  startup_stm32f401xx.o(.text)
    PVD_IRQHandler                           0x08000429   Thumb Code     0  startup_stm32f401xx.o(.text)
    RCC_IRQHandler                           0x08000429   Thumb Code     0  startup_stm32f401xx.o(.text)
    RTC_Alarm_IRQHandler                     0x08000429   Thumb Code     0  startup_stm32f401xx.o(.text)
    RTC_WKUP_IRQHandler                      0x08000429   Thumb Code     0  startup_stm32f401xx.o(.text)
    SDIO_IRQHandler                          0x08000429   Thumb Code     0  startup_stm32f401xx.o(.text)
    SPI1_IRQHandler                          0x08000429   Thumb Code     0  startup_stm32f401xx.o(.text)
    SPI2_IRQHandler                          0x08000429   Thumb Code     0  startup_stm32f401xx.o(.text)
    SPI3_IRQHandler                          0x08000429   Thumb Code     0  startup_stm32f401xx.o(.text)
    SPI4_IRQHandler                          0x08000429   Thumb Code     0  startup_stm32f401xx.o(.text)
    TAMP_STAMP_IRQHandler                    0x08000429   Thumb Code     0  startup_stm32f401xx.o(.text)
    TIM1_BRK_TIM9_IRQHandler                 0x08000429   Thumb Code     0  startup_stm32f401xx.o(.text)
    TIM1_CC_IRQHandler                       0x08000429   Thumb Code     0  startup_stm32f401xx.o(.text)
    TIM1_TRG_COM_TIM11_IRQHandler            0x08000429   Thumb Code     0  startup_stm32f401xx.o(.text)
    TIM1_UP_TIM10_IRQHandler                 0x08000429   Thumb Code     0  startup_stm32f401xx.o(.text)
    TIM3_IRQHandler                          0x08000429   Thumb Code     0  startup_stm32f401xx.o(.text)
    TIM4_IRQHandler                          0x08000429   Thumb Code     0  startup_stm32f401xx.o(.text)
    TIM5_IRQHandler                          0x08000429   Thumb Code     0  startup_stm32f401xx.o(.text)
    USART1_IRQHandler                        0x08000429   Thumb Code     0  startup_stm32f401xx.o(.text)
    USART2_IRQHandler                        0x08000429   Thumb Code     0  startup_stm32f401xx.o(.text)
    USART6_IRQHandler                        0x08000429   Thumb Code     0  startup_stm32f401xx.o(.text)
    WWDG_IRQHandler                          0x08000429   Thumb Code     0  startup_stm32f401xx.o(.text)
    __user_initial_stackheap                 0x0800042d   Thumb Code     0  startup_stm32f401xx.o(.text)
    myScatterLoad                            0x08000451   Thumb Code    36  myscratterload.o(.text)
    __aeabi_memcpy                           0x08000489   Thumb Code     0  rt_memcpy_v6.o(.text)
    __rt_memcpy                              0x08000489   Thumb Code   138  rt_memcpy_v6.o(.text)
    _memcpy_lastbytes                        0x080004ef   Thumb Code     0  rt_memcpy_v6.o(.text)
    __aeabi_memclr4                          0x08000513   Thumb Code     0  rt_memclr_w.o(.text)
    __aeabi_memclr8                          0x08000513   Thumb Code     0  rt_memclr_w.o(.text)
    __rt_memclr_w                            0x08000513   Thumb Code    78  rt_memclr_w.o(.text)
    _memset_w                                0x08000517   Thumb Code     0  rt_memclr_w.o(.text)
    __use_two_region_memory                  0x08000561   Thumb Code     2  heapauxi.o(.text)
    __rt_heap_escrow$2region                 0x08000563   Thumb Code     2  heapauxi.o(.text)
    __rt_heap_expand$2region                 0x08000565   Thumb Code     2  heapauxi.o(.text)
    __read_errno                             0x08000567   Thumb Code    10  _rserrno.o(.text)
    __set_errno                              0x08000571   Thumb Code    12  _rserrno.o(.text)
    __aeabi_memcpy4                          0x0800057d   Thumb Code     0  rt_memcpy_w.o(.text)
    __aeabi_memcpy8                          0x0800057d   Thumb Code     0  rt_memcpy_w.o(.text)
    __rt_memcpy_w                            0x0800057d   Thumb Code   100  rt_memcpy_w.o(.text)
    _memcpy_lastbytes_aligned                0x080005c5   Thumb Code     0  rt_memcpy_w.o(.text)
    __aeabi_errno_addr                       0x080005e1   Thumb Code     8  rt_errno_addr_intlibspace.o(.text)
    __errno$intlibspace                      0x080005e1   Thumb Code     0  rt_errno_addr_intlibspace.o(.text)
    __rt_errno_addr$intlibspace              0x080005e1   Thumb Code     0  rt_errno_addr_intlibspace.o(.text)
    __user_libspace                          0x080005e9   Thumb Code     8  libspace.o(.text)
    __user_perproc_libspace                  0x080005e9   Thumb Code     0  libspace.o(.text)
    __user_perthread_libspace                0x080005e9   Thumb Code     0  libspace.o(.text)
    __user_setup_stackheap                   0x080005f1   Thumb Code    74  sys_stackheap_outer.o(.text)
    exit                                     0x0800063b   Thumb Code    18  exit.o(.text)
    _sys_exit                                0x0800064d   Thumb Code     8  sys_exit.o(.text)
    __I$use$semihosting                      0x08000659   Thumb Code     0  use_no_semi.o(.text)
    __use_no_semihosting_swi                 0x08000659   Thumb Code     2  use_no_semi.o(.text)
    App_TCBInitHook                          0x0800065b   Thumb Code     2  myhook.o(i.App_TCBInitHook)
    __semihosting_library_function           0x0800065b   Thumb Code     0  indicate_semi.o(.text)
    App_TaskCreateHook                       0x0800065d   Thumb Code     2  myhook.o(i.App_TaskCreateHook)
    App_TaskDelHook                          0x0800065f   Thumb Code     2  myhook.o(i.App_TaskDelHook)
    App_TaskIdleHook                         0x08000661   Thumb Code     2  myhook.o(i.App_TaskIdleHook)
    App_TaskReturnHook                       0x08000663   Thumb Code     2  myhook.o(i.App_TaskReturnHook)
    App_TaskStatHook                         0x08000665   Thumb Code     2  myhook.o(i.App_TaskStatHook)
    App_TaskSwHook                           0x08000667   Thumb Code     2  myhook.o(i.App_TaskSwHook)
    App_TimeTickHook                         0x08000669   Thumb Code     2  myhook.o(i.App_TimeTickHook)
    BLE_Init                                 0x0800066d   Thumb Code   170  atkble01.o(i.BLE_Init)
    CalculateChecksums                       0x08000725   Thumb Code    38  usart.o(i.CalculateChecksums)
    Delay_ms                                 0x0800074b   Thumb Code    26  delay.o(i.Delay_ms)
    Delay_s                                  0x08000765   Thumb Code    26  delay.o(i.Delay_s)
    Delay_us                                 0x08000781   Thumb Code    68  delay.o(i.Delay_us)
    GPIO_Init                                0x080007cd   Thumb Code   144  stm32f4xx_gpio.o(i.GPIO_Init)
    GPIO_PinAFConfig                         0x0800085d   Thumb Code    70  stm32f4xx_gpio.o(i.GPIO_PinAFConfig)
    GPIO_ReadInputDataBit                    0x080008a3   Thumb Code    18  stm32f4xx_gpio.o(i.GPIO_ReadInputDataBit)
    GPIO_SetBits                             0x080008b5   Thumb Code     4  stm32f4xx_gpio.o(i.GPIO_SetBits)
    GPIO_WriteBit                            0x080008b9   Thumb Code    12  stm32f4xx_gpio.o(i.GPIO_WriteBit)
    GY86_GetData                             0x080008c5   Thumb Code   280  gy86.o(i.GY86_GetData)
    GY86_Init                                0x080009dd   Thumb Code    16  gy86.o(i.GY86_Init)
    GY86_ReadRegister                        0x080009ed   Thumb Code    66  gy86.o(i.GY86_ReadRegister)
    GY86_WriteRegister                       0x08000a2f   Thumb Code    48  gy86.o(i.GY86_WriteRegister)
    Getdata                                  0x08000a61   Thumb Code  2636  getdata.o(i.Getdata)
    HMC5883L_Init                            0x080014b9   Thumb Code    54  gy86.o(i.HMC5883L_Init)
    MPU6050_Init                             0x080014ef   Thumb Code    68  gy86.o(i.MPU6050_Init)
    MyIIC_Init                               0x08001535   Thumb Code    52  myiic.o(i.MyIIC_Init)
    MyIIC_R_SDA                              0x0800156d   Thumb Code    22  myiic.o(i.MyIIC_R_SDA)
    MyIIC_ReceiveACK                         0x08001589   Thumb Code    30  myiic.o(i.MyIIC_ReceiveACK)
    MyIIC_ReceiveByte                        0x080015a7   Thumb Code    52  myiic.o(i.MyIIC_ReceiveByte)
    MyIIC_SendACK                            0x080015db   Thumb Code    24  myiic.o(i.MyIIC_SendACK)
    MyIIC_SendByte                           0x080015f3   Thumb Code    42  myiic.o(i.MyIIC_SendByte)
    MyIIC_Start                              0x0800161d   Thumb Code    28  myiic.o(i.MyIIC_Start)
    MyIIC_Stop                               0x08001639   Thumb Code    22  myiic.o(i.MyIIC_Stop)
    MyIIC_W_SCL                              0x08001651   Thumb Code    24  myiic.o(i.MyIIC_W_SCL)
    MyIIC_W_SDA                              0x0800166d   Thumb Code    22  myiic.o(i.MyIIC_W_SDA)
    NVIC_Init                                0x08001689   Thumb Code   106  misc.o(i.NVIC_Init)
    OLED_Clear                               0x08001701   Thumb Code    42  oled.o(i.OLED_Clear)
    OLED_I2C_Init                            0x0800172d   Thumb Code    66  oled.o(i.OLED_I2C_Init)
    OLED_I2C_SendByte                        0x08001775   Thumb Code    60  oled.o(i.OLED_I2C_SendByte)
    OLED_I2C_Start                           0x080017b1   Thumb Code    34  oled.o(i.OLED_I2C_Start)
    OLED_I2C_Stop                            0x080017d3   Thumb Code    28  oled.o(i.OLED_I2C_Stop)
    OLED_Init                                0x080017ef   Thumb Code   174  oled.o(i.OLED_Init)
    OLED_SetCursor                           0x0800189d   Thumb Code    34  oled.o(i.OLED_SetCursor)
    OLED_W_SCL                               0x080018c1   Thumb Code    18  oled.o(i.OLED_W_SCL)
    OLED_W_SDA                               0x080018d9   Thumb Code    18  oled.o(i.OLED_W_SDA)
    OLED_WriteCommand                        0x080018f1   Thumb Code    32  oled.o(i.OLED_WriteCommand)
    OLED_WriteData                           0x08001911   Thumb Code    32  oled.o(i.OLED_WriteData)
    OSEventNameSet                           0x08001931   Thumb Code   122  os_core.o(i.OSEventNameSet)
    OSInit                                   0x080019b1   Thumb Code    52  os_core.o(i.OSInit)
    OSInitHookBegin                          0x080019e5   Thumb Code    68  os_cpu_c.o(i.OSInitHookBegin)
    OSInitHookEnd                            0x08001a41   Thumb Code     2  os_cpu_c.o(i.OSInitHookEnd)
    OSIntEnter                               0x08001a45   Thumb Code    34  os_core.o(i.OSIntEnter)
    OSIntExit                                0x08001a71   Thumb Code   144  os_core.o(i.OSIntExit)
    OSSchedLock                              0x08001b21   Thumb Code    60  os_core.o(i.OSSchedLock)
    OSSchedUnlock                            0x08001b69   Thumb Code   100  os_core.o(i.OSSchedUnlock)
    OSSemCreate                              0x08001bd9   Thumb Code    92  os_sem.o(i.OSSemCreate)
    OSSemPend                                0x08001c41   Thumb Code   324  os_sem.o(i.OSSemPend)
    OSSemPost                                0x08001d91   Thumb Code   160  os_sem.o(i.OSSemPost)
    OSStart                                  0x08001e31   Thumb Code    48  os_core.o(i.OSStart)
    OSTCBInitHook                            0x08001e79   Thumb Code    12  os_cpu_c.o(i.OSTCBInitHook)
    OSTaskCreate                             0x08001e85   Thumb Code   262  os_task.o(i.OSTaskCreate)
    OSTaskCreateExt                          0x08001f99   Thumb Code   282  os_task.o(i.OSTaskCreateExt)
    OSTaskCreateHook                         0x080020c1   Thumb Code    12  os_cpu_c.o(i.OSTaskCreateHook)
    OSTaskDel                                0x080020cd   Thumb Code   354  os_task.o(i.OSTaskDel)
    OSTaskDelHook                            0x0800225d   Thumb Code    12  os_cpu_c.o(i.OSTaskDelHook)
    OSTaskIdleHook                           0x08002269   Thumb Code     8  os_cpu_c.o(i.OSTaskIdleHook)
    OSTaskNameGet                            0x08002271   Thumb Code   158  os_task.o(i.OSTaskNameGet)
    OSTaskNameSet                            0x0800231d   Thumb Code   158  os_task.o(i.OSTaskNameSet)
    OSTaskReturnHook                         0x080023c9   Thumb Code    12  os_cpu_c.o(i.OSTaskReturnHook)
    OSTaskStatHook                           0x080023d5   Thumb Code     8  os_cpu_c.o(i.OSTaskStatHook)
    OSTaskStkChk                             0x080023dd   Thumb Code   168  os_task.o(i.OSTaskStkChk)
    OSTaskStkInit                            0x0800248d   Thumb Code   446  os_cpu_c.o(i.OSTaskStkInit)
    OSTaskSuspend                            0x080026b9   Thumb Code   196  os_task.o(i.OSTaskSuspend)
    OSTaskSwHook                             0x0800278d   Thumb Code    36  os_cpu_c.o(i.OSTaskSwHook)
    OSTimeDly                                0x080027b9   Thumb Code   118  os_time.o(i.OSTimeDly)
    OSTimeGet                                0x08002845   Thumb Code    34  os_time.o(i.OSTimeGet)
    OSTimeTick                               0x0800286d   Thumb Code   246  os_core.o(i.OSTimeTick)
    OSTimeTickHook                           0x0800297d   Thumb Code    34  os_cpu_c.o(i.OSTimeTickHook)
    OSTmrSignal                              0x080029a5   Thumb Code    16  os_tmr.o(i.OSTmrSignal)
    OSTmr_Init                               0x080029b9   Thumb Code   168  os_tmr.o(i.OSTmr_Init)
    OS_Dummy                                 0x08002c4d   Thumb Code     2  os_core.o(i.OS_Dummy)
    OS_EventTaskRdy                          0x08002c51   Thumb Code   138  os_core.o(i.OS_EventTaskRdy)
    OS_EventTaskRemove                       0x08002ced   Thumb Code    46  os_core.o(i.OS_EventTaskRemove)
    OS_EventTaskRemoveMulti                  0x08002d1b   Thumb Code    58  os_core.o(i.OS_EventTaskRemoveMulti)
    OS_EventTaskWait                         0x08002d55   Thumb Code   122  os_core.o(i.OS_EventTaskWait)
    OS_EventWaitListInit                     0x08002ddd   Thumb Code    28  os_core.o(i.OS_EventWaitListInit)
    OS_FlagInit                              0x08002df9   Thumb Code    74  os_flag.o(i.OS_FlagInit)
    OS_FlagUnlink                            0x08002e51   Thumb Code    36  os_flag.o(i.OS_FlagUnlink)
    OS_MemClr                                0x08003095   Thumb Code    18  os_core.o(i.OS_MemClr)
    OS_MemInit                               0x080030a9   Thumb Code    74  os_mem.o(i.OS_MemInit)
    OS_QInit                                 0x08003101   Thumb Code    72  os_q.o(i.OS_QInit)
    OS_Sched                                 0x08003151   Thumb Code    98  os_core.o(i.OS_Sched)
    OS_StrLen                                0x080031fd   Thumb Code    28  os_core.o(i.OS_StrLen)
    OS_TCBInit                               0x08003219   Thumb Code   336  os_core.o(i.OS_TCBInit)
    OS_TaskIdle                              0x08003385   Thumb Code    42  os_core.o(i.OS_TaskIdle)
    OS_TaskReturn                            0x080033b5   Thumb Code    18  os_task.o(i.OS_TaskReturn)
    OS_TaskStat                              0x080033cd   Thumb Code   218  os_core.o(i.OS_TaskStat)
    OS_TaskStatStkChk                        0x080034bd   Thumb Code    54  os_core.o(i.OS_TaskStatStkChk)
    OS_TaskStkClr                            0x080034f9   Thumb Code    26  os_task.o(i.OS_TaskStkClr)
    PPM_Init                                 0x08003515   Thumb Code   198  ppm.o(i.PPM_Init)
    PWM_Init                                 0x080035e1   Thumb Code   274  pwm.o(i.PWM_Init)
    PWM_SetCompareAll                        0x08003701   Thumb Code    38  pwm.o(i.PWM_SetCompareAll)
    RCC_AHB1PeriphClockCmd                   0x0800372d   Thumb Code    26  stm32f4xx_rcc.o(i.RCC_AHB1PeriphClockCmd)
    RCC_APB1PeriphClockCmd                   0x0800374d   Thumb Code    26  stm32f4xx_rcc.o(i.RCC_APB1PeriphClockCmd)
    RCC_APB2PeriphClockCmd                   0x0800376d   Thumb Code    26  stm32f4xx_rcc.o(i.RCC_APB2PeriphClockCmd)
    RCC_GetClocksFreq                        0x0800378d   Thumb Code   214  stm32f4xx_rcc.o(i.RCC_GetClocksFreq)
    SEGGER_RTT_AllocUpBuffer                 0x08003875   Thumb Code   194  segger_rtt.o(i.SEGGER_RTT_AllocUpBuffer)
    SEGGER_RTT_ConfigDownBuffer              0x0800393d   Thumb Code   114  segger_rtt.o(i.SEGGER_RTT_ConfigDownBuffer)
    SEGGER_RTT_ReadNoLock                    0x080039b5   Thumb Code   166  segger_rtt.o(i.SEGGER_RTT_ReadNoLock)
    SEGGER_RTT_WriteSkipNoLock               0x08003a61   Thumb Code   154  segger_rtt.o(i.SEGGER_RTT_WriteSkipNoLock)
    SEGGER_SYSVIEW_Conf                      0x08003b01   Thumb Code    24  segger_sysview_config_ucosii.o(i.SEGGER_SYSVIEW_Conf)
    SEGGER_SYSVIEW_GetSysDesc                0x08003b25   Thumb Code   180  segger_sysview.o(i.SEGGER_SYSVIEW_GetSysDesc)
    SEGGER_SYSVIEW_Init                      0x08003be1   Thumb Code    80  segger_sysview.o(i.SEGGER_SYSVIEW_Init)
    SEGGER_SYSVIEW_NameResource              0x08003c49   Thumb Code   104  segger_sysview.o(i.SEGGER_SYSVIEW_NameResource)
    SEGGER_SYSVIEW_OnIdle                    0x08003cb9   Thumb Code    48  segger_sysview.o(i.SEGGER_SYSVIEW_OnIdle)
    SEGGER_SYSVIEW_OnTaskCreate              0x08003ced   Thumb Code    90  segger_sysview.o(i.SEGGER_SYSVIEW_OnTaskCreate)
    SEGGER_SYSVIEW_OnTaskStartExec           0x08003d51   Thumb Code    90  segger_sysview.o(i.SEGGER_SYSVIEW_OnTaskStartExec)
    SEGGER_SYSVIEW_OnTaskStartReady          0x08003db5   Thumb Code    90  segger_sysview.o(i.SEGGER_SYSVIEW_OnTaskStartReady)
    SEGGER_SYSVIEW_OnTaskStopReady           0x08003e19   Thumb Code   122  segger_sysview.o(i.SEGGER_SYSVIEW_OnTaskStopReady)
    SEGGER_SYSVIEW_RecordEndCallU32          0x08003e9d   Thumb Code   116  segger_sysview.o(i.SEGGER_SYSVIEW_RecordEndCallU32)
    SEGGER_SYSVIEW_RecordEnterISR            0x08003f15   Thumb Code    90  segger_sysview.o(i.SEGGER_SYSVIEW_RecordEnterISR)
    SEGGER_SYSVIEW_RecordExitISR             0x08003f79   Thumb Code    48  segger_sysview.o(i.SEGGER_SYSVIEW_RecordExitISR)
    SEGGER_SYSVIEW_RecordExitISRToScheduler  0x08003fad   Thumb Code    48  segger_sysview.o(i.SEGGER_SYSVIEW_RecordExitISRToScheduler)
    SEGGER_SYSVIEW_RecordSystime             0x08003fe1   Thumb Code    52  segger_sysview.o(i.SEGGER_SYSVIEW_RecordSystime)
    SEGGER_SYSVIEW_RecordU32                 0x0800401d   Thumb Code    88  segger_sysview.o(i.SEGGER_SYSVIEW_RecordU32)
    SEGGER_SYSVIEW_RecordU32x2               0x08004079   Thumb Code   118  segger_sysview.o(i.SEGGER_SYSVIEW_RecordU32x2)
    SEGGER_SYSVIEW_RecordVoid                0x080040f5   Thumb Code    50  segger_sysview.o(i.SEGGER_SYSVIEW_RecordVoid)
    SEGGER_SYSVIEW_SendModule                0x0800412d   Thumb Code   172  segger_sysview.o(i.SEGGER_SYSVIEW_SendModule)
    SEGGER_SYSVIEW_SendModuleDescription     0x080041e1   Thumb Code    30  segger_sysview.o(i.SEGGER_SYSVIEW_SendModuleDescription)
    SEGGER_SYSVIEW_SendNumModules            0x08004205   Thumb Code    80  segger_sysview.o(i.SEGGER_SYSVIEW_SendNumModules)
    SEGGER_SYSVIEW_SendSysDesc               0x0800425d   Thumb Code    66  segger_sysview.o(i.SEGGER_SYSVIEW_SendSysDesc)
    SEGGER_SYSVIEW_SendTaskInfo              0x080042a5   Thumb Code   260  segger_sysview.o(i.SEGGER_SYSVIEW_SendTaskInfo)
    SEGGER_SYSVIEW_SendTaskList              0x080043b1   Thumb Code    26  segger_sysview.o(i.SEGGER_SYSVIEW_SendTaskList)
    SEGGER_SYSVIEW_SetRAMBase                0x080043d1   Thumb Code     6  segger_sysview.o(i.SEGGER_SYSVIEW_SetRAMBase)
    SEGGER_SYSVIEW_ShrinkId                  0x080043dd   Thumb Code    10  segger_sysview.o(i.SEGGER_SYSVIEW_ShrinkId)
    SEGGER_SYSVIEW_Start                     0x080043ed   Thumb Code   240  segger_sysview.o(i.SEGGER_SYSVIEW_Start)
    SEGGER_SYSVIEW_Stop                      0x080044e9   Thumb Code    60  segger_sysview.o(i.SEGGER_SYSVIEW_Stop)
    SEGGER_SYSVIEW_Warn                      0x0800452d   Thumb Code   122  segger_sysview.o(i.SEGGER_SYSVIEW_Warn)
    SYSVIEW_AddTask                          0x080045ad   Thumb Code   146  segger_sysview_ucosii.o(i.SYSVIEW_AddTask)
    SYSVIEW_RecordU32Register                0x08004651   Thumb Code   112  segger_sysview_ucosii.o(i.SYSVIEW_RecordU32Register)
    SYSVIEW_SendResourceList                 0x080046cd   Thumb Code    70  segger_sysview_ucosii.o(i.SYSVIEW_SendResourceList)
    SYSVIEW_SendTaskInfo                     0x0800471d   Thumb Code    50  segger_sysview_ucosii.o(i.SYSVIEW_SendTaskInfo)
    SYSVIEW_TaskReady                        0x08004751   Thumb Code    22  segger_sysview_ucosii.o(i.SYSVIEW_TaskReady)
    SYSVIEW_TaskSuspend                      0x0800476d   Thumb Code    24  segger_sysview_ucosii.o(i.SYSVIEW_TaskSuspend)
    SYSVIEW_TaskSwitchedIn                   0x08004789   Thumb Code    28  segger_sysview_ucosii.o(i.SYSVIEW_TaskSwitchedIn)
    SYSVIEW_UpdateResource                   0x080047a9   Thumb Code    84  segger_sysview_ucosii.o(i.SYSVIEW_UpdateResource)
    SYSVIEW_UpdateTask                       0x08004805   Thumb Code   144  segger_sysview_ucosii.o(i.SYSVIEW_UpdateTask)
    SysTick_Handler                          0x080048a1   Thumb Code    38  os_cpu_c.o(i.SysTick_Handler)
    TASK_ChangeMotor                         0x080048c9   Thumb Code    46  task.o(i.TASK_ChangeMotor)
    TASK_ShowGY86Data                        0x08004901   Thumb Code   250  task.o(i.TASK_ShowGY86Data)
    TIM2_IRQHandler                          0x08004b59   Thumb Code   132  task.o(i.TIM2_IRQHandler)
    TIM_ARRPreloadConfig                     0x08004be9   Thumb Code    24  stm32f4xx_tim.o(i.TIM_ARRPreloadConfig)
    TIM_ClearITPendingBit                    0x08004c01   Thumb Code     6  stm32f4xx_tim.o(i.TIM_ClearITPendingBit)
    TIM_Cmd                                  0x08004c07   Thumb Code    24  stm32f4xx_tim.o(i.TIM_Cmd)
    TIM_GetCapture1                          0x08004c1f   Thumb Code     6  stm32f4xx_tim.o(i.TIM_GetCapture1)
    TIM_GetITStatus                          0x08004c25   Thumb Code    34  stm32f4xx_tim.o(i.TIM_GetITStatus)
    TIM_ICInit                               0x08004c47   Thumb Code   110  stm32f4xx_tim.o(i.TIM_ICInit)
    TIM_ITConfig                             0x08004cb5   Thumb Code    18  stm32f4xx_tim.o(i.TIM_ITConfig)
    TIM_OC1Init                              0x08004cc9   Thumb Code   114  stm32f4xx_tim.o(i.TIM_OC1Init)
    TIM_OC1PreloadConfig                     0x08004d45   Thumb Code    18  stm32f4xx_tim.o(i.TIM_OC1PreloadConfig)
    TIM_OC2Init                              0x08004d59   Thumb Code   154  stm32f4xx_tim.o(i.TIM_OC2Init)
    TIM_OC2PreloadConfig                     0x08004dfd   Thumb Code    26  stm32f4xx_tim.o(i.TIM_OC2PreloadConfig)
    TIM_OC3Init                              0x08004e19   Thumb Code   150  stm32f4xx_tim.o(i.TIM_OC3Init)
    TIM_OC3PreloadConfig                     0x08004eb9   Thumb Code    18  stm32f4xx_tim.o(i.TIM_OC3PreloadConfig)
    TIM_OC4Init                              0x08004ecd   Thumb Code   112  stm32f4xx_tim.o(i.TIM_OC4Init)
    TIM_OC4PreloadConfig                     0x08004f45   Thumb Code    26  stm32f4xx_tim.o(i.TIM_OC4PreloadConfig)
    TIM_SelectInputTrigger                   0x08004f5f   Thumb Code    18  stm32f4xx_tim.o(i.TIM_SelectInputTrigger)
    TIM_SelectSlaveMode                      0x08004f71   Thumb Code    18  stm32f4xx_tim.o(i.TIM_SelectSlaveMode)
    TIM_SetCompare1                          0x08004f83   Thumb Code     4  stm32f4xx_tim.o(i.TIM_SetCompare1)
    TIM_SetCompare2                          0x08004f87   Thumb Code     4  stm32f4xx_tim.o(i.TIM_SetCompare2)
    TIM_SetCompare3                          0x08004f8b   Thumb Code     4  stm32f4xx_tim.o(i.TIM_SetCompare3)
    TIM_SetCompare4                          0x08004f8f   Thumb Code     4  stm32f4xx_tim.o(i.TIM_SetCompare4)
    TIM_SetIC1Prescaler                      0x08004f93   Thumb Code    18  stm32f4xx_tim.o(i.TIM_SetIC1Prescaler)
    TIM_SetIC2Prescaler                      0x08004fa5   Thumb Code    26  stm32f4xx_tim.o(i.TIM_SetIC2Prescaler)
    TIM_SetIC3Prescaler                      0x08004fbf   Thumb Code    18  stm32f4xx_tim.o(i.TIM_SetIC3Prescaler)
    TIM_SetIC4Prescaler                      0x08004fd1   Thumb Code    26  stm32f4xx_tim.o(i.TIM_SetIC4Prescaler)
    TIM_TimeBaseInit                         0x08004fed   Thumb Code   104  stm32f4xx_tim.o(i.TIM_TimeBaseInit)
    USART2_Init                              0x08005071   Thumb Code    96  usart.o(i.USART2_Init)
    USART2_SendArray                         0x080050dd   Thumb Code    26  usart.o(i.USART2_SendArray)
    USART2_SendChar                          0x080050f9   Thumb Code    24  usart.o(i.USART2_SendChar)
    USART_Cmd                                0x08005115   Thumb Code    24  stm32f4xx_usart.o(i.USART_Cmd)
    USART_Init                               0x0800512d   Thumb Code   204  stm32f4xx_usart.o(i.USART_Init)
    __hardfp_sqrt                            0x080055cd   Thumb Code   122  sqrt.o(i.__hardfp_sqrt)
    main                                     0x0800571d   Thumb Code   148  main.o(i.main)
    __aeabi_d2f                              0x080057e5   Thumb Code     0  d2f.o(x$fpl$d2f)
    _d2f                                     0x080057e5   Thumb Code    98  d2f.o(x$fpl$d2f)
    __aeabi_ddiv                             0x08005849   Thumb Code     0  ddiv.o(x$fpl$ddiv)
    _ddiv                                    0x08005849   Thumb Code   552  ddiv.o(x$fpl$ddiv)
    __aeabi_i2d                              0x08005af9   Thumb Code     0  dflt_clz.o(x$fpl$dflt)
    _dflt                                    0x08005af9   Thumb Code    46  dflt_clz.o(x$fpl$dflt)
    __aeabi_ui2d                             0x08005b27   Thumb Code     0  dflt_clz.o(x$fpl$dfltu)
    _dfltu                                   0x08005b27   Thumb Code    38  dflt_clz.o(x$fpl$dfltu)
    __aeabi_dmul                             0x08005b4d   Thumb Code     0  dmul.o(x$fpl$dmul)
    _dmul                                    0x08005b4d   Thumb Code   332  dmul.o(x$fpl$dmul)
    __fpl_dnaninf                            0x08005ca1   Thumb Code   156  dnaninf.o(x$fpl$dnaninf)
    __fpl_dretinf                            0x08005d3d   Thumb Code    12  dretinf.o(x$fpl$dretinf)
    _dsqrt                                   0x08005d49   Thumb Code   404  dsqrt_umaal.o(x$fpl$dsqrt)
    __aeabi_f2d                              0x08005ee1   Thumb Code     0  f2d.o(x$fpl$f2d)
    _f2d                                     0x08005ee1   Thumb Code    86  f2d.o(x$fpl$f2d)
    __fpl_fnaninf                            0x08005f37   Thumb Code   140  fnaninf.o(x$fpl$fnaninf)
    _fp_init                                 0x08005fc3   Thumb Code    10  fpinit.o(x$fpl$fpinit)
    __fplib_config_fpu_vfp                   0x08005fcb   Thumb Code     0  fpinit.o(x$fpl$fpinit)
    __fplib_config_pureend_doubles           0x08005fcb   Thumb Code     0  fpinit.o(x$fpl$fpinit)
    __fpl_fretinf                            0x08005fcd   Thumb Code    10  fretinf.o(x$fpl$fretinf)
    OSUnMapTbl                               0x08005fd6   Data         256  os_core.o(.constdata)
    __I$use$fp                               0x08005fd6   Number         0  usenofp.o(x$fpl$usenofp)
    SYSVIEW_X_OS_TraceAPI                    0x080060e4   Data           8  segger_sysview_ucosii.o(.constdata)
    Region$$Table$$Base                      0x080061cc   Number         0  anon$$obj.o(Region$$Table)
    Load$$RW_IRAM1$$Base                     0x080061ec   Number         0  anon$$obj.o ABSOLUTE
    Region$$Table$$Limit                     0x080061ec   Number         0  anon$$obj.o(Region$$Table)
    Image$$RW_IRAM1$$Base                    0x20000000   Number         0  anon$$obj.o ABSOLUTE
    OSCtxSwCtr                               0x20000000   Data           4  os_core.o(.data)
    OSEventFreeList                          0x20000004   Data           4  os_core.o(.data)
    OSFlagFreeList                           0x20000008   Data           4  os_core.o(.data)
    OSCPUUsage                               0x2000000c   Data           1  os_core.o(.data)
    OSIdleCtrMax                             0x20000010   Data           4  os_core.o(.data)
    OSIdleCtrRun                             0x20000014   Data           4  os_core.o(.data)
    OSStatRdy                                0x20000018   Data           1  os_core.o(.data)
    OSIntNesting                             0x20000019   Data           1  os_core.o(.data)
    OSLockNesting                            0x2000001a   Data           1  os_core.o(.data)
    OSPrioCur                                0x2000001b   Data           1  os_core.o(.data)
    OSPrioHighRdy                            0x2000001c   Data           1  os_core.o(.data)
    OSRdyGrp                                 0x2000001d   Data           1  os_core.o(.data)
    OSRdyTbl                                 0x2000001e   Data           8  os_core.o(.data)
    OSRunning                                0x20000026   Data           1  os_core.o(.data)
    OSTaskCtr                                0x20000027   Data           1  os_core.o(.data)
    OSIdleCtr                                0x20000028   Data           4  os_core.o(.data)
    OSTCBCur                                 0x2000002c   Data           4  os_core.o(.data)
    OSTCBFreeList                            0x20000030   Data           4  os_core.o(.data)
    OSTCBHighRdy                             0x20000034   Data           4  os_core.o(.data)
    OSTCBList                                0x20000038   Data           4  os_core.o(.data)
    OSTickStepState                          0x2000003c   Data           1  os_core.o(.data)
    OSMemFreeList                            0x20000040   Data           4  os_core.o(.data)
    OSQFreeList                              0x20000044   Data           4  os_core.o(.data)
    OSTaskRegNextAvailID                     0x20000048   Data           1  os_core.o(.data)
    OSTime                                   0x2000004c   Data           4  os_core.o(.data)
    OSTmrFree                                0x20000050   Data           2  os_core.o(.data)
    OSTmrUsed                                0x20000052   Data           2  os_core.o(.data)
    OSTmrTime                                0x20000054   Data           4  os_core.o(.data)
    OSTmrSem                                 0x20000058   Data           4  os_core.o(.data)
    OSTmrSemSignal                           0x2000005c   Data           4  os_core.o(.data)
    OSTmrFreeList                            0x20000060   Data           4  os_core.o(.data)
    OS_CPU_ExceptStkBase                     0x20000064   Data           4  os_cpu_c.o(.data)
    OS_KA_BASEPRI_Boundary                   0x2000006c   Data           4  os_cpu_c.o(.data)
    x                                        0x20000070   Data           2  task.o(.data)
    y                                        0x20000072   Data           2  task.o(.data)
    z                                        0x20000074   Data           2  task.o(.data)
    AX                                       0x20000076   Data           2  task.o(.data)
    AY                                       0x20000078   Data           2  task.o(.data)
    AZ                                       0x2000007a   Data           2  task.o(.data)
    GX                                       0x2000007c   Data           2  task.o(.data)
    GY                                       0x2000007e   Data           2  task.o(.data)
    GZ                                       0x20000080   Data           2  task.o(.data)
    Cal                                      0x20000082   Data           1  task.o(.data)
    quaternion_w                             0x20000084   Data           4  task.o(.data)
    quaternion_x                             0x20000088   Data           4  task.o(.data)
    quaternion_y                             0x2000008c   Data           4  task.o(.data)
    quaternion_z                             0x20000090   Data           4  task.o(.data)
    pname                                    0x20000094   Data           4  main.o(.data)
    err                                      0x20000098   Data           1  main.o(.data)
    PPM_Sem                                  0x2000009c   Data           4  main.o(.data)
    q                                        0x200000a0   Data          16  getdata.o(.data)
    t                                        0x200000b0   Data           4  getdata.o(.data)
    Beta                                     0x200000b4   Data           4  getdata.o(.data)
    SEGGER_SYSVIEW_TickCnt                   0x200000d0   Data           4  segger_sysview.o(.data)
    SEGGER_SYSVIEW_InterruptId               0x200000d4   Data           4  segger_sysview.o(.data)
    Image$$RW_IRAM1$$ZI$$Base                0x200000e8   Number         0  anon$$obj.o ABSOLUTE
    OSEventTbl                               0x200000e8   Data         240  os_core.o(.bss)
    OSFlagTbl                                0x200001d8   Data          80  os_core.o(.bss)
    OSTaskStatStk                            0x20000228   Data         512  os_core.o(.bss)
    OSTaskIdleStk                            0x20000428   Data         512  os_core.o(.bss)
    OSTCBPrioTbl                             0x20000628   Data         256  os_core.o(.bss)
    OSTCBTbl                                 0x20000728   Data        2024  os_core.o(.bss)
    OSMemTbl                                 0x20000f10   Data         120  os_core.o(.bss)
    OSQTbl                                   0x20000f88   Data          96  os_core.o(.bss)
    OSTmrTbl                                 0x20000fe8   Data         640  os_core.o(.bss)
    OSTmrTaskStk                             0x20001268   Data         512  os_core.o(.bss)
    OSTmrWheelTbl                            0x20001468   Data          56  os_core.o(.bss)
    OS_CPU_ExceptStk                         0x200014a0   Data        1024  os_cpu_c.o(.bss)
    Rc_Data                                  0x200018a0   Data          16  task.o(.bss)
    TASK_ShowGY86Datastk                     0x200018b0   Data         512  main.o(.bss)
    TASK_ChangeMotorstk                      0x20001ab0   Data         512  main.o(.bss)
    Clocks                                   0x20001cb0   Data          16  delay.o(.bss)
    _SEGGER_RTT                              0x20002540   Data         168  segger_rtt.o(.bss)
    __libspace_start                         0x20004704   Data          96  libspace.o(.bss)
    __temporary_stack_top$libspace           0x20004764   Data           0  libspace.o(.bss)



==============================================================================

Memory Map of the image

  Image Entry point : 0x08000195

  Load Region LR_IROM1 (Base: 0x08000000, Size: 0x000062d4, Max: 0x00080000, ABSOLUTE)

    Execution Region ER_IROM1 (Exec base: 0x08000000, Load base: 0x08000000, Size: 0x000061ec, Max: 0x00080000, ABSOLUTE)

    Exec Addr    Load Addr    Size         Type   Attr      Idx    E Section Name        Object

    0x08000000   0x08000000   0x00000194   Data   RO         1009    RESET               startup_stm32f401xx.o
    0x08000194   0x08000194   0x00000008   Code   RO         4144  * !!!main             c_w.l(__main.o)
    0x0800019c   0x0800019c   0x00000034   Code   RO         4568    !!!scatter          c_w.l(__scatter.o)
    0x080001d0   0x080001d0   0x0000001a   Code   RO         4570    !!handler_copy      c_w.l(__scatter_copy.o)
    0x080001ea   0x080001ea   0x00000002   PAD
    0x080001ec   0x080001ec   0x0000001c   Code   RO         4572    !!handler_zi        c_w.l(__scatter_zi.o)
    0x08000208   0x08000208   0x00000002   Code   RO         4432    .ARM.Collect$$libinit$$00000000  c_w.l(libinit.o)
    0x0800020a   0x0800020a   0x00000004   Code   RO         4444    .ARM.Collect$$libinit$$00000001  c_w.l(libinit2.o)
    0x0800020e   0x0800020e   0x00000000   Code   RO         4447    .ARM.Collect$$libinit$$00000004  c_w.l(libinit2.o)
    0x0800020e   0x0800020e   0x00000000   Code   RO         4450    .ARM.Collect$$libinit$$0000000A  c_w.l(libinit2.o)
    0x0800020e   0x0800020e   0x00000000   Code   RO         4452    .ARM.Collect$$libinit$$0000000C  c_w.l(libinit2.o)
    0x0800020e   0x0800020e   0x00000000   Code   RO         4454    .ARM.Collect$$libinit$$0000000E  c_w.l(libinit2.o)
    0x0800020e   0x0800020e   0x00000000   Code   RO         4457    .ARM.Collect$$libinit$$00000011  c_w.l(libinit2.o)
    0x0800020e   0x0800020e   0x00000000   Code   RO         4459    .ARM.Collect$$libinit$$00000013  c_w.l(libinit2.o)
    0x0800020e   0x0800020e   0x00000000   Code   RO         4461    .ARM.Collect$$libinit$$00000015  c_w.l(libinit2.o)
    0x0800020e   0x0800020e   0x00000000   Code   RO         4463    .ARM.Collect$$libinit$$00000017  c_w.l(libinit2.o)
    0x0800020e   0x0800020e   0x00000000   Code   RO         4465    .ARM.Collect$$libinit$$00000019  c_w.l(libinit2.o)
    0x0800020e   0x0800020e   0x00000000   Code   RO         4467    .ARM.Collect$$libinit$$0000001B  c_w.l(libinit2.o)
    0x0800020e   0x0800020e   0x00000000   Code   RO         4469    .ARM.Collect$$libinit$$0000001D  c_w.l(libinit2.o)
    0x0800020e   0x0800020e   0x00000000   Code   RO         4471    .ARM.Collect$$libinit$$0000001F  c_w.l(libinit2.o)
    0x0800020e   0x0800020e   0x00000000   Code   RO         4473    .ARM.Collect$$libinit$$00000021  c_w.l(libinit2.o)
    0x0800020e   0x0800020e   0x00000000   Code   RO         4475    .ARM.Collect$$libinit$$00000023  c_w.l(libinit2.o)
    0x0800020e   0x0800020e   0x00000000   Code   RO         4477    .ARM.Collect$$libinit$$00000025  c_w.l(libinit2.o)
    0x0800020e   0x0800020e   0x00000000   Code   RO         4481    .ARM.Collect$$libinit$$0000002C  c_w.l(libinit2.o)
    0x0800020e   0x0800020e   0x00000000   Code   RO         4483    .ARM.Collect$$libinit$$0000002E  c_w.l(libinit2.o)
    0x0800020e   0x0800020e   0x00000000   Code   RO         4485    .ARM.Collect$$libinit$$00000030  c_w.l(libinit2.o)
    0x0800020e   0x0800020e   0x00000000   Code   RO         4487    .ARM.Collect$$libinit$$00000032  c_w.l(libinit2.o)
    0x0800020e   0x0800020e   0x00000002   Code   RO         4488    .ARM.Collect$$libinit$$00000033  c_w.l(libinit2.o)
    0x08000210   0x08000210   0x00000002   Code   RO         4508    .ARM.Collect$$libshutdown$$00000000  c_w.l(libshutdown.o)
    0x08000212   0x08000212   0x00000000   Code   RO         4521    .ARM.Collect$$libshutdown$$00000002  c_w.l(libshutdown2.o)
    0x08000212   0x08000212   0x00000000   Code   RO         4523    .ARM.Collect$$libshutdown$$00000004  c_w.l(libshutdown2.o)
    0x08000212   0x08000212   0x00000000   Code   RO         4526    .ARM.Collect$$libshutdown$$00000007  c_w.l(libshutdown2.o)
    0x08000212   0x08000212   0x00000000   Code   RO         4529    .ARM.Collect$$libshutdown$$0000000A  c_w.l(libshutdown2.o)
    0x08000212   0x08000212   0x00000000   Code   RO         4531    .ARM.Collect$$libshutdown$$0000000C  c_w.l(libshutdown2.o)
    0x08000212   0x08000212   0x00000000   Code   RO         4534    .ARM.Collect$$libshutdown$$0000000F  c_w.l(libshutdown2.o)
    0x08000212   0x08000212   0x00000002   Code   RO         4535    .ARM.Collect$$libshutdown$$00000010  c_w.l(libshutdown2.o)
    0x08000214   0x08000214   0x00000000   Code   RO         4198    .ARM.Collect$$rtentry$$00000000  c_w.l(__rtentry.o)
    0x08000214   0x08000214   0x00000000   Code   RO         4344    .ARM.Collect$$rtentry$$00000002  c_w.l(__rtentry2.o)
    0x08000214   0x08000214   0x00000006   Code   RO         4356    .ARM.Collect$$rtentry$$00000004  c_w.l(__rtentry4.o)
    0x0800021a   0x0800021a   0x00000000   Code   RO         4346    .ARM.Collect$$rtentry$$00000009  c_w.l(__rtentry2.o)
    0x0800021a   0x0800021a   0x00000004   Code   RO         4347    .ARM.Collect$$rtentry$$0000000A  c_w.l(__rtentry2.o)
    0x0800021e   0x0800021e   0x00000000   Code   RO         4349    .ARM.Collect$$rtentry$$0000000C  c_w.l(__rtentry2.o)
    0x0800021e   0x0800021e   0x00000008   Code   RO         4350    .ARM.Collect$$rtentry$$0000000D  c_w.l(__rtentry2.o)
    0x08000226   0x08000226   0x00000002   Code   RO         4437    .ARM.Collect$$rtexit$$00000000  c_w.l(rtexit.o)
    0x08000228   0x08000228   0x00000000   Code   RO         4490    .ARM.Collect$$rtexit$$00000002  c_w.l(rtexit2.o)
    0x08000228   0x08000228   0x00000004   Code   RO         4491    .ARM.Collect$$rtexit$$00000003  c_w.l(rtexit2.o)
    0x0800022c   0x0800022c   0x00000006   Code   RO         4492    .ARM.Collect$$rtexit$$00000004  c_w.l(rtexit2.o)
    0x08000232   0x08000232   0x00000002   PAD
    0x08000234   0x08000234   0x000001d4   Code   RO          946    .text               os_cpu_a.o
    0x08000408   0x08000408   0x00000048   Code   RO         1010    .text               startup_stm32f401xx.o
    0x08000450   0x08000450   0x00000038   Code   RO         1287    .text               myscratterload.o
    0x08000488   0x08000488   0x0000008a   Code   RO         4138    .text               c_w.l(rt_memcpy_v6.o)
    0x08000512   0x08000512   0x0000004e   Code   RO         4140    .text               c_w.l(rt_memclr_w.o)
    0x08000560   0x08000560   0x00000006   Code   RO         4142    .text               c_w.l(heapauxi.o)
    0x08000566   0x08000566   0x00000016   Code   RO         4199    .text               c_w.l(_rserrno.o)
    0x0800057c   0x0800057c   0x00000064   Code   RO         4292    .text               c_w.l(rt_memcpy_w.o)
    0x080005e0   0x080005e0   0x00000008   Code   RO         4361    .text               c_w.l(rt_errno_addr_intlibspace.o)
    0x080005e8   0x080005e8   0x00000008   Code   RO         4383    .text               c_w.l(libspace.o)
    0x080005f0   0x080005f0   0x0000004a   Code   RO         4386    .text               c_w.l(sys_stackheap_outer.o)
    0x0800063a   0x0800063a   0x00000012   Code   RO         4425    .text               c_w.l(exit.o)
    0x0800064c   0x0800064c   0x0000000c   Code   RO         4500    .text               c_w.l(sys_exit.o)
    0x08000658   0x08000658   0x00000002   Code   RO         4511    .text               c_w.l(use_no_semi.o)
    0x0800065a   0x0800065a   0x00000000   Code   RO         4513    .text               c_w.l(indicate_semi.o)
    0x0800065a   0x0800065a   0x00000002   Code   RO          950    i.App_TCBInitHook   myhook.o
    0x0800065c   0x0800065c   0x00000002   Code   RO          951    i.App_TaskCreateHook  myhook.o
    0x0800065e   0x0800065e   0x00000002   Code   RO          952    i.App_TaskDelHook   myhook.o
    0x08000660   0x08000660   0x00000002   Code   RO          953    i.App_TaskIdleHook  myhook.o
    0x08000662   0x08000662   0x00000002   Code   RO          954    i.App_TaskReturnHook  myhook.o
    0x08000664   0x08000664   0x00000002   Code   RO          955    i.App_TaskStatHook  myhook.o
    0x08000666   0x08000666   0x00000002   Code   RO          956    i.App_TaskSwHook    myhook.o
    0x08000668   0x08000668   0x00000002   Code   RO          957    i.App_TimeTickHook  myhook.o
    0x0800066a   0x0800066a   0x00000002   PAD
    0x0800066c   0x0800066c   0x000000b8   Code   RO         1367    i.BLE_Init          atkble01.o
    0x08000724   0x08000724   0x00000026   Code   RO         1315    i.CalculateChecksums  usart.o
    0x0800074a   0x0800074a   0x0000001a   Code   RO         1207    i.Delay_ms          delay.o
    0x08000764   0x08000764   0x0000001a   Code   RO         1208    i.Delay_s           delay.o
    0x0800077e   0x0800077e   0x00000002   PAD
    0x08000780   0x08000780   0x0000004c   Code   RO         1209    i.Delay_us          delay.o
    0x080007cc   0x080007cc   0x00000090   Code   RO         2007    i.GPIO_Init         stm32f4xx_gpio.o
    0x0800085c   0x0800085c   0x00000046   Code   RO         2008    i.GPIO_PinAFConfig  stm32f4xx_gpio.o
    0x080008a2   0x080008a2   0x00000012   Code   RO         2011    i.GPIO_ReadInputDataBit  stm32f4xx_gpio.o
    0x080008b4   0x080008b4   0x00000004   Code   RO         2015    i.GPIO_SetBits      stm32f4xx_gpio.o
    0x080008b8   0x080008b8   0x0000000c   Code   RO         2019    i.GPIO_WriteBit     stm32f4xx_gpio.o
    0x080008c4   0x080008c4   0x00000118   Code   RO         1436    i.GY86_GetData      gy86.o
    0x080009dc   0x080009dc   0x00000010   Code   RO         1437    i.GY86_Init         gy86.o
    0x080009ec   0x080009ec   0x00000042   Code   RO         1438    i.GY86_ReadRegister  gy86.o
    0x08000a2e   0x08000a2e   0x00000030   Code   RO         1439    i.GY86_WriteRegister  gy86.o
    0x08000a5e   0x08000a5e   0x00000002   PAD
    0x08000a60   0x08000a60   0x00000a58   Code   RO         1246    i.Getdata           getdata.o
    0x080014b8   0x080014b8   0x00000036   Code   RO         1440    i.HMC5883L_Init     gy86.o
    0x080014ee   0x080014ee   0x00000044   Code   RO         1441    i.MPU6050_Init      gy86.o
    0x08001532   0x08001532   0x00000002   PAD
    0x08001534   0x08001534   0x00000038   Code   RO         1493    i.MyIIC_Init        myiic.o
    0x0800156c   0x0800156c   0x0000001c   Code   RO         1495    i.MyIIC_R_SDA       myiic.o
    0x08001588   0x08001588   0x0000001e   Code   RO         1496    i.MyIIC_ReceiveACK  myiic.o
    0x080015a6   0x080015a6   0x00000034   Code   RO         1497    i.MyIIC_ReceiveByte  myiic.o
    0x080015da   0x080015da   0x00000018   Code   RO         1498    i.MyIIC_SendACK     myiic.o
    0x080015f2   0x080015f2   0x0000002a   Code   RO         1499    i.MyIIC_SendByte    myiic.o
    0x0800161c   0x0800161c   0x0000001c   Code   RO         1500    i.MyIIC_Start       myiic.o
    0x08001638   0x08001638   0x00000016   Code   RO         1501    i.MyIIC_Stop        myiic.o
    0x0800164e   0x0800164e   0x00000002   PAD
    0x08001650   0x08001650   0x0000001c   Code   RO         1502    i.MyIIC_W_SCL       myiic.o
    0x0800166c   0x0800166c   0x0000001c   Code   RO         1503    i.MyIIC_W_SDA       myiic.o
    0x08001688   0x08001688   0x00000078   Code   RO         1766    i.NVIC_Init         misc.o
    0x08001700   0x08001700   0x0000002a   Code   RO         1580    i.OLED_Clear        oled.o
    0x0800172a   0x0800172a   0x00000002   PAD
    0x0800172c   0x0800172c   0x00000048   Code   RO         1581    i.OLED_I2C_Init     oled.o
    0x08001774   0x08001774   0x0000003c   Code   RO         1582    i.OLED_I2C_SendByte  oled.o
    0x080017b0   0x080017b0   0x00000022   Code   RO         1583    i.OLED_I2C_Start    oled.o
    0x080017d2   0x080017d2   0x0000001c   Code   RO         1584    i.OLED_I2C_Stop     oled.o
    0x080017ee   0x080017ee   0x000000ae   Code   RO         1585    i.OLED_Init         oled.o
    0x0800189c   0x0800189c   0x00000022   Code   RO         1587    i.OLED_SetCursor    oled.o
    0x080018be   0x080018be   0x00000002   PAD
    0x080018c0   0x080018c0   0x00000018   Code   RO         1594    i.OLED_W_SCL        oled.o
    0x080018d8   0x080018d8   0x00000018   Code   RO         1595    i.OLED_W_SDA        oled.o
    0x080018f0   0x080018f0   0x00000020   Code   RO         1596    i.OLED_WriteCommand  oled.o
    0x08001910   0x08001910   0x00000020   Code   RO         1597    i.OLED_WriteData    oled.o
    0x08001930   0x08001930   0x00000080   Code   RO            2    i.OSEventNameSet    os_core.o
    0x080019b0   0x080019b0   0x00000034   Code   RO            4    i.OSInit            os_core.o
    0x080019e4   0x080019e4   0x0000005c   Code   RO          857    i.OSInitHookBegin   os_cpu_c.o
    0x08001a40   0x08001a40   0x00000002   Code   RO          858    i.OSInitHookEnd     os_cpu_c.o
    0x08001a42   0x08001a42   0x00000002   PAD
    0x08001a44   0x08001a44   0x0000002c   Code   RO            5    i.OSIntEnter        os_core.o
    0x08001a70   0x08001a70   0x000000b0   Code   RO            6    i.OSIntExit         os_core.o
    0x08001b20   0x08001b20   0x00000048   Code   RO            7    i.OSSchedLock       os_core.o
    0x08001b68   0x08001b68   0x00000070   Code   RO            8    i.OSSchedUnlock     os_core.o
    0x08001bd8   0x08001bd8   0x00000068   Code   RO          576    i.OSSemCreate       os_sem.o
    0x08001c40   0x08001c40   0x00000150   Code   RO          578    i.OSSemPend         os_sem.o
    0x08001d90   0x08001d90   0x000000a0   Code   RO          580    i.OSSemPost         os_sem.o
    0x08001e30   0x08001e30   0x00000048   Code   RO            9    i.OSStart           os_core.o
    0x08001e78   0x08001e78   0x0000000c   Code   RO          859    i.OSTCBInitHook     os_cpu_c.o
    0x08001e84   0x08001e84   0x00000114   Code   RO          630    i.OSTaskCreate      os_task.o
    0x08001f98   0x08001f98   0x00000128   Code   RO          631    i.OSTaskCreateExt   os_task.o
    0x080020c0   0x080020c0   0x0000000c   Code   RO          860    i.OSTaskCreateHook  os_cpu_c.o
    0x080020cc   0x080020cc   0x00000190   Code   RO          632    i.OSTaskDel         os_task.o
    0x0800225c   0x0800225c   0x0000000c   Code   RO          861    i.OSTaskDelHook     os_cpu_c.o
    0x08002268   0x08002268   0x00000008   Code   RO          862    i.OSTaskIdleHook    os_cpu_c.o
    0x08002270   0x08002270   0x000000ac   Code   RO          634    i.OSTaskNameGet     os_task.o
    0x0800231c   0x0800231c   0x000000ac   Code   RO          635    i.OSTaskNameSet     os_task.o
    0x080023c8   0x080023c8   0x0000000c   Code   RO          863    i.OSTaskReturnHook  os_cpu_c.o
    0x080023d4   0x080023d4   0x00000008   Code   RO          864    i.OSTaskStatHook    os_cpu_c.o
    0x080023dc   0x080023dc   0x000000b0   Code   RO          641    i.OSTaskStkChk      os_task.o
    0x0800248c   0x0800248c   0x0000022c   Code   RO          865    i.OSTaskStkInit     os_cpu_c.o
    0x080026b8   0x080026b8   0x000000d4   Code   RO          642    i.OSTaskSuspend     os_task.o
    0x0800278c   0x0800278c   0x0000002c   Code   RO          866    i.OSTaskSwHook      os_cpu_c.o
    0x080027b8   0x080027b8   0x0000008c   Code   RO          731    i.OSTimeDly         os_time.o
    0x08002844   0x08002844   0x00000028   Code   RO          734    i.OSTimeGet         os_time.o
    0x0800286c   0x0800286c   0x00000110   Code   RO           11    i.OSTimeTick        os_core.o
    0x0800297c   0x0800297c   0x00000028   Code   RO          867    i.OSTimeTickHook    os_cpu_c.o
    0x080029a4   0x080029a4   0x00000014   Code   RO          771    i.OSTmrSignal       os_tmr.o
    0x080029b8   0x080029b8   0x000000f4   Code   RO          777    i.OSTmr_Init        os_tmr.o
    0x08002aac   0x08002aac   0x00000050   Code   RO          778    i.OSTmr_InitTask    os_tmr.o
    0x08002afc   0x08002afc   0x00000074   Code   RO          779    i.OSTmr_Link        os_tmr.o
    0x08002b70   0x08002b70   0x00000094   Code   RO          780    i.OSTmr_Task        os_tmr.o
    0x08002c04   0x08002c04   0x00000048   Code   RO          781    i.OSTmr_Unlink      os_tmr.o
    0x08002c4c   0x08002c4c   0x00000002   Code   RO           13    i.OS_Dummy          os_core.o
    0x08002c4e   0x08002c4e   0x00000002   PAD
    0x08002c50   0x08002c50   0x0000009c   Code   RO           14    i.OS_EventTaskRdy   os_core.o
    0x08002cec   0x08002cec   0x0000002e   Code   RO           15    i.OS_EventTaskRemove  os_core.o
    0x08002d1a   0x08002d1a   0x0000003a   Code   RO           16    i.OS_EventTaskRemoveMulti  os_core.o
    0x08002d54   0x08002d54   0x00000088   Code   RO           17    i.OS_EventTaskWait  os_core.o
    0x08002ddc   0x08002ddc   0x0000001c   Code   RO           19    i.OS_EventWaitListInit  os_core.o
    0x08002df8   0x08002df8   0x00000058   Code   RO          282    i.OS_FlagInit       os_flag.o
    0x08002e50   0x08002e50   0x00000024   Code   RO          284    i.OS_FlagUnlink     os_flag.o
    0x08002e74   0x08002e74   0x00000060   Code   RO           20    i.OS_InitEventList  os_core.o
    0x08002ed4   0x08002ed4   0x0000005c   Code   RO           21    i.OS_InitMisc       os_core.o
    0x08002f30   0x08002f30   0x00000044   Code   RO           22    i.OS_InitRdyList    os_core.o
    0x08002f74   0x08002f74   0x00000080   Code   RO           23    i.OS_InitTCBList    os_core.o
    0x08002ff4   0x08002ff4   0x00000050   Code   RO           24    i.OS_InitTaskIdle   os_core.o
    0x08003044   0x08003044   0x00000050   Code   RO           25    i.OS_InitTaskStat   os_core.o
    0x08003094   0x08003094   0x00000012   Code   RO           26    i.OS_MemClr         os_core.o
    0x080030a6   0x080030a6   0x00000002   PAD
    0x080030a8   0x080030a8   0x00000058   Code   RO          414    i.OS_MemInit        os_mem.o
    0x08003100   0x08003100   0x00000050   Code   RO          513    i.OS_QInit          os_q.o
    0x08003150   0x08003150   0x00000080   Code   RO           28    i.OS_Sched          os_core.o
    0x080031d0   0x080031d0   0x0000002c   Code   RO           29    i.OS_SchedNew       os_core.o
    0x080031fc   0x080031fc   0x0000001c   Code   RO           30    i.OS_StrLen         os_core.o
    0x08003218   0x08003218   0x0000016c   Code   RO           31    i.OS_TCBInit        os_core.o
    0x08003384   0x08003384   0x00000030   Code   RO           32    i.OS_TaskIdle       os_core.o
    0x080033b4   0x080033b4   0x00000018   Code   RO          643    i.OS_TaskReturn     os_task.o
    0x080033cc   0x080033cc   0x000000f0   Code   RO           33    i.OS_TaskStat       os_core.o
    0x080034bc   0x080034bc   0x0000003c   Code   RO           34    i.OS_TaskStatStkChk  os_core.o
    0x080034f8   0x080034f8   0x0000001a   Code   RO          644    i.OS_TaskStkClr     os_task.o
    0x08003512   0x08003512   0x00000002   PAD
    0x08003514   0x08003514   0x000000cc   Code   RO         1712    i.PPM_Init          ppm.o
    0x080035e0   0x080035e0   0x00000120   Code   RO         1736    i.PWM_Init          pwm.o
    0x08003700   0x08003700   0x0000002c   Code   RO         1737    i.PWM_SetCompareAll  pwm.o
    0x0800372c   0x0800372c   0x00000020   Code   RO         2108    i.RCC_AHB1PeriphClockCmd  stm32f4xx_rcc.o
    0x0800374c   0x0800374c   0x00000020   Code   RO         2114    i.RCC_APB1PeriphClockCmd  stm32f4xx_rcc.o
    0x0800376c   0x0800376c   0x00000020   Code   RO         2117    i.RCC_APB2PeriphClockCmd  stm32f4xx_rcc.o
    0x0800378c   0x0800378c   0x000000e8   Code   RO         2126    i.RCC_GetClocksFreq  stm32f4xx_rcc.o
    0x08003874   0x08003874   0x000000c8   Code   RO         3317    i.SEGGER_RTT_AllocUpBuffer  segger_rtt.o
    0x0800393c   0x0800393c   0x00000078   Code   RO         3318    i.SEGGER_RTT_ConfigDownBuffer  segger_rtt.o
    0x080039b4   0x080039b4   0x000000ac   Code   RO         3331    i.SEGGER_RTT_ReadNoLock  segger_rtt.o
    0x08003a60   0x08003a60   0x000000a0   Code   RO         3345    i.SEGGER_RTT_WriteSkipNoLock  segger_rtt.o
    0x08003b00   0x08003b00   0x00000024   Code   RO         3207    i.SEGGER_SYSVIEW_Conf  segger_sysview_config_ucosii.o
    0x08003b24   0x08003b24   0x000000bc   Code   RO         3563    i.SEGGER_SYSVIEW_GetSysDesc  segger_sysview.o
    0x08003be0   0x08003be0   0x00000068   Code   RO         3568    i.SEGGER_SYSVIEW_Init  segger_sysview.o
    0x08003c48   0x08003c48   0x00000070   Code   RO         3574    i.SEGGER_SYSVIEW_NameResource  segger_sysview.o
    0x08003cb8   0x08003cb8   0x00000034   Code   RO         3575    i.SEGGER_SYSVIEW_OnIdle  segger_sysview.o
    0x08003cec   0x08003cec   0x00000064   Code   RO         3576    i.SEGGER_SYSVIEW_OnTaskCreate  segger_sysview.o
    0x08003d50   0x08003d50   0x00000064   Code   RO         3577    i.SEGGER_SYSVIEW_OnTaskStartExec  segger_sysview.o
    0x08003db4   0x08003db4   0x00000064   Code   RO         3578    i.SEGGER_SYSVIEW_OnTaskStartReady  segger_sysview.o
    0x08003e18   0x08003e18   0x00000084   Code   RO         3580    i.SEGGER_SYSVIEW_OnTaskStopReady  segger_sysview.o
    0x08003e9c   0x08003e9c   0x00000078   Code   RO         3588    i.SEGGER_SYSVIEW_RecordEndCallU32  segger_sysview.o
    0x08003f14   0x08003f14   0x00000064   Code   RO         3589    i.SEGGER_SYSVIEW_RecordEnterISR  segger_sysview.o
    0x08003f78   0x08003f78   0x00000034   Code   RO         3591    i.SEGGER_SYSVIEW_RecordExitISR  segger_sysview.o
    0x08003fac   0x08003fac   0x00000034   Code   RO         3592    i.SEGGER_SYSVIEW_RecordExitISRToScheduler  segger_sysview.o
    0x08003fe0   0x08003fe0   0x0000003c   Code   RO         3596    i.SEGGER_SYSVIEW_RecordSystime  segger_sysview.o
    0x0800401c   0x0800401c   0x0000005c   Code   RO         3597    i.SEGGER_SYSVIEW_RecordU32  segger_sysview.o
    0x08004078   0x08004078   0x0000007c   Code   RO         3599    i.SEGGER_SYSVIEW_RecordU32x2  segger_sysview.o
    0x080040f4   0x080040f4   0x00000038   Code   RO         3607    i.SEGGER_SYSVIEW_RecordVoid  segger_sysview.o
    0x0800412c   0x0800412c   0x000000b4   Code   RO         3611    i.SEGGER_SYSVIEW_SendModule  segger_sysview.o
    0x080041e0   0x080041e0   0x00000024   Code   RO         3612    i.SEGGER_SYSVIEW_SendModuleDescription  segger_sysview.o
    0x08004204   0x08004204   0x00000058   Code   RO         3613    i.SEGGER_SYSVIEW_SendNumModules  segger_sysview.o
    0x0800425c   0x0800425c   0x00000048   Code   RO         3616    i.SEGGER_SYSVIEW_SendSysDesc  segger_sysview.o
    0x080042a4   0x080042a4   0x0000010c   Code   RO         3617    i.SEGGER_SYSVIEW_SendTaskInfo  segger_sysview.o
    0x080043b0   0x080043b0   0x00000020   Code   RO         3618    i.SEGGER_SYSVIEW_SendTaskList  segger_sysview.o
    0x080043d0   0x080043d0   0x0000000c   Code   RO         3619    i.SEGGER_SYSVIEW_SetRAMBase  segger_sysview.o
    0x080043dc   0x080043dc   0x00000010   Code   RO         3620    i.SEGGER_SYSVIEW_ShrinkId  segger_sysview.o
    0x080043ec   0x080043ec   0x000000fc   Code   RO         3621    i.SEGGER_SYSVIEW_Start  segger_sysview.o
    0x080044e8   0x080044e8   0x00000044   Code   RO         3622    i.SEGGER_SYSVIEW_Stop  segger_sysview.o
    0x0800452c   0x0800452c   0x00000080   Code   RO         3631    i.SEGGER_SYSVIEW_Warn  segger_sysview.o
    0x080045ac   0x080045ac   0x000000a4   Code   RO         3225    i.SYSVIEW_AddTask   segger_sysview_ucosii.o
    0x08004650   0x08004650   0x0000007c   Code   RO         3226    i.SYSVIEW_RecordU32Register  segger_sysview_ucosii.o
    0x080046cc   0x080046cc   0x00000050   Code   RO         3229    i.SYSVIEW_SendResourceList  segger_sysview_ucosii.o
    0x0800471c   0x0800471c   0x00000032   Code   RO         3230    i.SYSVIEW_SendTaskInfo  segger_sysview_ucosii.o
    0x0800474e   0x0800474e   0x00000002   PAD
    0x08004750   0x08004750   0x0000001c   Code   RO         3231    i.SYSVIEW_TaskReady  segger_sysview_ucosii.o
    0x0800476c   0x0800476c   0x0000001c   Code   RO         3232    i.SYSVIEW_TaskSuspend  segger_sysview_ucosii.o
    0x08004788   0x08004788   0x00000020   Code   RO         3233    i.SYSVIEW_TaskSwitchedIn  segger_sysview_ucosii.o
    0x080047a8   0x080047a8   0x0000005c   Code   RO         3234    i.SYSVIEW_UpdateResource  segger_sysview_ucosii.o
    0x08004804   0x08004804   0x0000009c   Code   RO         3235    i.SYSVIEW_UpdateTask  segger_sysview_ucosii.o
    0x080048a0   0x080048a0   0x00000026   Code   RO          868    i.SysTick_Handler   os_cpu_c.o
    0x080048c6   0x080048c6   0x00000002   PAD
    0x080048c8   0x080048c8   0x00000038   Code   RO         1017    i.TASK_ChangeMotor  task.o
    0x08004900   0x08004900   0x00000134   Code   RO         1018    i.TASK_ShowGY86Data  task.o
    0x08004a34   0x08004a34   0x0000003a   Code   RO         2644    i.TI1_Config        stm32f4xx_tim.o
    0x08004a6e   0x08004a6e   0x00000050   Code   RO         2645    i.TI2_Config        stm32f4xx_tim.o
    0x08004abe   0x08004abe   0x00000048   Code   RO         2646    i.TI3_Config        stm32f4xx_tim.o
    0x08004b06   0x08004b06   0x00000050   Code   RO         2647    i.TI4_Config        stm32f4xx_tim.o
    0x08004b56   0x08004b56   0x00000002   PAD
    0x08004b58   0x08004b58   0x00000090   Code   RO         1019    i.TIM2_IRQHandler   task.o
    0x08004be8   0x08004be8   0x00000018   Code   RO         2648    i.TIM_ARRPreloadConfig  stm32f4xx_tim.o
    0x08004c00   0x08004c00   0x00000006   Code   RO         2655    i.TIM_ClearITPendingBit  stm32f4xx_tim.o
    0x08004c06   0x08004c06   0x00000018   Code   RO         2660    i.TIM_Cmd           stm32f4xx_tim.o
    0x08004c1e   0x08004c1e   0x00000006   Code   RO         2675    i.TIM_GetCapture1   stm32f4xx_tim.o
    0x08004c24   0x08004c24   0x00000022   Code   RO         2681    i.TIM_GetITStatus   stm32f4xx_tim.o
    0x08004c46   0x08004c46   0x0000006e   Code   RO         2683    i.TIM_ICInit        stm32f4xx_tim.o
    0x08004cb4   0x08004cb4   0x00000012   Code   RO         2685    i.TIM_ITConfig      stm32f4xx_tim.o
    0x08004cc6   0x08004cc6   0x00000002   PAD
    0x08004cc8   0x08004cc8   0x0000007c   Code   RO         2689    i.TIM_OC1Init       stm32f4xx_tim.o
    0x08004d44   0x08004d44   0x00000012   Code   RO         2692    i.TIM_OC1PreloadConfig  stm32f4xx_tim.o
    0x08004d56   0x08004d56   0x00000002   PAD
    0x08004d58   0x08004d58   0x000000a4   Code   RO         2694    i.TIM_OC2Init       stm32f4xx_tim.o
    0x08004dfc   0x08004dfc   0x0000001a   Code   RO         2697    i.TIM_OC2PreloadConfig  stm32f4xx_tim.o
    0x08004e16   0x08004e16   0x00000002   PAD
    0x08004e18   0x08004e18   0x000000a0   Code   RO         2699    i.TIM_OC3Init       stm32f4xx_tim.o
    0x08004eb8   0x08004eb8   0x00000012   Code   RO         2702    i.TIM_OC3PreloadConfig  stm32f4xx_tim.o
    0x08004eca   0x08004eca   0x00000002   PAD
    0x08004ecc   0x08004ecc   0x00000078   Code   RO         2704    i.TIM_OC4Init       stm32f4xx_tim.o
    0x08004f44   0x08004f44   0x0000001a   Code   RO         2706    i.TIM_OC4PreloadConfig  stm32f4xx_tim.o
    0x08004f5e   0x08004f5e   0x00000012   Code   RO         2714    i.TIM_SelectInputTrigger  stm32f4xx_tim.o
    0x08004f70   0x08004f70   0x00000012   Code   RO         2719    i.TIM_SelectSlaveMode  stm32f4xx_tim.o
    0x08004f82   0x08004f82   0x00000004   Code   RO         2722    i.TIM_SetCompare1   stm32f4xx_tim.o
    0x08004f86   0x08004f86   0x00000004   Code   RO         2723    i.TIM_SetCompare2   stm32f4xx_tim.o
    0x08004f8a   0x08004f8a   0x00000004   Code   RO         2724    i.TIM_SetCompare3   stm32f4xx_tim.o
    0x08004f8e   0x08004f8e   0x00000004   Code   RO         2725    i.TIM_SetCompare4   stm32f4xx_tim.o
    0x08004f92   0x08004f92   0x00000012   Code   RO         2727    i.TIM_SetIC1Prescaler  stm32f4xx_tim.o
    0x08004fa4   0x08004fa4   0x0000001a   Code   RO         2728    i.TIM_SetIC2Prescaler  stm32f4xx_tim.o
    0x08004fbe   0x08004fbe   0x00000012   Code   RO         2729    i.TIM_SetIC3Prescaler  stm32f4xx_tim.o
    0x08004fd0   0x08004fd0   0x0000001a   Code   RO         2730    i.TIM_SetIC4Prescaler  stm32f4xx_tim.o
    0x08004fea   0x08004fea   0x00000002   PAD
    0x08004fec   0x08004fec   0x00000084   Code   RO         2732    i.TIM_TimeBaseInit  stm32f4xx_tim.o
    0x08005070   0x08005070   0x0000006c   Code   RO         1316    i.USART2_Init       usart.o
    0x080050dc   0x080050dc   0x0000001a   Code   RO         1317    i.USART2_SendArray  usart.o
    0x080050f6   0x080050f6   0x00000002   PAD
    0x080050f8   0x080050f8   0x0000001c   Code   RO         1318    i.USART2_SendChar   usart.o
    0x08005114   0x08005114   0x00000018   Code   RO         1818    i.USART_Cmd         stm32f4xx_usart.o
    0x0800512c   0x0800512c   0x000000d4   Code   RO         1825    i.USART_Init        stm32f4xx_usart.o
    0x08005200   0x08005200   0x00000070   Code   RO         3348    i._DoInit           segger_rtt.o
    0x08005270   0x08005270   0x00000036   Code   RO         3636    i._EncodeStr        segger_sysview.o
    0x080052a6   0x080052a6   0x00000002   PAD
    0x080052a8   0x080052a8   0x000000a8   Code   RO         3637    i._HandleIncomingPacket  segger_sysview.o
    0x08005350   0x08005350   0x00000006   Code   RO         3638    i._PreparePacket    segger_sysview.o
    0x08005356   0x08005356   0x00000002   PAD
    0x08005358   0x08005358   0x000001e8   Code   RO         3641    i._SendPacket       segger_sysview.o
    0x08005540   0x08005540   0x0000008c   Code   RO         3643    i._TrySendOverflowPacket  segger_sysview.o
    0x080055cc   0x080055cc   0x0000007a   Code   RO         4186    i.__hardfp_sqrt     m_wm.l(sqrt.o)
    0x08005646   0x08005646   0x00000014   Code   RO         3236    i._cbGetTime        segger_sysview_ucosii.o
    0x0800565a   0x0800565a   0x00000002   PAD
    0x0800565c   0x0800565c   0x0000006c   Code   RO         3208    i._cbSendSystemDesc  segger_sysview_config_ucosii.o
    0x080056c8   0x080056c8   0x00000054   Code   RO         3237    i._cbSendTaskList   segger_sysview_ucosii.o
    0x0800571c   0x0800571c   0x000000c8   Code   RO         1163    i.main              main.o
    0x080057e4   0x080057e4   0x00000062   Code   RO         4146    x$fpl$d2f           fz_wm.l(d2f.o)
    0x08005846   0x08005846   0x00000002   PAD
    0x08005848   0x08005848   0x000002b0   Code   RO         4149    x$fpl$ddiv          fz_wm.l(ddiv.o)
    0x08005af8   0x08005af8   0x0000002e   Code   RO         4153    x$fpl$dflt          fz_wm.l(dflt_clz.o)
    0x08005b26   0x08005b26   0x00000026   Code   RO         4152    x$fpl$dfltu         fz_wm.l(dflt_clz.o)
    0x08005b4c   0x08005b4c   0x00000154   Code   RO         4158    x$fpl$dmul          fz_wm.l(dmul.o)
    0x08005ca0   0x08005ca0   0x0000009c   Code   RO         4296    x$fpl$dnaninf       fz_wm.l(dnaninf.o)
    0x08005d3c   0x08005d3c   0x0000000c   Code   RO         4298    x$fpl$dretinf       fz_wm.l(dretinf.o)
    0x08005d48   0x08005d48   0x00000198   Code   RO         4300    x$fpl$dsqrt         fz_wm.l(dsqrt_umaal.o)
    0x08005ee0   0x08005ee0   0x00000056   Code   RO         4160    x$fpl$f2d           fz_wm.l(f2d.o)
    0x08005f36   0x08005f36   0x0000008c   Code   RO         4302    x$fpl$fnaninf       fz_wm.l(fnaninf.o)
    0x08005fc2   0x08005fc2   0x0000000a   Code   RO         4498    x$fpl$fpinit        fz_wm.l(fpinit.o)
    0x08005fcc   0x08005fcc   0x0000000a   Code   RO         4304    x$fpl$fretinf       fz_wm.l(fretinf.o)
    0x08005fd6   0x08005fd6   0x00000000   Code   RO         4314    x$fpl$usenofp       fz_wm.l(usenofp.o)
    0x08005fd6   0x08005fd6   0x00000100   Data   RO           36    .constdata          os_core.o
    0x080060d6   0x080060d6   0x00000002   PAD
    0x080060d8   0x080060d8   0x0000000c   Data   RO         1248    .constdata          getdata.o
    0x080060e4   0x080060e4   0x00000008   Data   RO         3239    .constdata          segger_sysview_ucosii.o
    0x080060ec   0x080060ec   0x00000021   Data   RO         3354    .constdata          segger_rtt.o
    0x0800610d   0x0800610d   0x0000001a   Data   RO         3647    .constdata          segger_sysview.o
    0x08006127   0x08006127   0x00000001   PAD
    0x08006128   0x08006128   0x000000a4   Data   RO         3240    .conststring        segger_sysview_ucosii.o
    0x080061cc   0x080061cc   0x00000020   Data   RO         4566    Region$$Table       anon$$obj.o


    Execution Region RW_IRAM1 (Exec base: 0x20000000, Load base: 0x080061ec, Size: 0x00004d68, Max: 0x00018000, ABSOLUTE)

    Exec Addr    Load Addr    Size         Type   Attr      Idx    E Section Name        Object

    0x20000000   0x080061ec   0x00000064   Data   RW           37    .data               os_core.o
    0x20000064   0x08006250   0x0000000c   Data   RW          870    .data               os_cpu_c.o
    0x20000070   0x0800625c   0x00000024   Data   RW         1021    .data               task.o
    0x20000094   0x08006280   0x0000000c   Data   RW         1165    .data               main.o
    0x200000a0   0x0800628c   0x00000018   Data   RW         1249    .data               getdata.o
    0x200000b8   0x080062a4   0x00000010   Data   RW         2156    .data               stm32f4xx_rcc.o
    0x200000c8   0x080062b4   0x00000008   Data   RW         3241    .data               segger_sysview_ucosii.o
    0x200000d0   0x080062bc   0x00000015   Data   RW         3648    .data               segger_sysview.o
    0x200000e5   0x080062d1   0x00000003   PAD
    0x200000e8        -       0x000013b8   Zero   RW           35    .bss                os_core.o
    0x200014a0        -       0x00000400   Zero   RW          869    .bss                os_cpu_c.o
    0x200018a0        -       0x00000010   Zero   RW         1020    .bss                task.o
    0x200018b0        -       0x00000400   Zero   RW         1164    .bss                main.o
    0x20001cb0        -       0x00000010   Zero   RW         1210    .bss                delay.o
    0x20001cc0        -       0x00000880   Zero   RW         3238    .bss                segger_sysview_ucosii.o
    0x20002540        -       0x000010b8   Zero   RW         3353    .bss                segger_rtt.o
    0x200035f8        -       0x0000110b   Zero   RW         3646    .bss                segger_sysview.o
    0x20004703   0x080062d1   0x00000001   PAD
    0x20004704        -       0x00000060   Zero   RW         4384    .bss                c_w.l(libspace.o)
    0x20004764   0x080062d1   0x00000004   PAD
    0x20004768        -       0x00000200   Zero   RW         1008    HEAP                startup_stm32f401xx.o
    0x20004968        -       0x00000400   Zero   RW         1007    STACK               startup_stm32f401xx.o


==============================================================================

Image component sizes


      Code (inc. data)   RO Data    RW Data    ZI Data      Debug   Object Name

       184         14          0          0          0        635   atkble01.o
       128          8          0          0         16       1689   delay.o
      2648         52         12         24          0       2753   getdata.o
       532          0          0          0          0       4915   gy86.o
       200         52          0         12       1024       1504   main.o
       120         14          0          0          0        956   misc.o
        16          0          0          0          0       3580   myhook.o
       338         20          0          0          0       5154   myiic.o
        56         20          0          0          0        364   myscratterload.o
       556         18          0          0          0       5762   oled.o
      2828        428        256        100       5048      34002   os_core.o
       468         66          0          0          0        408   os_cpu_a.o
       836        148          0         12       1024      16339   os_cpu_c.o
         0          0          0          0          0       8896   os_dbg_r.o
       124         14          0          0          0       1182   os_flag.o
        88         14          0          0          0        529   os_mem.o
        80          8          0          0          0        555   os_q.o
       600         24          0          0          0       2474   os_sem.o
      1754        132          0          0          0       7776   os_task.o
       180         28          0          0          0       1148   os_time.o
       680        136          0          0          0       3807   os_tmr.o
       204          6          0          0          0        711   ppm.o
       332         20          0          0          0       1231   pwm.o
       764         54         33          0       4280       9632   segger_rtt.o
      3552        238         26         21       4363      35825   segger_sysview.o
       144         94          0          0          0       1062   segger_sysview_config_ucosii.o
       858         82        172          8       2176       8501   segger_sysview_ucosii.o
        72         28        404          0       1536        824   startup_stm32f401xx.o
       248          0          0          0          0       3422   stm32f4xx_gpio.o
       328         36          0         16          0       4511   stm32f4xx_rcc.o
      1440         66          0          0          0      18739   stm32f4xx_tim.o
       236          8          0          0          0       1977   stm32f4xx_usart.o
       508         80          0         36         16     262015   task.o
       200         16          0          0          0       3336   usart.o

    ----------------------------------------------------------------------
     21348       1924        938        232      19484     456214   Object Totals
         0          0         32          0          0          0   (incl. Generated)
        46          0          3          3          1          0   (incl. Padding)

    ----------------------------------------------------------------------

      Code (inc. data)   RO Data    RW Data    ZI Data      Debug   Library Member Name

         8          0          0          0          0         68   __main.o
         0          0          0          0          0          0   __rtentry.o
        12          0          0          0          0          0   __rtentry2.o
         6          0          0          0          0          0   __rtentry4.o
        52          8          0          0          0          0   __scatter.o
        26          0          0          0          0          0   __scatter_copy.o
        28          0          0          0          0          0   __scatter_zi.o
        22          0          0          0          0        100   _rserrno.o
        18          0          0          0          0         80   exit.o
         6          0          0          0          0        152   heapauxi.o
         0          0          0          0          0          0   indicate_semi.o
         2          0          0          0          0          0   libinit.o
         6          0          0          0          0          0   libinit2.o
         2          0          0          0          0          0   libshutdown.o
         2          0          0          0          0          0   libshutdown2.o
         8          4          0          0         96         68   libspace.o
         8          4          0          0          0         68   rt_errno_addr_intlibspace.o
        78          0          0          0          0         80   rt_memclr_w.o
       138          0          0          0          0         68   rt_memcpy_v6.o
       100          0          0          0          0         80   rt_memcpy_w.o
         2          0          0          0          0          0   rtexit.o
        10          0          0          0          0          0   rtexit2.o
        12          4          0          0          0         68   sys_exit.o
        74          0          0          0          0         80   sys_stackheap_outer.o
         2          0          0          0          0         68   use_no_semi.o
        98          4          0          0          0        140   d2f.o
       688        140          0          0          0        256   ddiv.o
        84          0          0          0          0        232   dflt_clz.o
       340         12          0          0          0        152   dmul.o
       156          4          0          0          0        140   dnaninf.o
        12          0          0          0          0        116   dretinf.o
       408         56          0          0          0        168   dsqrt_umaal.o
        86          4          0          0          0        132   f2d.o
       140          4          0          0          0        132   fnaninf.o
        10          0          0          0          0        116   fpinit.o
        10          0          0          0          0        116   fretinf.o
         0          0          0          0          0          0   usenofp.o
       122          0          0          0          0        148   sqrt.o

    ----------------------------------------------------------------------
      2782        244          0          0        100       2828   Library Totals
         6          0          0          0          4          0   (incl. Padding)

    ----------------------------------------------------------------------

      Code (inc. data)   RO Data    RW Data    ZI Data      Debug   Library Name

       622         20          0          0         96        980   c_w.l
      2032        224          0          0          0       1700   fz_wm.l
       122          0          0          0          0        148   m_wm.l

    ----------------------------------------------------------------------
      2782        244          0          0        100       2828   Library Totals

    ----------------------------------------------------------------------

==============================================================================


      Code (inc. data)   RO Data    RW Data    ZI Data      Debug   

     24130       2168        938        232      19584     437226   Grand Totals
     24130       2168        938        232      19584     437226   ELF Image Totals
     24130       2168        938        232          0          0   ROM Totals

==============================================================================

    Total RO  Size (Code + RO Data)                25068 (  24.48kB)
    Total RW  Size (RW Data + ZI Data)             19816 (  19.35kB)
    Total ROM Size (Code + RO Data + RW Data)      25300 (  24.71kB)

==============================================================================

