Component: ARM Compiler 5.06 update 7 (build 960) Tool: armlink [4d3601]

==============================================================================

Section Cross References

    os_core.o(i.OSEventNameGet) refers to os_cpu_a.o(.text) for OS_CPU_SR_Save
    os_core.o(i.OSEventNameGet) refers to os_core.o(i.OS_StrLen) for OS_StrLen
    os_core.o(i.OSEventNameGet) refers to os_core.o(.data) for OSIntNesting
    os_core.o(i.OSEventNameSet) refers to os_cpu_a.o(.text) for OS_CPU_SR_Save
    os_core.o(i.OSEventNameSet) refers to segger_sysview_ucosii.o(i.SYSVIEW_UpdateResource) for SYSVIEW_UpdateResource
    os_core.o(i.OSEventNameSet) refers to os_core.o(.data) for OSIntNesting
    os_core.o(i.OSEventPendMulti) refers to os_cpu_a.o(.text) for OS_CPU_SR_Save
    os_core.o(i.OSEventPendMulti) refers to os_core.o(i.OS_EventTaskWaitMulti) for OS_EventTaskWaitMulti
    os_core.o(i.OSEventPendMulti) refers to os_core.o(i.OS_Sched) for OS_Sched
    os_core.o(i.OSEventPendMulti) refers to os_core.o(i.OS_EventTaskRemoveMulti) for OS_EventTaskRemoveMulti
    os_core.o(i.OSEventPendMulti) refers to os_core.o(.data) for OSIntNesting
    os_core.o(i.OSInit) refers to os_cpu_c.o(i.OSInitHookBegin) for OSInitHookBegin
    os_core.o(i.OSInit) refers to os_core.o(i.OS_InitMisc) for OS_InitMisc
    os_core.o(i.OSInit) refers to os_core.o(i.OS_InitRdyList) for OS_InitRdyList
    os_core.o(i.OSInit) refers to os_core.o(i.OS_InitTCBList) for OS_InitTCBList
    os_core.o(i.OSInit) refers to os_core.o(i.OS_InitEventList) for OS_InitEventList
    os_core.o(i.OSInit) refers to os_flag.o(i.OS_FlagInit) for OS_FlagInit
    os_core.o(i.OSInit) refers to os_mem.o(i.OS_MemInit) for OS_MemInit
    os_core.o(i.OSInit) refers to os_q.o(i.OS_QInit) for OS_QInit
    os_core.o(i.OSInit) refers to os_core.o(i.OS_InitTaskIdle) for OS_InitTaskIdle
    os_core.o(i.OSInit) refers to os_core.o(i.OS_InitTaskStat) for OS_InitTaskStat
    os_core.o(i.OSInit) refers to os_tmr.o(i.OSTmr_Init) for OSTmr_Init
    os_core.o(i.OSInit) refers to os_cpu_c.o(i.OSInitHookEnd) for OSInitHookEnd
    os_core.o(i.OSIntEnter) refers to segger_sysview.o(i.SEGGER_SYSVIEW_RecordEnterISR) for SEGGER_SYSVIEW_RecordEnterISR
    os_core.o(i.OSIntEnter) refers to os_core.o(.data) for OSRunning
    os_core.o(i.OSIntExit) refers to os_cpu_a.o(.text) for OS_CPU_SR_Save
    os_core.o(i.OSIntExit) refers to os_core.o(i.OS_SchedNew) for OS_SchedNew
    os_core.o(i.OSIntExit) refers to segger_sysview.o(i.SEGGER_SYSVIEW_RecordExitISRToScheduler) for SEGGER_SYSVIEW_RecordExitISRToScheduler
    os_core.o(i.OSIntExit) refers to segger_sysview.o(i.SEGGER_SYSVIEW_RecordExitISR) for SEGGER_SYSVIEW_RecordExitISR
    os_core.o(i.OSIntExit) refers to os_core.o(.data) for OSRunning
    os_core.o(i.OSIntExit) refers to os_core.o(.bss) for OSTCBPrioTbl
    os_core.o(i.OSSchedLock) refers to os_cpu_a.o(.text) for OS_CPU_SR_Save
    os_core.o(i.OSSchedLock) refers to os_core.o(.data) for OSRunning
    os_core.o(i.OSSchedUnlock) refers to os_cpu_a.o(.text) for OS_CPU_SR_Save
    os_core.o(i.OSSchedUnlock) refers to os_core.o(i.OS_Sched) for OS_Sched
    os_core.o(i.OSSchedUnlock) refers to os_core.o(.data) for OSRunning
    os_core.o(i.OSStart) refers to os_core.o(i.OS_SchedNew) for OS_SchedNew
    os_core.o(i.OSStart) refers to os_cpu_a.o(.text) for OSStartHighRdy
    os_core.o(i.OSStart) refers to os_core.o(.data) for OSRunning
    os_core.o(i.OSStart) refers to os_core.o(.bss) for OSTCBPrioTbl
    os_core.o(i.OSStatInit) refers to os_time.o(i.OSTimeDly) for OSTimeDly
    os_core.o(i.OSStatInit) refers to os_cpu_a.o(.text) for OS_CPU_SR_Save
    os_core.o(i.OSStatInit) refers to os_core.o(.data) for OSIdleCtr
    os_core.o(i.OSTimeTick) refers to os_cpu_c.o(i.OSTimeTickHook) for OSTimeTickHook
    os_core.o(i.OSTimeTick) refers to os_cpu_a.o(.text) for OS_CPU_SR_Save
    os_core.o(i.OSTimeTick) refers to segger_sysview.o(i.SEGGER_SYSVIEW_RecordU32) for SEGGER_SYSVIEW_RecordU32
    os_core.o(i.OSTimeTick) refers to segger_sysview_ucosii.o(i.SYSVIEW_TaskReady) for SYSVIEW_TaskReady
    os_core.o(i.OSTimeTick) refers to os_core.o(.data) for OSTime
    os_core.o(i.OS_EventTaskRdy) refers to segger_sysview_ucosii.o(i.SYSVIEW_TaskReady) for SYSVIEW_TaskReady
    os_core.o(i.OS_EventTaskRdy) refers to os_core.o(i.OS_EventTaskRemove) for OS_EventTaskRemove
    os_core.o(i.OS_EventTaskRdy) refers to os_core.o(i.OS_EventTaskRemoveMulti) for OS_EventTaskRemoveMulti
    os_core.o(i.OS_EventTaskRdy) refers to os_core.o(.constdata) for OSUnMapTbl
    os_core.o(i.OS_EventTaskRdy) refers to os_core.o(.bss) for OSTCBPrioTbl
    os_core.o(i.OS_EventTaskRdy) refers to os_core.o(.data) for OSRdyGrp
    os_core.o(i.OS_EventTaskWait) refers to segger_sysview_ucosii.o(i.SYSVIEW_TaskSuspend) for SYSVIEW_TaskSuspend
    os_core.o(i.OS_EventTaskWait) refers to os_core.o(.data) for OSTCBCur
    os_core.o(i.OS_EventTaskWaitMulti) refers to segger_sysview_ucosii.o(i.SYSVIEW_TaskSuspend) for SYSVIEW_TaskSuspend
[...]
    RCC_IRQHandler                           0x080004d5   Thumb Code     0  startup_stm32f401xx.o(.text)
    RTC_Alarm_IRQHandler                     0x080004d5   Thumb Code     0  startup_stm32f401xx.o(.text)
    RTC_WKUP_IRQHandler                      0x080004d5   Thumb Code     0  startup_stm32f401xx.o(.text)
    SDIO_IRQHandler                          0x080004d5   Thumb Code     0  startup_stm32f401xx.o(.text)
    SPI1_IRQHandler                          0x080004d5   Thumb Code     0  startup_stm32f401xx.o(.text)
    SPI2_IRQHandler                          0x080004d5   Thumb Code     0  startup_stm32f401xx.o(.text)
    SPI3_IRQHandler                          0x080004d5   Thumb Code     0  startup_stm32f401xx.o(.text)
    SPI4_IRQHandler                          0x080004d5   Thumb Code     0  startup_stm32f401xx.o(.text)
    TAMP_STAMP_IRQHandler                    0x080004d5   Thumb Code     0  startup_stm32f401xx.o(.text)
    TIM1_BRK_TIM9_IRQHandler                 0x080004d5   Thumb Code     0  startup_stm32f401xx.o(.text)
    TIM1_CC_IRQHandler                       0x080004d5   Thumb Code     0  startup_stm32f401xx.o(.text)
    TIM1_TRG_COM_TIM11_IRQHandler            0x080004d5   Thumb Code     0  startup_stm32f401xx.o(.text)
    TIM1_UP_TIM10_IRQHandler                 0x080004d5   Thumb Code     0  startup_stm32f401xx.o(.text)
    TIM3_IRQHandler                          0x080004d5   Thumb Code     0  startup_stm32f401xx.o(.text)
    TIM4_IRQHandler                          0x080004d5   Thumb Code     0  startup_stm32f401xx.o(.text)
    TIM5_IRQHandler                          0x080004d5   Thumb Code     0  startup_stm32f401xx.o(.text)
    USART1_IRQHandler                        0x080004d5   Thumb Code     0  startup_stm32f401xx.o(.text)
    USART2_IRQHandler                        0x080004d5   Thumb Code     0  startup_stm32f401xx.o(.text)
    USART6_IRQHandler                        0x080004d5   Thumb Code     0  startup_stm32f401xx.o(.text)
    WWDG_IRQHandler                          0x080004d5   Thumb Code     0  startup_stm32f401xx.o(.text)
    __user_initial_stackheap                 0x080004d9   Thumb Code     0  startup_stm32f401xx.o(.text)
    myScatterLoad                            0x080004fd   Thumb Code    36  myscratterload.o(.text)
    vsprintf                                 0x08000535   Thumb Code    32  vsprintf.o(.text)
    __aeabi_memcpy                           0x08000559   Thumb Code     0  rt_memcpy_v6.o(.text)
    __rt_memcpy                              0x08000559   Thumb Code   138  rt_memcpy_v6.o(.text)
    _memcpy_lastbytes                        0x080005bf   Thumb Code     0  rt_memcpy_v6.o(.text)
    __aeabi_memclr4                          0x080005e3   Thumb Code     0  rt_memclr_w.o(.text)
    __aeabi_memclr8                          0x080005e3   Thumb Code     0  rt_memclr_w.o(.text)
    __rt_memclr_w                            0x080005e3   Thumb Code    78  rt_memclr_w.o(.text)
    _memset_w                                0x080005e7   Thumb Code     0  rt_memclr_w.o(.text)
    __use_two_region_memory                  0x08000631   Thumb Code     2  heapauxi.o(.text)
    __rt_heap_escrow$2region                 0x08000633   Thumb Code     2  heapauxi.o(.text)
    __rt_heap_expand$2region                 0x08000635   Thumb Code     2  heapauxi.o(.text)
    __read_errno                             0x08000637   Thumb Code    10  _rserrno.o(.text)
    __set_errno                              0x08000641   Thumb Code    12  _rserrno.o(.text)
    _printf_pre_padding                      0x0800064d   Thumb Code    44  _printf_pad.o(.text)
    _printf_post_padding                     0x08000679   Thumb Code    34  _printf_pad.o(.text)
    _printf_truncate_signed                  0x0800069b   Thumb Code    18  _printf_truncate.o(.text)
    _printf_truncate_unsigned                0x080006ad   Thumb Code    18  _printf_truncate.o(.text)
    _printf_str                              0x080006bf   Thumb Code    82  _printf_str.o(.text)
    _printf_int_dec                          0x08000711   Thumb Code   104  _printf_dec.o(.text)
    _printf_charcount                        0x08000789   Thumb Code    40  _printf_charcount.o(.text)
    _printf_char_common                      0x080007bb   Thumb Code    32  _printf_char_common.o(.text)
    _sputc                                   0x080007e1   Thumb Code    10  _sputc.o(.text)
    _printf_wctomb                           0x080007ed   Thumb Code   182  _printf_wctomb.o(.text)
    _printf_longlong_dec                     0x080008a9   Thumb Code   108  _printf_longlong_dec.o(.text)
    _printf_longlong_oct                     0x08000925   Thumb Code    66  _printf_oct_int_ll.o(.text)
    _printf_int_oct                          0x08000967   Thumb Code    24  _printf_oct_int_ll.o(.text)
    _printf_ll_oct                           0x0800097f   Thumb Code    12  _printf_oct_int_ll.o(.text)
    _printf_longlong_hex                     0x08000995   Thumb Code    86  _printf_hex_int_ll_ptr.o(.text)
    _printf_int_hex                          0x080009eb   Thumb Code    28  _printf_hex_int_ll_ptr.o(.text)
    _printf_ll_hex                           0x08000a07   Thumb Code    12  _printf_hex_int_ll_ptr.o(.text)
    _printf_hex_ptr                          0x08000a13   Thumb Code    18  _printf_hex_int_ll_ptr.o(.text)
    __printf                                 0x08000a29   Thumb Code   388  __printf_flags_ss_wp.o(.text)
    __aeabi_memcpy4                          0x08000bb1   Thumb Code     0  rt_memcpy_w.o(.text)
    __aeabi_memcpy8                          0x08000bb1   Thumb Code     0  rt_memcpy_w.o(.text)
    __rt_memcpy_w                            0x08000bb1   Thumb Code   100  rt_memcpy_w.o(.text)
    _memcpy_lastbytes_aligned                0x08000bf9   Thumb Code     0  rt_memcpy_w.o(.text)
    __aeabi_errno_addr                       0x08000c15   Thumb Code     8  rt_errno_addr_intlibspace.o(.text)
    __errno$intlibspace                      0x08000c15   Thumb Code     0  rt_errno_addr_intlibspace.o(.text)
    __rt_errno_addr$intlibspace              0x08000c15   Thumb Code     0  rt_errno_addr_intlibspace.o(.text)
    _ll_udiv10                               0x08000c1d   Thumb Code   138  lludiv10.o(.text)
    _printf_int_common                       0x08000ca7   Thumb Code   178  _printf_intcommon.o(.text)
    __lib_sel_fp_printf                      0x08000d59   Thumb Code     2  _printf_fp_dec.o(.text)
    _printf_fp_dec_real                      0x08000f0b   Thumb Code   620  _printf_fp_dec.o(.text)
    _printf_fp_hex_real                      0x08001179   Thumb Code   756  _printf_fp_hex.o(.text)
    _printf_cs_common                        0x08001475   Thumb Code    20  _printf_char.o(.text)
    _printf_char                             0x08001489   Thumb Code    16  _printf_char.o(.text)
    _printf_string                           0x08001499   Thumb Code     8  _printf_char.o(.text)
    _printf_lcs_common                       0x080014a1   Thumb Code    20  _printf_wchar.o(.text)
    _printf_wchar                            0x080014b5   Thumb Code    16  _printf_wchar.o(.text)
    _printf_wstring                          0x080014c5   Thumb Code     8  _printf_wchar.o(.text)
    _wcrtomb                                 0x080014cd   Thumb Code    64  _wcrtomb.o(.text)
    __user_libspace                          0x0800150d   Thumb Code     8  libspace.o(.text)
    __user_perproc_libspace                  0x0800150d   Thumb Code     0  libspace.o(.text)
    __user_perthread_libspace                0x0800150d   Thumb Code     0  libspace.o(.text)
    __user_setup_stackheap                   0x08001515   Thumb Code    74  sys_stackheap_outer.o(.text)
    __rt_ctype_table                         0x08001561   Thumb Code    16  rt_ctype_table.o(.text)
    __rt_locale                              0x08001571   Thumb Code     8  rt_locale_intlibspace.o(.text)
    _printf_fp_infnan                        0x08001579   Thumb Code   112  _printf_fp_infnan.o(.text)
    _btod_etento                             0x080015f9   Thumb Code   224  bigflt0.o(.text)
    exit                                     0x080016dd   Thumb Code    18  exit.o(.text)
    strcmp                                   0x080016f1   Thumb Code   128  strcmpv7m.o(.text)
    _sys_exit                                0x08001771   Thumb Code     8  sys_exit.o(.text)
    __I$use$semihosting                      0x0800177d   Thumb Code     0  use_no_semi.o(.text)
    __use_no_semihosting_swi                 0x0800177d   Thumb Code     2  use_no_semi.o(.text)
    __semihosting_library_function           0x0800177f   Thumb Code     0  indicate_semi.o(.text)
    _btod_d2e                                0x0800177f   Thumb Code    62  btod.o(CL$$btod_d2e)
    _d2e_denorm_low                          0x080017bd   Thumb Code    70  btod.o(CL$$btod_d2e_denorm_low)
    _d2e_norm_op1                            0x08001803   Thumb Code    96  btod.o(CL$$btod_d2e_norm_op1)
    __btod_div_common                        0x08001863   Thumb Code   696  btod.o(CL$$btod_div_common)
    _e2e                                     0x08001b9b   Thumb Code   220  btod.o(CL$$btod_e2e)
    _btod_ediv                               0x08001c77   Thumb Code    42  btod.o(CL$$btod_ediv)
    _btod_emul                               0x08001ca1   Thumb Code    42  btod.o(CL$$btod_emul)
    __btod_mult_common                       0x08001ccb   Thumb Code   580  btod.o(CL$$btod_mult_common)
    App_TCBInitHook                          0x08001f0f   Thumb Code     2  myhook.o(i.App_TCBInitHook)
    App_TaskCreateHook                       0x08001f11   Thumb Code     2  myhook.o(i.App_TaskCreateHook)
    App_TaskDelHook                          0x08001f13   Thumb Code     2  myhook.o(i.App_TaskDelHook)
    App_TaskIdleHook                         0x08001f15   Thumb Code     2  myhook.o(i.App_TaskIdleHook)
    App_TaskReturnHook                       0x08001f17   Thumb Code     2  myhook.o(i.App_TaskReturnHook)
    App_TaskStatHook                         0x08001f19   Thumb Code     2  myhook.o(i.App_TaskStatHook)
    App_TaskSwHook                           0x08001f1b   Thumb Code     2  myhook.o(i.App_TaskSwHook)
    App_TimeTickHook                         0x08001f1d   Thumb Code     2  myhook.o(i.App_TimeTickHook)
    BLE_Init                                 0x08001f21   Thumb Code   170  atkble01.o(i.BLE_Init)
    BLE_Printf                               0x08001fd9   Thumb Code    36  atkble01.o(i.BLE_Printf)
    BLE_SendString                           0x08001ffd   Thumb Code    26  atkble01.o(i.BLE_SendString)
    Delay_ms                                 0x08002017   Thumb Code    26  delay.o(i.Delay_ms)
    Delay_s                                  0x08002031   Thumb Code    26  delay.o(i.Delay_s)
    Delay_us                                 0x0800204d   Thumb Code    68  delay.o(i.Delay_us)
    GPIO_Init                                0x08002099   Thumb Code   144  stm32f4xx_gpio.o(i.GPIO_Init)
    GPIO_PinAFConfig                         0x08002129   Thumb Code    70  stm32f4xx_gpio.o(i.GPIO_PinAFConfig)
    GPIO_ReadInputDataBit                    0x0800216f   Thumb Code    18  stm32f4xx_gpio.o(i.GPIO_ReadInputDataBit)
    GPIO_SetBits                             0x08002181   Thumb Code     4  stm32f4xx_gpio.o(i.GPIO_SetBits)
    GPIO_WriteBit                            0x08002185   Thumb Code    12  stm32f4xx_gpio.o(i.GPIO_WriteBit)
    GY86_Init                                0x08002191   Thumb Code    16  gy86.o(i.GY86_Init)
    GY86_WriteRegister                       0x080021a1   Thumb Code    48  gy86.o(i.GY86_WriteRegister)
    GetEulerAngles                           0x080021d1   Thumb Code    42  getdata.o(i.GetEulerAngles)
    HMC5883L_Init                            0x08002201   Thumb Code    54  gy86.o(i.HMC5883L_Init)
    MPU6050_Init                             0x08002237   Thumb Code    68  gy86.o(i.MPU6050_Init)
    MyIIC_Init                               0x0800227d   Thumb Code    52  myiic.o(i.MyIIC_Init)
    MyIIC_R_SDA                              0x080022b5   Thumb Code    22  myiic.o(i.MyIIC_R_SDA)
    MyIIC_ReceiveACK                         0x080022d1   Thumb Code    30  myiic.o(i.MyIIC_ReceiveACK)
    MyIIC_SendByte                           0x080022ef   Thumb Code    42  myiic.o(i.MyIIC_SendByte)
    MyIIC_Start                              0x08002319   Thumb Code    28  myiic.o(i.MyIIC_Start)
    MyIIC_Stop                               0x08002335   Thumb Code    22  myiic.o(i.MyIIC_Stop)
    MyIIC_W_SCL                              0x0800234d   Thumb Code    24  myiic.o(i.MyIIC_W_SCL)
    MyIIC_W_SDA                              0x08002369   Thumb Code    22  myiic.o(i.MyIIC_W_SDA)
    NVIC_Init                                0x08002385   Thumb Code   106  misc.o(i.NVIC_Init)
    OLED_Clear                               0x080023fd   Thumb Code    42  oled.o(i.OLED_Clear)
    OLED_I2C_Init                            0x08002429   Thumb Code    66  oled.o(i.OLED_I2C_Init)
    OLED_I2C_SendByte                        0x08002471   Thumb Code    60  oled.o(i.OLED_I2C_SendByte)
    OLED_I2C_Start                           0x080024ad   Thumb Code    34  oled.o(i.OLED_I2C_Start)
    OLED_I2C_Stop                            0x080024cf   Thumb Code    28  oled.o(i.OLED_I2C_Stop)
    OLED_Init                                0x080024eb   Thumb Code   174  oled.o(i.OLED_Init)
    OLED_SetCursor                           0x08002599   Thumb Code    34  oled.o(i.OLED_SetCursor)
    OLED_W_SCL                               0x080025bd   Thumb Code    18  oled.o(i.OLED_W_SCL)
    OLED_W_SDA                               0x080025d5   Thumb Code    18  oled.o(i.OLED_W_SDA)
    OLED_WriteCommand                        0x080025ed   Thumb Code    32  oled.o(i.OLED_WriteCommand)
    OLED_WriteData                           0x0800260d   Thumb Code    32  oled.o(i.OLED_WriteData)
    OSEventNameSet                           0x0800262d   Thumb Code   122  os_core.o(i.OSEventNameSet)
    OSInit                                   0x080026ad   Thumb Code    52  os_core.o(i.OSInit)
    OSInitHookBegin                          0x080026e1   Thumb Code    68  os_cpu_c.o(i.OSInitHookBegin)
    OSInitHookEnd                            0x0800273d   Thumb Code     2  os_cpu_c.o(i.OSInitHookEnd)
    OSIntEnter                               0x08002741   Thumb Code    34  os_core.o(i.OSIntEnter)
    OSIntExit                                0x0800276d   Thumb Code   144  os_core.o(i.OSIntExit)
    OSSchedLock                              0x0800281d   Thumb Code    60  os_core.o(i.OSSchedLock)
    OSSchedUnlock                            0x08002865   Thumb Code   100  os_core.o(i.OSSchedUnlock)
    OSSemCreate                              0x080028d5   Thumb Code    92  os_sem.o(i.OSSemCreate)
    OSSemPend                                0x0800293d   Thumb Code   324  os_sem.o(i.OSSemPend)
    OSSemPost                                0x08002a8d   Thumb Code   160  os_sem.o(i.OSSemPost)
    OSStart                                  0x08002b2d   Thumb Code    48  os_core.o(i.OSStart)
    OSTCBInitHook                            0x08002b75   Thumb Code    12  os_cpu_c.o(i.OSTCBInitHook)
    OSTaskCreate                             0x08002b81   Thumb Code   262  os_task.o(i.OSTaskCreate)
    OSTaskCreateExt                          0x08002c95   Thumb Code   282  os_task.o(i.OSTaskCreateExt)
    OSTaskCreateHook                         0x08002dbd   Thumb Code    12  os_cpu_c.o(i.OSTaskCreateHook)
    OSTaskDel                                0x08002dc9   Thumb Code   354  os_task.o(i.OSTaskDel)
    OSTaskDelHook                            0x08002f59   Thumb Code    12  os_cpu_c.o(i.OSTaskDelHook)
    OSTaskIdleHook                           0x08002f65   Thumb Code     8  os_cpu_c.o(i.OSTaskIdleHook)
    OSTaskNameGet                            0x08002f6d   Thumb Code   158  os_task.o(i.OSTaskNameGet)
    OSTaskNameSet                            0x08003019   Thumb Code   158  os_task.o(i.OSTaskNameSet)
    OSTaskReturnHook                         0x080030c5   Thumb Code    12  os_cpu_c.o(i.OSTaskReturnHook)
    OSTaskStatHook                           0x080030d1   Thumb Code     8  os_cpu_c.o(i.OSTaskStatHook)
    OSTaskStkChk                             0x080030d9   Thumb Code   168  os_task.o(i.OSTaskStkChk)
    OSTaskStkInit                            0x08003189   Thumb Code   446  os_cpu_c.o(i.OSTaskStkInit)
    OSTaskSuspend                            0x080033b5   Thumb Code   196  os_task.o(i.OSTaskSuspend)
    OSTaskSwHook                             0x08003489   Thumb Code    36  os_cpu_c.o(i.OSTaskSwHook)
    OSTimeDly                                0x080034b5   Thumb Code   118  os_time.o(i.OSTimeDly)
    OSTimeGet                                0x08003541   Thumb Code    34  os_time.o(i.OSTimeGet)
    OSTimeTick                               0x08003569   Thumb Code   246  os_core.o(i.OSTimeTick)
    OSTimeTickHook                           0x08003679   Thumb Code    34  os_cpu_c.o(i.OSTimeTickHook)
    OSTmrSignal                              0x080036a1   Thumb Code    16  os_tmr.o(i.OSTmrSignal)
    OSTmr_Init                               0x080036b5   Thumb Code   168  os_tmr.o(i.OSTmr_Init)
    OS_Dummy                                 0x08003949   Thumb Code     2  os_core.o(i.OS_Dummy)
    OS_EventTaskRdy                          0x0800394d   Thumb Code   138  os_core.o(i.OS_EventTaskRdy)
    OS_EventTaskRemove                       0x080039e9   Thumb Code    46  os_core.o(i.OS_EventTaskRemove)
    OS_EventTaskRemoveMulti                  0x08003a17   Thumb Code    58  os_core.o(i.OS_EventTaskRemoveMulti)
    OS_EventTaskWait                         0x08003a51   Thumb Code   122  os_core.o(i.OS_EventTaskWait)
    OS_EventWaitListInit                     0x08003ad9   Thumb Code    28  os_core.o(i.OS_EventWaitListInit)
    OS_FlagInit                              0x08003af5   Thumb Code    74  os_flag.o(i.OS_FlagInit)
    OS_FlagUnlink                            0x08003b4d   Thumb Code    36  os_flag.o(i.OS_FlagUnlink)
    OS_MemClr                                0x08003d91   Thumb Code    18  os_core.o(i.OS_MemClr)
    OS_MemInit                               0x08003da5   Thumb Code    74  os_mem.o(i.OS_MemInit)
    OS_QInit                                 0x08003dfd   Thumb Code    72  os_q.o(i.OS_QInit)
    OS_Sched                                 0x08003e4d   Thumb Code    98  os_core.o(i.OS_Sched)
    OS_StrLen                                0x08003ef9   Thumb Code    28  os_core.o(i.OS_StrLen)
    OS_TCBInit                               0x08003f15   Thumb Code   336  os_core.o(i.OS_TCBInit)
    OS_TaskIdle                              0x08004081   Thumb Code    42  os_core.o(i.OS_TaskIdle)
    OS_TaskReturn                            0x080040b1   Thumb Code    18  os_task.o(i.OS_TaskReturn)
    OS_TaskStat                              0x080040c9   Thumb Code   218  os_core.o(i.OS_TaskStat)
    OS_TaskStatStkChk                        0x080041b9   Thumb Code    54  os_core.o(i.OS_TaskStatStkChk)
    OS_TaskStkClr                            0x080041f5   Thumb Code    26  os_task.o(i.OS_TaskStkClr)
    PPM_Init                                 0x08004211   Thumb Code   198  ppm.o(i.PPM_Init)
    PWM_Init                                 0x080042dd   Thumb Code   274  pwm.o(i.PWM_Init)
    PWM_SetCompareAll                        0x080043fd   Thumb Code    38  pwm.o(i.PWM_SetCompareAll)
    QuaternionToEuler                        0x08004429   Thumb Code   278  getdata.o(i.QuaternionToEuler)
    RCC_AHB1PeriphClockCmd                   0x08004541   Thumb Code    26  stm32f4xx_rcc.o(i.RCC_AHB1PeriphClockCmd)
    RCC_APB1PeriphClockCmd                   0x08004561   Thumb Code    26  stm32f4xx_rcc.o(i.RCC_APB1PeriphClockCmd)
    RCC_APB2PeriphClockCmd                   0x08004581   Thumb Code    26  stm32f4xx_rcc.o(i.RCC_APB2PeriphClockCmd)
    RCC_GetClocksFreq                        0x080045a1   Thumb Code   214  stm32f4xx_rcc.o(i.RCC_GetClocksFreq)
    SEGGER_RTT_AllocUpBuffer                 0x08004689   Thumb Code   194  segger_rtt.o(i.SEGGER_RTT_AllocUpBuffer)
    SEGGER_RTT_ConfigDownBuffer              0x08004751   Thumb Code   114  segger_rtt.o(i.SEGGER_RTT_ConfigDownBuffer)
    SEGGER_RTT_ReadNoLock                    0x080047c9   Thumb Code   166  segger_rtt.o(i.SEGGER_RTT_ReadNoLock)
    SEGGER_RTT_WriteSkipNoLock               0x08004875   Thumb Code   154  segger_rtt.o(i.SEGGER_RTT_WriteSkipNoLock)
    SEGGER_SYSVIEW_Conf                      0x08004915   Thumb Code    24  segger_sysview_config_ucosii.o(i.SEGGER_SYSVIEW_Conf)
    SEGGER_SYSVIEW_GetSysDesc                0x08004939   Thumb Code   180  segger_sysview.o(i.SEGGER_SYSVIEW_GetSysDesc)
    SEGGER_SYSVIEW_Init                      0x080049f5   Thumb Code    80  segger_sysview.o(i.SEGGER_SYSVIEW_Init)
    SEGGER_SYSVIEW_NameResource              0x08004a5d   Thumb Code   104  segger_sysview.o(i.SEGGER_SYSVIEW_NameResource)
    SEGGER_SYSVIEW_OnIdle                    0x08004acd   Thumb Code    48  segger_sysview.o(i.SEGGER_SYSVIEW_OnIdle)
    SEGGER_SYSVIEW_OnTaskCreate              0x08004b01   Thumb Code    90  segger_sysview.o(i.SEGGER_SYSVIEW_OnTaskCreate)
    SEGGER_SYSVIEW_OnTaskStartExec           0x08004b65   Thumb Code    90  segger_sysview.o(i.SEGGER_SYSVIEW_OnTaskStartExec)
    SEGGER_SYSVIEW_OnTaskStartReady          0x08004bc9   Thumb Code    90  segger_sysview.o(i.SEGGER_SYSVIEW_OnTaskStartReady)
    SEGGER_SYSVIEW_OnTaskStopReady           0x08004c2d   Thumb Code   122  segger_sysview.o(i.SEGGER_SYSVIEW_OnTaskStopReady)
    SEGGER_SYSVIEW_RecordEndCallU32          0x08004cb1   Thumb Code   116  segger_sysview.o(i.SEGGER_SYSVIEW_RecordEndCallU32)
    SEGGER_SYSVIEW_RecordEnterISR            0x08004d29   Thumb Code    90  segger_sysview.o(i.SEGGER_SYSVIEW_RecordEnterISR)
    SEGGER_SYSVIEW_RecordExitISR             0x08004d8d   Thumb Code    48  segger_sysview.o(i.SEGGER_SYSVIEW_RecordExitISR)
    SEGGER_SYSVIEW_RecordExitISRToScheduler  0x08004dc1   Thumb Code    48  segger_sysview.o(i.SEGGER_SYSVIEW_RecordExitISRToScheduler)
    SEGGER_SYSVIEW_RecordSystime             0x08004df5   Thumb Code    52  segger_sysview.o(i.SEGGER_SYSVIEW_RecordSystime)
    SEGGER_SYSVIEW_RecordU32                 0x08004e31   Thumb Code    88  segger_sysview.o(i.SEGGER_SYSVIEW_RecordU32)
    SEGGER_SYSVIEW_RecordU32x2               0x08004e8d   Thumb Code   118  segger_sysview.o(i.SEGGER_SYSVIEW_RecordU32x2)
    SEGGER_SYSVIEW_RecordVoid                0x08004f09   Thumb Code    50  segger_sysview.o(i.SEGGER_SYSVIEW_RecordVoid)
    SEGGER_SYSVIEW_SendModule                0x08004f41   Thumb Code   172  segger_sysview.o(i.SEGGER_SYSVIEW_SendModule)
    SEGGER_SYSVIEW_SendModuleDescription     0x08004ff5   Thumb Code    30  segger_sysview.o(i.SEGGER_SYSVIEW_SendModuleDescription)
    SEGGER_SYSVIEW_SendNumModules            0x08005019   Thumb Code    80  segger_sysview.o(i.SEGGER_SYSVIEW_SendNumModules)
    SEGGER_SYSVIEW_SendSysDesc               0x08005071   Thumb Code    66  segger_sysview.o(i.SEGGER_SYSVIEW_SendSysDesc)
    SEGGER_SYSVIEW_SendTaskInfo              0x080050b9   Thumb Code   260  segger_sysview.o(i.SEGGER_SYSVIEW_SendTaskInfo)
    SEGGER_SYSVIEW_SendTaskList              0x080051c5   Thumb Code    26  segger_sysview.o(i.SEGGER_SYSVIEW_SendTaskList)
    SEGGER_SYSVIEW_SetRAMBase                0x080051e5   Thumb Code     6  segger_sysview.o(i.SEGGER_SYSVIEW_SetRAMBase)
    SEGGER_SYSVIEW_ShrinkId                  0x080051f1   Thumb Code    10  segger_sysview.o(i.SEGGER_SYSVIEW_ShrinkId)
    SEGGER_SYSVIEW_Start                     0x08005201   Thumb Code   240  segger_sysview.o(i.SEGGER_SYSVIEW_Start)
    SEGGER_SYSVIEW_Stop                      0x080052fd   Thumb Code    60  segger_sysview.o(i.SEGGER_SYSVIEW_Stop)
    SEGGER_SYSVIEW_Warn                      0x08005341   Thumb Code   122  segger_sysview.o(i.SEGGER_SYSVIEW_Warn)
    SYSVIEW_AddTask                          0x080053c1   Thumb Code   146  segger_sysview_ucosii.o(i.SYSVIEW_AddTask)
    SYSVIEW_RecordU32Register                0x08005465   Thumb Code   112  segger_sysview_ucosii.o(i.SYSVIEW_RecordU32Register)
    SYSVIEW_SendResourceList                 0x080054e1   Thumb Code    70  segger_sysview_ucosii.o(i.SYSVIEW_SendResourceList)
    SYSVIEW_SendTaskInfo                     0x08005531   Thumb Code    50  segger_sysview_ucosii.o(i.SYSVIEW_SendTaskInfo)
    SYSVIEW_TaskReady                        0x08005565   Thumb Code    22  segger_sysview_ucosii.o(i.SYSVIEW_TaskReady)
    SYSVIEW_TaskSuspend                      0x08005581   Thumb Code    24  segger_sysview_ucosii.o(i.SYSVIEW_TaskSuspend)
    SYSVIEW_TaskSwitchedIn                   0x0800559d   Thumb Code    28  segger_sysview_ucosii.o(i.SYSVIEW_TaskSwitchedIn)
    SYSVIEW_UpdateResource                   0x080055bd   Thumb Code    84  segger_sysview_ucosii.o(i.SYSVIEW_UpdateResource)
    SYSVIEW_UpdateTask                       0x08005619   Thumb Code   144  segger_sysview_ucosii.o(i.SYSVIEW_UpdateTask)
    SysTick_Handler                          0x080056b5   Thumb Code    38  os_cpu_c.o(i.SysTick_Handler)
    TASK_ChangeMotor                         0x080056dd   Thumb Code    46  task.o(i.TASK_ChangeMotor)
    TASK_ShowGY86Data                        0x08005715   Thumb Code    92  task.o(i.TASK_ShowGY86Data)
    TIM2_IRQHandler                          0x080058ad   Thumb Code   132  task.o(i.TIM2_IRQHandler)
    TIM_ARRPreloadConfig                     0x0800593d   Thumb Code    24  stm32f4xx_tim.o(i.TIM_ARRPreloadConfig)
    TIM_ClearITPendingBit                    0x08005955   Thumb Code     6  stm32f4xx_tim.o(i.TIM_ClearITPendingBit)
    TIM_Cmd                                  0x0800595b   Thumb Code    24  stm32f4xx_tim.o(i.TIM_Cmd)
    TIM_GetCapture1                          0x08005973   Thumb Code     6  stm32f4xx_tim.o(i.TIM_GetCapture1)
    TIM_GetITStatus                          0x08005979   Thumb Code    34  stm32f4xx_tim.o(i.TIM_GetITStatus)
    TIM_ICInit                               0x0800599b   Thumb Code   110  stm32f4xx_tim.o(i.TIM_ICInit)
    TIM_ITConfig                             0x08005a09   Thumb Code    18  stm32f4xx_tim.o(i.TIM_ITConfig)
    TIM_OC1Init                              0x08005a1d   Thumb Code   114  stm32f4xx_tim.o(i.TIM_OC1Init)
    TIM_OC1PreloadConfig                     0x08005a99   Thumb Code    18  stm32f4xx_tim.o(i.TIM_OC1PreloadConfig)
    TIM_OC2Init                              0x08005aad   Thumb Code   154  stm32f4xx_tim.o(i.TIM_OC2Init)
    TIM_OC2PreloadConfig                     0x08005b51   Thumb Code    26  stm32f4xx_tim.o(i.TIM_OC2PreloadConfig)
    TIM_OC3Init                              0x08005b6d   Thumb Code   150  stm32f4xx_tim.o(i.TIM_OC3Init)
    TIM_OC3PreloadConfig                     0x08005c0d   Thumb Code    18  stm32f4xx_tim.o(i.TIM_OC3PreloadConfig)
    TIM_OC4Init                              0x08005c21   Thumb Code   112  stm32f4xx_tim.o(i.TIM_OC4Init)
    TIM_OC4PreloadConfig                     0x08005c99   Thumb Code    26  stm32f4xx_tim.o(i.TIM_OC4PreloadConfig)
    TIM_SelectInputTrigger                   0x08005cb3   Thumb Code    18  stm32f4xx_tim.o(i.TIM_SelectInputTrigger)
    TIM_SelectSlaveMode                      0x08005cc5   Thumb Code    18  stm32f4xx_tim.o(i.TIM_SelectSlaveMode)
    TIM_SetCompare1                          0x08005cd7   Thumb Code     4  stm32f4xx_tim.o(i.TIM_SetCompare1)
    TIM_SetCompare2                          0x08005cdb   Thumb Code     4  stm32f4xx_tim.o(i.TIM_SetCompare2)
    TIM_SetCompare3                          0x08005cdf   Thumb Code     4  stm32f4xx_tim.o(i.TIM_SetCompare3)
    TIM_SetCompare4                          0x08005ce3   Thumb Code     4  stm32f4xx_tim.o(i.TIM_SetCompare4)
    TIM_SetIC1Prescaler                      0x08005ce7   Thumb Code    18  stm32f4xx_tim.o(i.TIM_SetIC1Prescaler)
    TIM_SetIC2Prescaler                      0x08005cf9   Thumb Code    26  stm32f4xx_tim.o(i.TIM_SetIC2Prescaler)
    TIM_SetIC3Prescaler                      0x08005d13   Thumb Code    18  stm32f4xx_tim.o(i.TIM_SetIC3Prescaler)
    TIM_SetIC4Prescaler                      0x08005d25   Thumb Code    26  stm32f4xx_tim.o(i.TIM_SetIC4Prescaler)
    TIM_TimeBaseInit                         0x08005d41   Thumb Code   104  stm32f4xx_tim.o(i.TIM_TimeBaseInit)
    USART2_Init                              0x08005dc5   Thumb Code    96  usart.o(i.USART2_Init)
    USART6_SendByte                          0x08005e31   Thumb Code    28  atkble01.o(i.USART6_SendByte)
    USART_Cmd                                0x08005e51   Thumb Code    24  stm32f4xx_usart.o(i.USART_Cmd)
    USART_GetFlagStatus                      0x08005e69   Thumb Code    26  stm32f4xx_usart.o(i.USART_GetFlagStatus)
    USART_Init                               0x08005e85   Thumb Code   204  stm32f4xx_usart.o(i.USART_Init)
    USART_SendData                           0x08005f59   Thumb Code     8  stm32f4xx_usart.o(i.USART_SendData)
    __ARM_fpclassify                         0x0800632d   Thumb Code    48  fpclassify.o(i.__ARM_fpclassify)
    __ARM_fpclassifyf                        0x0800635d   Thumb Code    38  fpclassifyf.o(i.__ARM_fpclassifyf)
    __hardfp_asinf                           0x08006385   Thumb Code   258  asinf.o(i.__hardfp_asinf)
    __hardfp_atan2f                          0x080064b1   Thumb Code   594  atan2f.o(i.__hardfp_atan2f)
    __mathlib_flt_infnan                     0x0800675d   Thumb Code     6  funder.o(i.__mathlib_flt_infnan)
    __mathlib_flt_infnan2                    0x08006763   Thumb Code     6  funder.o(i.__mathlib_flt_infnan2)
    __mathlib_flt_invalid                    0x08006769   Thumb Code    10  funder.o(i.__mathlib_flt_invalid)
    __mathlib_flt_underflow                  0x08006779   Thumb Code    10  funder.o(i.__mathlib_flt_underflow)
    _is_digit                                0x0800685d   Thumb Code    14  __printf_wp.o(i._is_digit)
    main                                     0x0800686d   Thumb Code   148  main.o(i.main)
    sqrtf                                    0x08006935   Thumb Code    62  sqrtf.o(i.sqrtf)
    _get_lc_numeric                          0x08006975   Thumb Code    44  lc_numeric_c.o(locale$$code)
    _get_lc_ctype                            0x080069a1   Thumb Code    44  lc_ctype_c.o(locale$$code)
    __fpl_dretinf                            0x080069cd   Thumb Code    12  dretinf.o(x$fpl$dretinf)
    __aeabi_f2d                              0x080069d9   Thumb Code     0  f2d.o(x$fpl$f2d)
    _f2d                                     0x080069d9   Thumb Code    86  f2d.o(x$fpl$f2d)
    __fpl_fnaninf                            0x08006a2f   Thumb Code   140  fnaninf.o(x$fpl$fnaninf)
    _fp_init                                 0x08006abb   Thumb Code    10  fpinit.o(x$fpl$fpinit)
    __fplib_config_fpu_vfp                   0x08006ac3   Thumb Code     0  fpinit.o(x$fpl$fpinit)
    __fplib_config_pureend_doubles           0x08006ac3   Thumb Code     0  fpinit.o(x$fpl$fpinit)
    _printf_fp_dec                           0x08006ac5   Thumb Code     4  printf1.o(x$fpl$printf1)
    _printf_fp_hex                           0x08006ac9   Thumb Code     4  printf2.o(x$fpl$printf2)
    OSUnMapTbl                               0x08006acc   Data         256  os_core.o(.constdata)
    __I$use$fp                               0x08006acc   Number         0  usenofp.o(x$fpl$usenofp)
    SYSVIEW_X_OS_TraceAPI                    0x08006bcc   Data           8  segger_sysview_ucosii.o(.constdata)
    Region$$Table$$Base                      0x08006db0   Number         0  anon$$obj.o(Region$$Table)
    Region$$Table$$Limit                     0x08006dd0   Number         0  anon$$obj.o(Region$$Table)
    __ctype                                  0x08006df9   Data           0  lc_ctype_c.o(locale$$data)
    Load$$RW_IRAM1$$Base                     0x08006efc   Number         0  anon$$obj.o ABSOLUTE
    Image$$RW_IRAM1$$Base                    0x20000000   Number         0  anon$$obj.o ABSOLUTE
    OSCtxSwCtr                               0x20000000   Data           4  os_core.o(.data)
    OSEventFreeList                          0x20000004   Data           4  os_core.o(.data)
    OSFlagFreeList                           0x20000008   Data           4  os_core.o(.data)
    OSCPUUsage                               0x2000000c   Data           1  os_core.o(.data)
    OSIdleCtrMax                             0x20000010   Data           4  os_core.o(.data)
    OSIdleCtrRun                             0x20000014   Data           4  os_core.o(.data)
    OSStatRdy                                0x20000018   Data           1  os_core.o(.data)
    OSIntNesting                             0x20000019   Data           1  os_core.o(.data)
    OSLockNesting                            0x2000001a   Data           1  os_core.o(.data)
    OSPrioCur                                0x2000001b   Data           1  os_core.o(.data)
    OSPrioHighRdy                            0x2000001c   Data           1  os_core.o(.data)
    OSRdyGrp                                 0x2000001d   Data           1  os_core.o(.data)
    OSRdyTbl                                 0x2000001e   Data           8  os_core.o(.data)
    OSRunning                                0x20000026   Data           1  os_core.o(.data)
    OSTaskCtr                                0x20000027   Data           1  os_core.o(.data)
    OSIdleCtr                                0x20000028   Data           4  os_core.o(.data)
    OSTCBCur                                 0x2000002c   Data           4  os_core.o(.data)
    OSTCBFreeList                            0x20000030   Data           4  os_core.o(.data)
    OSTCBHighRdy                             0x20000034   Data           4  os_core.o(.data)
    OSTCBList                                0x20000038   Data           4  os_core.o(.data)
    OSTickStepState                          0x2000003c   Data           1  os_core.o(.data)
    OSMemFreeList                            0x20000040   Data           4  os_core.o(.data)
    OSQFreeList                              0x20000044   Data           4  os_core.o(.data)
    OSTaskRegNextAvailID                     0x20000048   Data           1  os_core.o(.data)
    OSTime                                   0x2000004c   Data           4  os_core.o(.data)
    OSTmrFree                                0x20000050   Data           2  os_core.o(.data)
    OSTmrUsed                                0x20000052   Data           2  os_core.o(.data)
    OSTmrTime                                0x20000054   Data           4  os_core.o(.data)
    OSTmrSem                                 0x20000058   Data           4  os_core.o(.data)
    OSTmrSemSignal                           0x2000005c   Data           4  os_core.o(.data)
    OSTmrFreeList                            0x20000060   Data           4  os_core.o(.data)
    OS_CPU_ExceptStkBase                     0x20000064   Data           4  os_cpu_c.o(.data)
    OS_KA_BASEPRI_Boundary                   0x2000006c   Data           4  os_cpu_c.o(.data)
    Cal                                      0x20000070   Data           1  task.o(.data)
    quaternion_w                             0x20000072   Data           2  task.o(.data)
    quaternion_x                             0x20000074   Data           2  task.o(.data)
    quaternion_y                             0x20000076   Data           2  task.o(.data)
    quaternion_z                             0x20000078   Data           2  task.o(.data)
    pname                                    0x2000007c   Data           4  main.o(.data)
    err                                      0x20000080   Data           1  main.o(.data)
    PPM_Sem                                  0x20000084   Data           4  main.o(.data)
    q                                        0x20000088   Data          16  getdata.o(.data)
    t                                        0x20000098   Data           4  getdata.o(.data)
    Beta                                     0x2000009c   Data           4  getdata.o(.data)
    roll                                     0x200000a0   Data           4  getdata.o(.data)
    pitch                                    0x200000a4   Data           4  getdata.o(.data)
    yaw                                      0x200000a8   Data           4  getdata.o(.data)
    SEGGER_SYSVIEW_TickCnt                   0x200000c4   Data           4  segger_sysview.o(.data)
    SEGGER_SYSVIEW_InterruptId               0x200000c8   Data           4  segger_sysview.o(.data)
    Image$$RW_IRAM1$$ZI$$Base                0x200000dc   Number         0  anon$$obj.o ABSOLUTE
    OSEventTbl                               0x200000dc   Data         240  os_core.o(.bss)
    OSFlagTbl                                0x200001cc   Data          80  os_core.o(.bss)
    OSTaskStatStk                            0x2000021c   Data         512  os_core.o(.bss)
    OSTaskIdleStk                            0x2000041c   Data         512  os_core.o(.bss)
    OSTCBPrioTbl                             0x2000061c   Data         256  os_core.o(.bss)
    OSTCBTbl                                 0x2000071c   Data        2024  os_core.o(.bss)
    OSMemTbl                                 0x20000f04   Data         120  os_core.o(.bss)
    OSQTbl                                   0x20000f7c   Data          96  os_core.o(.bss)
    OSTmrTbl                                 0x20000fdc   Data         640  os_core.o(.bss)
    OSTmrTaskStk                             0x2000125c   Data         512  os_core.o(.bss)
    OSTmrWheelTbl                            0x2000145c   Data          56  os_core.o(.bss)
    OS_CPU_ExceptStk                         0x20001494   Data        1024  os_cpu_c.o(.bss)
    Rc_Data                                  0x20001894   Data          16  task.o(.bss)
    TASK_ShowGY86Datastk                     0x200018a4   Data         512  main.o(.bss)
    TASK_ChangeMotorstk                      0x20001aa4   Data         512  main.o(.bss)
    Clocks                                   0x20001ca4   Data          16  delay.o(.bss)
    _SEGGER_RTT                              0x20002534   Data         168  segger_rtt.o(.bss)
    __libspace_start                         0x200046f8   Data          96  libspace.o(.bss)
    __temporary_stack_top$libspace           0x20004758   Data           0  libspace.o(.bss)



==============================================================================

Memory Map of the image

  Image Entry point : 0x08000195

  Load Region LR_IROM1 (Base: 0x08000000, Size: 0x00006fd8, Max: 0x00080000, ABSOLUTE)

    Execution Region ER_IROM1 (Exec base: 0x08000000, Load base: 0x08000000, Size: 0x00006efc, Max: 0x00080000, ABSOLUTE)

    Exec Addr    Load Addr    Size         Type   Attr      Idx    E Section Name        Object

    0x08000000   0x08000000   0x00000194   Data   RO         1009    RESET               startup_stm32f401xx.o
    0x08000194   0x08000194   0x00000008   Code   RO         4137  * !!!main             c_w.l(__main.o)
    0x0800019c   0x0800019c   0x00000034   Code   RO         4563    !!!scatter          c_w.l(__scatter.o)
    0x080001d0   0x080001d0   0x0000001a   Code   RO         4565    !!handler_copy      c_w.l(__scatter_copy.o)
    0x080001ea   0x080001ea   0x00000002   PAD
    0x080001ec   0x080001ec   0x0000001c   Code   RO         4567    !!handler_zi        c_w.l(__scatter_zi.o)
    0x08000208   0x08000208   0x00000000   Code   RO         4275    .ARM.Collect$$_printf_percent$$00000000  c_w.l(_printf_percent.o)
    0x08000208   0x08000208   0x00000006   Code   RO         4264    .ARM.Collect$$_printf_percent$$00000001  c_w.l(_printf_n.o)
    0x0800020e   0x0800020e   0x00000006   Code   RO         4266    .ARM.Collect$$_printf_percent$$00000002  c_w.l(_printf_p.o)
    0x08000214   0x08000214   0x00000006   Code   RO         4271    .ARM.Collect$$_printf_percent$$00000003  c_w.l(_printf_f.o)
    0x0800021a   0x0800021a   0x00000006   Code   RO         4272    .ARM.Collect$$_printf_percent$$00000004  c_w.l(_printf_e.o)
    0x08000220   0x08000220   0x00000006   Code   RO         4273    .ARM.Collect$$_printf_percent$$00000005  c_w.l(_printf_g.o)
    0x08000226   0x08000226   0x00000006   Code   RO         4274    .ARM.Collect$$_printf_percent$$00000006  c_w.l(_printf_a.o)
    0x0800022c   0x0800022c   0x0000000a   Code   RO         4279    .ARM.Collect$$_printf_percent$$00000007  c_w.l(_printf_ll.o)
    0x08000236   0x08000236   0x00000006   Code   RO         4268    .ARM.Collect$$_printf_percent$$00000008  c_w.l(_printf_i.o)
    0x0800023c   0x0800023c   0x00000006   Code   RO         4269    .ARM.Collect$$_printf_percent$$00000009  c_w.l(_printf_d.o)
    0x08000242   0x08000242   0x00000006   Code   RO         4270    .ARM.Collect$$_printf_percent$$0000000A  c_w.l(_printf_u.o)
    0x08000248   0x08000248   0x00000006   Code   RO         4267    .ARM.Collect$$_printf_percent$$0000000B  c_w.l(_printf_o.o)
    0x0800024e   0x0800024e   0x00000006   Code   RO         4265    .ARM.Collect$$_printf_percent$$0000000C  c_w.l(_printf_x.o)
    0x08000254   0x08000254   0x00000006   Code   RO         4276    .ARM.Collect$$_printf_percent$$0000000D  c_w.l(_printf_lli.o)
    0x0800025a   0x0800025a   0x00000006   Code   RO         4277    .ARM.Collect$$_printf_percent$$0000000E  c_w.l(_printf_lld.o)
    0x08000260   0x08000260   0x00000006   Code   RO         4278    .ARM.Collect$$_printf_percent$$0000000F  c_w.l(_printf_llu.o)
    0x08000266   0x08000266   0x00000006   Code   RO         4283    .ARM.Collect$$_printf_percent$$00000010  c_w.l(_printf_llo.o)
    0x0800026c   0x0800026c   0x00000006   Code   RO         4284    .ARM.Collect$$_printf_percent$$00000011  c_w.l(_printf_llx.o)
    0x08000272   0x08000272   0x0000000a   Code   RO         4280    .ARM.Collect$$_printf_percent$$00000012  c_w.l(_printf_l.o)
    0x0800027c   0x0800027c   0x00000006   Code   RO         4262    .ARM.Collect$$_printf_percent$$00000013  c_w.l(_printf_c.o)
    0x08000282   0x08000282   0x00000006   Code   RO         4263    .ARM.Collect$$_printf_percent$$00000014  c_w.l(_printf_s.o)
    0x08000288   0x08000288   0x00000006   Code   RO         4281    .ARM.Collect$$_printf_percent$$00000015  c_w.l(_printf_lc.o)
    0x0800028e   0x0800028e   0x00000006   Code   RO         4282    .ARM.Collect$$_printf_percent$$00000016  c_w.l(_printf_ls.o)
    0x08000294   0x08000294   0x00000004   Code   RO         4371    .ARM.Collect$$_printf_percent$$00000017  c_w.l(_printf_percent_end.o)
    0x08000298   0x08000298   0x00000002   Code   RO         4425    .ARM.Collect$$libinit$$00000000  c_w.l(libinit.o)
    0x0800029a   0x0800029a   0x00000004   Code   RO         4437    .ARM.Collect$$libinit$$00000001  c_w.l(libinit2.o)
    0x0800029e   0x0800029e   0x00000000   Code   RO         4440    .ARM.Collect$$libinit$$00000004  c_w.l(libinit2.o)
    0x0800029e   0x0800029e   0x00000000   Code   RO         4443    .ARM.Collect$$libinit$$0000000A  c_w.l(libinit2.o)
    0x0800029e   0x0800029e   0x00000000   Code   RO         4445    .ARM.Collect$$libinit$$0000000C  c_w.l(libinit2.o)
    0x0800029e   0x0800029e   0x00000000   Code   RO         4447    .ARM.Collect$$libinit$$0000000E  c_w.l(libinit2.o)
    0x0800029e   0x0800029e   0x00000006   Code   RO         4448    .ARM.Collect$$libinit$$0000000F  c_w.l(libinit2.o)
    0x080002a4   0x080002a4   0x00000000   Code   RO         4450    .ARM.Collect$$libinit$$00000011  c_w.l(libinit2.o)
    0x080002a4   0x080002a4   0x0000000c   Code   RO         4451    .ARM.Collect$$libinit$$00000012  c_w.l(libinit2.o)
    0x080002b0   0x080002b0   0x00000000   Code   RO         4452    .ARM.Collect$$libinit$$00000013  c_w.l(libinit2.o)
    0x080002b0   0x080002b0   0x00000000   Code   RO         4454    .ARM.Collect$$libinit$$00000015  c_w.l(libinit2.o)
    0x080002b0   0x080002b0   0x0000000a   Code   RO         4455    .ARM.Collect$$libinit$$00000016  c_w.l(libinit2.o)
    0x080002ba   0x080002ba   0x00000000   Code   RO         4456    .ARM.Collect$$libinit$$00000017  c_w.l(libinit2.o)
    0x080002ba   0x080002ba   0x00000000   Code   RO         4458    .ARM.Collect$$libinit$$00000019  c_w.l(libinit2.o)
    0x080002ba   0x080002ba   0x00000000   Code   RO         4460    .ARM.Collect$$libinit$$0000001B  c_w.l(libinit2.o)
    0x080002ba   0x080002ba   0x00000000   Code   RO         4462    .ARM.Collect$$libinit$$0000001D  c_w.l(libinit2.o)
    0x080002ba   0x080002ba   0x00000000   Code   RO         4464    .ARM.Collect$$libinit$$0000001F  c_w.l(libinit2.o)
    0x080002ba   0x080002ba   0x00000000   Code   RO         4466    .ARM.Collect$$libinit$$00000021  c_w.l(libinit2.o)
    0x080002ba   0x080002ba   0x00000000   Code   RO         4468    .ARM.Collect$$libinit$$00000023  c_w.l(libinit2.o)
    0x080002ba   0x080002ba   0x00000000   Code   RO         4470    .ARM.Collect$$libinit$$00000025  c_w.l(libinit2.o)
    0x080002ba   0x080002ba   0x00000000   Code   RO         4474    .ARM.Collect$$libinit$$0000002C  c_w.l(libinit2.o)
    0x080002ba   0x080002ba   0x00000000   Code   RO         4476    .ARM.Collect$$libinit$$0000002E  c_w.l(libinit2.o)
    0x080002ba   0x080002ba   0x00000000   Code   RO         4478    .ARM.Collect$$libinit$$00000030  c_w.l(libinit2.o)
    0x080002ba   0x080002ba   0x00000000   Code   RO         4480    .ARM.Collect$$libinit$$00000032  c_w.l(libinit2.o)
    0x080002ba   0x080002ba   0x00000002   Code   RO         4481    .ARM.Collect$$libinit$$00000033  c_w.l(libinit2.o)
    0x080002bc   0x080002bc   0x00000002   Code   RO         4501    .ARM.Collect$$libshutdown$$00000000  c_w.l(libshutdown.o)
    0x080002be   0x080002be   0x00000000   Code   RO         4514    .ARM.Collect$$libshutdown$$00000002  c_w.l(libshutdown2.o)
    0x080002be   0x080002be   0x00000000   Code   RO         4516    .ARM.Collect$$libshutdown$$00000004  c_w.l(libshutdown2.o)
    0x080002be   0x080002be   0x00000000   Code   RO         4518    .ARM.Collect$$libshutdown$$00000006  c_w.l(libshutdown2.o)
    0x080002be   0x080002be   0x00000000   Code   RO         4521    .ARM.Collect$$libshutdown$$00000009  c_w.l(libshutdown2.o)
    0x080002be   0x080002be   0x00000000   Code   RO         4524    .ARM.Collect$$libshutdown$$0000000C  c_w.l(libshutdown2.o)
    0x080002be   0x080002be   0x00000000   Code   RO         4526    .ARM.Collect$$libshutdown$$0000000E  c_w.l(libshutdown2.o)
    0x080002be   0x080002be   0x00000000   Code   RO         4529    .ARM.Collect$$libshutdown$$00000011  c_w.l(libshutdown2.o)
    0x080002be   0x080002be   0x00000002   Code   RO         4530    .ARM.Collect$$libshutdown$$00000012  c_w.l(libshutdown2.o)
    0x080002c0   0x080002c0   0x00000000   Code   RO         4191    .ARM.Collect$$rtentry$$00000000  c_w.l(__rtentry.o)
    0x080002c0   0x080002c0   0x00000000   Code   RO         4337    .ARM.Collect$$rtentry$$00000002  c_w.l(__rtentry2.o)
    0x080002c0   0x080002c0   0x00000006   Code   RO         4349    .ARM.Collect$$rtentry$$00000004  c_w.l(__rtentry4.o)
    0x080002c6   0x080002c6   0x00000000   Code   RO         4339    .ARM.Collect$$rtentry$$00000009  c_w.l(__rtentry2.o)
    0x080002c6   0x080002c6   0x00000004   Code   RO         4340    .ARM.Collect$$rtentry$$0000000A  c_w.l(__rtentry2.o)
    0x080002ca   0x080002ca   0x00000000   Code   RO         4342    .ARM.Collect$$rtentry$$0000000C  c_w.l(__rtentry2.o)
    0x080002ca   0x080002ca   0x00000008   Code   RO         4343    .ARM.Collect$$rtentry$$0000000D  c_w.l(__rtentry2.o)
    0x080002d2   0x080002d2   0x00000002   Code   RO         4430    .ARM.Collect$$rtexit$$00000000  c_w.l(rtexit.o)
    0x080002d4   0x080002d4   0x00000000   Code   RO         4483    .ARM.Collect$$rtexit$$00000002  c_w.l(rtexit2.o)
    0x080002d4   0x080002d4   0x00000004   Code   RO         4484    .ARM.Collect$$rtexit$$00000003  c_w.l(rtexit2.o)
    0x080002d8   0x080002d8   0x00000006   Code   RO         4485    .ARM.Collect$$rtexit$$00000004  c_w.l(rtexit2.o)
    0x080002de   0x080002de   0x00000002   PAD
    0x080002e0   0x080002e0   0x000001d4   Code   RO          946    .text               os_cpu_a.o
    0x080004b4   0x080004b4   0x00000048   Code   RO         1010    .text               startup_stm32f401xx.o
    0x080004fc   0x080004fc   0x00000038   Code   RO         1286    .text               myscratterload.o
    0x08000534   0x08000534   0x00000024   Code   RO         4127    .text               c_w.l(vsprintf.o)
    0x08000558   0x08000558   0x0000008a   Code   RO         4131    .text               c_w.l(rt_memcpy_v6.o)
    0x080005e2   0x080005e2   0x0000004e   Code   RO         4133    .text               c_w.l(rt_memclr_w.o)
    0x08000630   0x08000630   0x00000006   Code   RO         4135    .text               c_w.l(heapauxi.o)
    0x08000636   0x08000636   0x00000016   Code   RO         4192    .text               c_w.l(_rserrno.o)
    0x0800064c   0x0800064c   0x0000004e   Code   RO         4196    .text               c_w.l(_printf_pad.o)
    0x0800069a   0x0800069a   0x00000024   Code   RO         4198    .text               c_w.l(_printf_truncate.o)
    0x080006be   0x080006be   0x00000052   Code   RO         4200    .text               c_w.l(_printf_str.o)
    0x08000710   0x08000710   0x00000078   Code   RO         4202    .text               c_w.l(_printf_dec.o)
    0x08000788   0x08000788   0x00000028   Code   RO         4204    .text               c_w.l(_printf_charcount.o)
    0x080007b0   0x080007b0   0x00000030   Code   RO         4206    .text               c_w.l(_printf_char_common.o)
    0x080007e0   0x080007e0   0x0000000a   Code   RO         4208    .text               c_w.l(_sputc.o)
    0x080007ea   0x080007ea   0x00000002   PAD
    0x080007ec   0x080007ec   0x000000bc   Code   RO         4210    .text               c_w.l(_printf_wctomb.o)
    0x080008a8   0x080008a8   0x0000007c   Code   RO         4213    .text               c_w.l(_printf_longlong_dec.o)
    0x08000924   0x08000924   0x00000070   Code   RO         4219    .text               c_w.l(_printf_oct_int_ll.o)
    0x08000994   0x08000994   0x00000094   Code   RO         4239    .text               c_w.l(_printf_hex_int_ll_ptr.o)
    0x08000a28   0x08000a28   0x00000188   Code   RO         4259    .text               c_w.l(__printf_flags_ss_wp.o)
    0x08000bb0   0x08000bb0   0x00000064   Code   RO         4285    .text               c_w.l(rt_memcpy_w.o)
    0x08000c14   0x08000c14   0x00000008   Code   RO         4354    .text               c_w.l(rt_errno_addr_intlibspace.o)
    0x08000c1c   0x08000c1c   0x0000008a   Code   RO         4356    .text               c_w.l(lludiv10.o)
    0x08000ca6   0x08000ca6   0x000000b2   Code   RO         4358    .text               c_w.l(_printf_intcommon.o)
    0x08000d58   0x08000d58   0x0000041e   Code   RO         4360    .text               c_w.l(_printf_fp_dec.o)
    0x08001176   0x08001176   0x00000002   PAD
    0x08001178   0x08001178   0x000002fc   Code   RO         4362    .text               c_w.l(_printf_fp_hex.o)
    0x08001474   0x08001474   0x0000002c   Code   RO         4367    .text               c_w.l(_printf_char.o)
    0x080014a0   0x080014a0   0x0000002c   Code   RO         4369    .text               c_w.l(_printf_wchar.o)
    0x080014cc   0x080014cc   0x00000040   Code   RO         4372    .text               c_w.l(_wcrtomb.o)
    0x0800150c   0x0800150c   0x00000008   Code   RO         4376    .text               c_w.l(libspace.o)
    0x08001514   0x08001514   0x0000004a   Code   RO         4379    .text               c_w.l(sys_stackheap_outer.o)
    0x0800155e   0x0800155e   0x00000002   PAD
    0x08001560   0x08001560   0x00000010   Code   RO         4381    .text               c_w.l(rt_ctype_table.o)
    0x08001570   0x08001570   0x00000008   Code   RO         4386    .text               c_w.l(rt_locale_intlibspace.o)
    0x08001578   0x08001578   0x00000080   Code   RO         4388    .text               c_w.l(_printf_fp_infnan.o)
    0x080015f8   0x080015f8   0x000000e4   Code   RO         4390    .text               c_w.l(bigflt0.o)
    0x080016dc   0x080016dc   0x00000012   Code   RO         4418    .text               c_w.l(exit.o)
    0x080016ee   0x080016ee   0x00000002   PAD
    0x080016f0   0x080016f0   0x00000080   Code   RO         4435    .text               c_w.l(strcmpv7m.o)
    0x08001770   0x08001770   0x0000000c   Code   RO         4493    .text               c_w.l(sys_exit.o)
    0x0800177c   0x0800177c   0x00000002   Code   RO         4504    .text               c_w.l(use_no_semi.o)
    0x0800177e   0x0800177e   0x00000000   Code   RO         4506    .text               c_w.l(indicate_semi.o)
    0x0800177e   0x0800177e   0x0000003e   Code   RO         4393    CL$$btod_d2e        c_w.l(btod.o)
    0x080017bc   0x080017bc   0x00000046   Code   RO         4395    CL$$btod_d2e_denorm_low  c_w.l(btod.o)
    0x08001802   0x08001802   0x00000060   Code   RO         4394    CL$$btod_d2e_norm_op1  c_w.l(btod.o)
    0x08001862   0x08001862   0x00000338   Code   RO         4403    CL$$btod_div_common  c_w.l(btod.o)
    0x08001b9a   0x08001b9a   0x000000dc   Code   RO         4400    CL$$btod_e2e        c_w.l(btod.o)
    0x08001c76   0x08001c76   0x0000002a   Code   RO         4397    CL$$btod_ediv       c_w.l(btod.o)
    0x08001ca0   0x08001ca0   0x0000002a   Code   RO         4396    CL$$btod_emul       c_w.l(btod.o)
    0x08001cca   0x08001cca   0x00000244   Code   RO         4402    CL$$btod_mult_common  c_w.l(btod.o)
    0x08001f0e   0x08001f0e   0x00000002   Code   RO          950    i.App_TCBInitHook   myhook.o
    0x08001f10   0x08001f10   0x00000002   Code   RO          951    i.App_TaskCreateHook  myhook.o
    0x08001f12   0x08001f12   0x00000002   Code   RO          952    i.App_TaskDelHook   myhook.o
    0x08001f14   0x08001f14   0x00000002   Code   RO          953    i.App_TaskIdleHook  myhook.o
    0x08001f16   0x08001f16   0x00000002   Code   RO          954    i.App_TaskReturnHook  myhook.o
    0x08001f18   0x08001f18   0x00000002   Code   RO          955    i.App_TaskStatHook  myhook.o
    0x08001f1a   0x08001f1a   0x00000002   Code   RO          956    i.App_TaskSwHook    myhook.o
    0x08001f1c   0x08001f1c   0x00000002   Code   RO          957    i.App_TimeTickHook  myhook.o
    0x08001f1e   0x08001f1e   0x00000002   PAD
    0x08001f20   0x08001f20   0x000000b8   Code   RO         1360    i.BLE_Init          atkble01.o
    0x08001fd8   0x08001fd8   0x00000024   Code   RO         1362    i.BLE_Printf        atkble01.o
    0x08001ffc   0x08001ffc   0x0000001a   Code   RO         1365    i.BLE_SendString    atkble01.o
    0x08002016   0x08002016   0x0000001a   Code   RO         1207    i.Delay_ms          delay.o
    0x08002030   0x08002030   0x0000001a   Code   RO         1208    i.Delay_s           delay.o
    0x0800204a   0x0800204a   0x00000002   PAD
    0x0800204c   0x0800204c   0x0000004c   Code   RO         1209    i.Delay_us          delay.o
    0x08002098   0x08002098   0x00000090   Code   RO         2000    i.GPIO_Init         stm32f4xx_gpio.o
    0x08002128   0x08002128   0x00000046   Code   RO         2001    i.GPIO_PinAFConfig  stm32f4xx_gpio.o
    0x0800216e   0x0800216e   0x00000012   Code   RO         2004    i.GPIO_ReadInputDataBit  stm32f4xx_gpio.o
    0x08002180   0x08002180   0x00000004   Code   RO         2008    i.GPIO_SetBits      stm32f4xx_gpio.o
    0x08002184   0x08002184   0x0000000c   Code   RO         2012    i.GPIO_WriteBit     stm32f4xx_gpio.o
    0x08002190   0x08002190   0x00000010   Code   RO         1430    i.GY86_Init         gy86.o
    0x080021a0   0x080021a0   0x00000030   Code   RO         1432    i.GY86_WriteRegister  gy86.o
    0x080021d0   0x080021d0   0x00000030   Code   RO         1246    i.GetEulerAngles    getdata.o
    0x08002200   0x08002200   0x00000036   Code   RO         1433    i.HMC5883L_Init     gy86.o
    0x08002236   0x08002236   0x00000044   Code   RO         1434    i.MPU6050_Init      gy86.o
    0x0800227a   0x0800227a   0x00000002   PAD
    0x0800227c   0x0800227c   0x00000038   Code   RO         1486    i.MyIIC_Init        myiic.o
    0x080022b4   0x080022b4   0x0000001c   Code   RO         1488    i.MyIIC_R_SDA       myiic.o
    0x080022d0   0x080022d0   0x0000001e   Code   RO         1489    i.MyIIC_ReceiveACK  myiic.o
    0x080022ee   0x080022ee   0x0000002a   Code   RO         1492    i.MyIIC_SendByte    myiic.o
    0x08002318   0x08002318   0x0000001c   Code   RO         1493    i.MyIIC_Start       myiic.o
    0x08002334   0x08002334   0x00000016   Code   RO         1494    i.MyIIC_Stop        myiic.o
    0x0800234a   0x0800234a   0x00000002   PAD
    0x0800234c   0x0800234c   0x0000001c   Code   RO         1495    i.MyIIC_W_SCL       myiic.o
    0x08002368   0x08002368   0x0000001c   Code   RO         1496    i.MyIIC_W_SDA       myiic.o
    0x08002384   0x08002384   0x00000078   Code   RO         1759    i.NVIC_Init         misc.o
    0x080023fc   0x080023fc   0x0000002a   Code   RO         1573    i.OLED_Clear        oled.o
    0x08002426   0x08002426   0x00000002   PAD
    0x08002428   0x08002428   0x00000048   Code   RO         1574    i.OLED_I2C_Init     oled.o
    0x08002470   0x08002470   0x0000003c   Code   RO         1575    i.OLED_I2C_SendByte  oled.o
    0x080024ac   0x080024ac   0x00000022   Code   RO         1576    i.OLED_I2C_Start    oled.o
    0x080024ce   0x080024ce   0x0000001c   Code   RO         1577    i.OLED_I2C_Stop     oled.o
    0x080024ea   0x080024ea   0x000000ae   Code   RO         1578    i.OLED_Init         oled.o
    0x08002598   0x08002598   0x00000022   Code   RO         1580    i.OLED_SetCursor    oled.o
    0x080025ba   0x080025ba   0x00000002   PAD
    0x080025bc   0x080025bc   0x00000018   Code   RO         1587    i.OLED_W_SCL        oled.o
    0x080025d4   0x080025d4   0x00000018   Code   RO         1588    i.OLED_W_SDA        oled.o
    0x080025ec   0x080025ec   0x00000020   Code   RO         1589    i.OLED_WriteCommand  oled.o
    0x0800260c   0x0800260c   0x00000020   Code   RO         1590    i.OLED_WriteData    oled.o
    0x0800262c   0x0800262c   0x00000080   Code   RO            2    i.OSEventNameSet    os_core.o
    0x080026ac   0x080026ac   0x00000034   Code   RO            4    i.OSInit            os_core.o
    0x080026e0   0x080026e0   0x0000005c   Code   RO          857    i.OSInitHookBegin   os_cpu_c.o
    0x0800273c   0x0800273c   0x00000002   Code   RO          858    i.OSInitHookEnd     os_cpu_c.o
    0x0800273e   0x0800273e   0x00000002   PAD
    0x08002740   0x08002740   0x0000002c   Code   RO            5    i.OSIntEnter        os_core.o
    0x0800276c   0x0800276c   0x000000b0   Code   RO            6    i.OSIntExit         os_core.o
    0x0800281c   0x0800281c   0x00000048   Code   RO            7    i.OSSchedLock       os_core.o
    0x08002864   0x08002864   0x00000070   Code   RO            8    i.OSSchedUnlock     os_core.o
    0x080028d4   0x080028d4   0x00000068   Code   RO          576    i.OSSemCreate       os_sem.o
    0x0800293c   0x0800293c   0x00000150   Code   RO          578    i.OSSemPend         os_sem.o
    0x08002a8c   0x08002a8c   0x000000a0   Code   RO          580    i.OSSemPost         os_sem.o
    0x08002b2c   0x08002b2c   0x00000048   Code   RO            9    i.OSStart           os_core.o
    0x08002b74   0x08002b74   0x0000000c   Code   RO          859    i.OSTCBInitHook     os_cpu_c.o
    0x08002b80   0x08002b80   0x00000114   Code   RO          630    i.OSTaskCreate      os_task.o
    0x08002c94   0x08002c94   0x00000128   Code   RO          631    i.OSTaskCreateExt   os_task.o
    0x08002dbc   0x08002dbc   0x0000000c   Code   RO          860    i.OSTaskCreateHook  os_cpu_c.o
    0x08002dc8   0x08002dc8   0x00000190   Code   RO          632    i.OSTaskDel         os_task.o
    0x08002f58   0x08002f58   0x0000000c   Code   RO          861    i.OSTaskDelHook     os_cpu_c.o
    0x08002f64   0x08002f64   0x00000008   Code   RO          862    i.OSTaskIdleHook    os_cpu_c.o
    0x08002f6c   0x08002f6c   0x000000ac   Code   RO          634    i.OSTaskNameGet     os_task.o
    0x08003018   0x08003018   0x000000ac   Code   RO          635    i.OSTaskNameSet     os_task.o
    0x080030c4   0x080030c4   0x0000000c   Code   RO          863    i.OSTaskReturnHook  os_cpu_c.o
    0x080030d0   0x080030d0   0x00000008   Code   RO          864    i.OSTaskStatHook    os_cpu_c.o
    0x080030d8   0x080030d8   0x000000b0   Code   RO          641    i.OSTaskStkChk      os_task.o
    0x08003188   0x08003188   0x0000022c   Code   RO          865    i.OSTaskStkInit     os_cpu_c.o
    0x080033b4   0x080033b4   0x000000d4   Code   RO          642    i.OSTaskSuspend     os_task.o
    0x08003488   0x08003488   0x0000002c   Code   RO          866    i.OSTaskSwHook      os_cpu_c.o
    0x080034b4   0x080034b4   0x0000008c   Code   RO          731    i.OSTimeDly         os_time.o
    0x08003540   0x08003540   0x00000028   Code   RO          734    i.OSTimeGet         os_time.o
    0x08003568   0x08003568   0x00000110   Code   RO           11    i.OSTimeTick        os_core.o
    0x08003678   0x08003678   0x00000028   Code   RO          867    i.OSTimeTickHook    os_cpu_c.o
    0x080036a0   0x080036a0   0x00000014   Code   RO          771    i.OSTmrSignal       os_tmr.o
    0x080036b4   0x080036b4   0x000000f4   Code   RO          777    i.OSTmr_Init        os_tmr.o
    0x080037a8   0x080037a8   0x00000050   Code   RO          778    i.OSTmr_InitTask    os_tmr.o
    0x080037f8   0x080037f8   0x00000074   Code   RO          779    i.OSTmr_Link        os_tmr.o
    0x0800386c   0x0800386c   0x00000094   Code   RO          780    i.OSTmr_Task        os_tmr.o
    0x08003900   0x08003900   0x00000048   Code   RO          781    i.OSTmr_Unlink      os_tmr.o
    0x08003948   0x08003948   0x00000002   Code   RO           13    i.OS_Dummy          os_core.o
    0x0800394a   0x0800394a   0x00000002   PAD
    0x0800394c   0x0800394c   0x0000009c   Code   RO           14    i.OS_EventTaskRdy   os_core.o
    0x080039e8   0x080039e8   0x0000002e   Code   RO           15    i.OS_EventTaskRemove  os_core.o
    0x08003a16   0x08003a16   0x0000003a   Code   RO           16    i.OS_EventTaskRemoveMulti  os_core.o
    0x08003a50   0x08003a50   0x00000088   Code   RO           17    i.OS_EventTaskWait  os_core.o
    0x08003ad8   0x08003ad8   0x0000001c   Code   RO           19    i.OS_EventWaitListInit  os_core.o
    0x08003af4   0x08003af4   0x00000058   Code   RO          282    i.OS_FlagInit       os_flag.o
    0x08003b4c   0x08003b4c   0x00000024   Code   RO          284    i.OS_FlagUnlink     os_flag.o
    0x08003b70   0x08003b70   0x00000060   Code   RO           20    i.OS_InitEventList  os_core.o
    0x08003bd0   0x08003bd0   0x0000005c   Code   RO           21    i.OS_InitMisc       os_core.o
    0x08003c2c   0x08003c2c   0x00000044   Code   RO           22    i.OS_InitRdyList    os_core.o
    0x08003c70   0x08003c70   0x00000080   Code   RO           23    i.OS_InitTCBList    os_core.o
    0x08003cf0   0x08003cf0   0x00000050   Code   RO           24    i.OS_InitTaskIdle   os_core.o
    0x08003d40   0x08003d40   0x00000050   Code   RO           25    i.OS_InitTaskStat   os_core.o
    0x08003d90   0x08003d90   0x00000012   Code   RO           26    i.OS_MemClr         os_core.o
    0x08003da2   0x08003da2   0x00000002   PAD
    0x08003da4   0x08003da4   0x00000058   Code   RO          414    i.OS_MemInit        os_mem.o
    0x08003dfc   0x08003dfc   0x00000050   Code   RO          513    i.OS_QInit          os_q.o
    0x08003e4c   0x08003e4c   0x00000080   Code   RO           28    i.OS_Sched          os_core.o
    0x08003ecc   0x08003ecc   0x0000002c   Code   RO           29    i.OS_SchedNew       os_core.o
    0x08003ef8   0x08003ef8   0x0000001c   Code   RO           30    i.OS_StrLen         os_core.o
    0x08003f14   0x08003f14   0x0000016c   Code   RO           31    i.OS_TCBInit        os_core.o
    0x08004080   0x08004080   0x00000030   Code   RO           32    i.OS_TaskIdle       os_core.o
    0x080040b0   0x080040b0   0x00000018   Code   RO          643    i.OS_TaskReturn     os_task.o
    0x080040c8   0x080040c8   0x000000f0   Code   RO           33    i.OS_TaskStat       os_core.o
    0x080041b8   0x080041b8   0x0000003c   Code   RO           34    i.OS_TaskStatStkChk  os_core.o
    0x080041f4   0x080041f4   0x0000001a   Code   RO          644    i.OS_TaskStkClr     os_task.o
    0x0800420e   0x0800420e   0x00000002   PAD
    0x08004210   0x08004210   0x000000cc   Code   RO         1705    i.PPM_Init          ppm.o
    0x080042dc   0x080042dc   0x00000120   Code   RO         1729    i.PWM_Init          pwm.o
    0x080043fc   0x080043fc   0x0000002c   Code   RO         1730    i.PWM_SetCompareAll  pwm.o
    0x08004428   0x08004428   0x00000116   Code   RO         1248    i.QuaternionToEuler  getdata.o
    0x0800453e   0x0800453e   0x00000002   PAD
    0x08004540   0x08004540   0x00000020   Code   RO         2101    i.RCC_AHB1PeriphClockCmd  stm32f4xx_rcc.o
    0x08004560   0x08004560   0x00000020   Code   RO         2107    i.RCC_APB1PeriphClockCmd  stm32f4xx_rcc.o
    0x08004580   0x08004580   0x00000020   Code   RO         2110    i.RCC_APB2PeriphClockCmd  stm32f4xx_rcc.o
    0x080045a0   0x080045a0   0x000000e8   Code   RO         2119    i.RCC_GetClocksFreq  stm32f4xx_rcc.o
    0x08004688   0x08004688   0x000000c8   Code   RO         3310    i.SEGGER_RTT_AllocUpBuffer  segger_rtt.o
    0x08004750   0x08004750   0x00000078   Code   RO         3311    i.SEGGER_RTT_ConfigDownBuffer  segger_rtt.o
    0x080047c8   0x080047c8   0x000000ac   Code   RO         3324    i.SEGGER_RTT_ReadNoLock  segger_rtt.o
    0x08004874   0x08004874   0x000000a0   Code   RO         3338    i.SEGGER_RTT_WriteSkipNoLock  segger_rtt.o
    0x08004914   0x08004914   0x00000024   Code   RO         3200    i.SEGGER_SYSVIEW_Conf  segger_sysview_config_ucosii.o
    0x08004938   0x08004938   0x000000bc   Code   RO         3556    i.SEGGER_SYSVIEW_GetSysDesc  segger_sysview.o
    0x080049f4   0x080049f4   0x00000068   Code   RO         3561    i.SEGGER_SYSVIEW_Init  segger_sysview.o
    0x08004a5c   0x08004a5c   0x00000070   Code   RO         3567    i.SEGGER_SYSVIEW_NameResource  segger_sysview.o
    0x08004acc   0x08004acc   0x00000034   Code   RO         3568    i.SEGGER_SYSVIEW_OnIdle  segger_sysview.o
    0x08004b00   0x08004b00   0x00000064   Code   RO         3569    i.SEGGER_SYSVIEW_OnTaskCreate  segger_sysview.o
    0x08004b64   0x08004b64   0x00000064   Code   RO         3570    i.SEGGER_SYSVIEW_OnTaskStartExec  segger_sysview.o
    0x08004bc8   0x08004bc8   0x00000064   Code   RO         3571    i.SEGGER_SYSVIEW_OnTaskStartReady  segger_sysview.o
    0x08004c2c   0x08004c2c   0x00000084   Code   RO         3573    i.SEGGER_SYSVIEW_OnTaskStopReady  segger_sysview.o
    0x08004cb0   0x08004cb0   0x00000078   Code   RO         3581    i.SEGGER_SYSVIEW_RecordEndCallU32  segger_sysview.o
    0x08004d28   0x08004d28   0x00000064   Code   RO         3582    i.SEGGER_SYSVIEW_RecordEnterISR  segger_sysview.o
    0x08004d8c   0x08004d8c   0x00000034   Code   RO         3584    i.SEGGER_SYSVIEW_RecordExitISR  segger_sysview.o
    0x08004dc0   0x08004dc0   0x00000034   Code   RO         3585    i.SEGGER_SYSVIEW_RecordExitISRToScheduler  segger_sysview.o
    0x08004df4   0x08004df4   0x0000003c   Code   RO         3589    i.SEGGER_SYSVIEW_RecordSystime  segger_sysview.o
    0x08004e30   0x08004e30   0x0000005c   Code   RO         3590    i.SEGGER_SYSVIEW_RecordU32  segger_sysview.o
    0x08004e8c   0x08004e8c   0x0000007c   Code   RO         3592    i.SEGGER_SYSVIEW_RecordU32x2  segger_sysview.o
    0x08004f08   0x08004f08   0x00000038   Code   RO         3600    i.SEGGER_SYSVIEW_RecordVoid  segger_sysview.o
    0x08004f40   0x08004f40   0x000000b4   Code   RO         3604    i.SEGGER_SYSVIEW_SendModule  segger_sysview.o
    0x08004ff4   0x08004ff4   0x00000024   Code   RO         3605    i.SEGGER_SYSVIEW_SendModuleDescription  segger_sysview.o
    0x08005018   0x08005018   0x00000058   Code   RO         3606    i.SEGGER_SYSVIEW_SendNumModules  segger_sysview.o
    0x08005070   0x08005070   0x00000048   Code   RO         3609    i.SEGGER_SYSVIEW_SendSysDesc  segger_sysview.o
    0x080050b8   0x080050b8   0x0000010c   Code   RO         3610    i.SEGGER_SYSVIEW_SendTaskInfo  segger_sysview.o
    0x080051c4   0x080051c4   0x00000020   Code   RO         3611    i.SEGGER_SYSVIEW_SendTaskList  segger_sysview.o
    0x080051e4   0x080051e4   0x0000000c   Code   RO         3612    i.SEGGER_SYSVIEW_SetRAMBase  segger_sysview.o
    0x080051f0   0x080051f0   0x00000010   Code   RO         3613    i.SEGGER_SYSVIEW_ShrinkId  segger_sysview.o
    0x08005200   0x08005200   0x000000fc   Code   RO         3614    i.SEGGER_SYSVIEW_Start  segger_sysview.o
    0x080052fc   0x080052fc   0x00000044   Code   RO         3615    i.SEGGER_SYSVIEW_Stop  segger_sysview.o
    0x08005340   0x08005340   0x00000080   Code   RO         3624    i.SEGGER_SYSVIEW_Warn  segger_sysview.o
    0x080053c0   0x080053c0   0x000000a4   Code   RO         3218    i.SYSVIEW_AddTask   segger_sysview_ucosii.o
    0x08005464   0x08005464   0x0000007c   Code   RO         3219    i.SYSVIEW_RecordU32Register  segger_sysview_ucosii.o
    0x080054e0   0x080054e0   0x00000050   Code   RO         3222    i.SYSVIEW_SendResourceList  segger_sysview_ucosii.o
    0x08005530   0x08005530   0x00000032   Code   RO         3223    i.SYSVIEW_SendTaskInfo  segger_sysview_ucosii.o
    0x08005562   0x08005562   0x00000002   PAD
    0x08005564   0x08005564   0x0000001c   Code   RO         3224    i.SYSVIEW_TaskReady  segger_sysview_ucosii.o
    0x08005580   0x08005580   0x0000001c   Code   RO         3225    i.SYSVIEW_TaskSuspend  segger_sysview_ucosii.o
    0x0800559c   0x0800559c   0x00000020   Code   RO         3226    i.SYSVIEW_TaskSwitchedIn  segger_sysview_ucosii.o
    0x080055bc   0x080055bc   0x0000005c   Code   RO         3227    i.SYSVIEW_UpdateResource  segger_sysview_ucosii.o
    0x08005618   0x08005618   0x0000009c   Code   RO         3228    i.SYSVIEW_UpdateTask  segger_sysview_ucosii.o
    0x080056b4   0x080056b4   0x00000026   Code   RO          868    i.SysTick_Handler   os_cpu_c.o
    0x080056da   0x080056da   0x00000002   PAD
    0x080056dc   0x080056dc   0x00000038   Code   RO         1017    i.TASK_ChangeMotor  task.o
    0x08005714   0x08005714   0x00000074   Code   RO         1018    i.TASK_ShowGY86Data  task.o
    0x08005788   0x08005788   0x0000003a   Code   RO         2637    i.TI1_Config        stm32f4xx_tim.o
    0x080057c2   0x080057c2   0x00000050   Code   RO         2638    i.TI2_Config        stm32f4xx_tim.o
    0x08005812   0x08005812   0x00000048   Code   RO         2639    i.TI3_Config        stm32f4xx_tim.o
    0x0800585a   0x0800585a   0x00000050   Code   RO         2640    i.TI4_Config        stm32f4xx_tim.o
    0x080058aa   0x080058aa   0x00000002   PAD
    0x080058ac   0x080058ac   0x00000090   Code   RO         1019    i.TIM2_IRQHandler   task.o
    0x0800593c   0x0800593c   0x00000018   Code   RO         2641    i.TIM_ARRPreloadConfig  stm32f4xx_tim.o
    0x08005954   0x08005954   0x00000006   Code   RO         2648    i.TIM_ClearITPendingBit  stm32f4xx_tim.o
    0x0800595a   0x0800595a   0x00000018   Code   RO         2653    i.TIM_Cmd           stm32f4xx_tim.o
    0x08005972   0x08005972   0x00000006   Code   RO         2668    i.TIM_GetCapture1   stm32f4xx_tim.o
    0x08005978   0x08005978   0x00000022   Code   RO         2674    i.TIM_GetITStatus   stm32f4xx_tim.o
    0x0800599a   0x0800599a   0x0000006e   Code   RO         2676    i.TIM_ICInit        stm32f4xx_tim.o
    0x08005a08   0x08005a08   0x00000012   Code   RO         2678    i.TIM_ITConfig      stm32f4xx_tim.o
    0x08005a1a   0x08005a1a   0x00000002   PAD
    0x08005a1c   0x08005a1c   0x0000007c   Code   RO         2682    i.TIM_OC1Init       stm32f4xx_tim.o
    0x08005a98   0x08005a98   0x00000012   Code   RO         2685    i.TIM_OC1PreloadConfig  stm32f4xx_tim.o
    0x08005aaa   0x08005aaa   0x00000002   PAD
    0x08005aac   0x08005aac   0x000000a4   Code   RO         2687    i.TIM_OC2Init       stm32f4xx_tim.o
    0x08005b50   0x08005b50   0x0000001a   Code   RO         2690    i.TIM_OC2PreloadConfig  stm32f4xx_tim.o
    0x08005b6a   0x08005b6a   0x00000002   PAD
    0x08005b6c   0x08005b6c   0x000000a0   Code   RO         2692    i.TIM_OC3Init       stm32f4xx_tim.o
    0x08005c0c   0x08005c0c   0x00000012   Code   RO         2695    i.TIM_OC3PreloadConfig  stm32f4xx_tim.o
    0x08005c1e   0x08005c1e   0x00000002   PAD
    0x08005c20   0x08005c20   0x00000078   Code   RO         2697    i.TIM_OC4Init       stm32f4xx_tim.o
    0x08005c98   0x08005c98   0x0000001a   Code   RO         2699    i.TIM_OC4PreloadConfig  stm32f4xx_tim.o
    0x08005cb2   0x08005cb2   0x00000012   Code   RO         2707    i.TIM_SelectInputTrigger  stm32f4xx_tim.o
    0x08005cc4   0x08005cc4   0x00000012   Code   RO         2712    i.TIM_SelectSlaveMode  stm32f4xx_tim.o
    0x08005cd6   0x08005cd6   0x00000004   Code   RO         2715    i.TIM_SetCompare1   stm32f4xx_tim.o
    0x08005cda   0x08005cda   0x00000004   Code   RO         2716    i.TIM_SetCompare2   stm32f4xx_tim.o
    0x08005cde   0x08005cde   0x00000004   Code   RO         2717    i.TIM_SetCompare3   stm32f4xx_tim.o
    0x08005ce2   0x08005ce2   0x00000004   Code   RO         2718    i.TIM_SetCompare4   stm32f4xx_tim.o
    0x08005ce6   0x08005ce6   0x00000012   Code   RO         2720    i.TIM_SetIC1Prescaler  stm32f4xx_tim.o
    0x08005cf8   0x08005cf8   0x0000001a   Code   RO         2721    i.TIM_SetIC2Prescaler  stm32f4xx_tim.o
    0x08005d12   0x08005d12   0x00000012   Code   RO         2722    i.TIM_SetIC3Prescaler  stm32f4xx_tim.o
    0x08005d24   0x08005d24   0x0000001a   Code   RO         2723    i.TIM_SetIC4Prescaler  stm32f4xx_tim.o
    0x08005d3e   0x08005d3e   0x00000002   PAD
    0x08005d40   0x08005d40   0x00000084   Code   RO         2725    i.TIM_TimeBaseInit  stm32f4xx_tim.o
    0x08005dc4   0x08005dc4   0x0000006c   Code   RO         1314    i.USART2_Init       usart.o
    0x08005e30   0x08005e30   0x00000020   Code   RO         1366    i.USART6_SendByte   atkble01.o
    0x08005e50   0x08005e50   0x00000018   Code   RO         1811    i.USART_Cmd         stm32f4xx_usart.o
    0x08005e68   0x08005e68   0x0000001a   Code   RO         1814    i.USART_GetFlagStatus  stm32f4xx_usart.o
    0x08005e82   0x08005e82   0x00000002   PAD
    0x08005e84   0x08005e84   0x000000d4   Code   RO         1818    i.USART_Init        stm32f4xx_usart.o
    0x08005f58   0x08005f58   0x00000008   Code   RO         1828    i.USART_SendData    stm32f4xx_usart.o
    0x08005f60   0x08005f60   0x00000070   Code   RO         3341    i._DoInit           segger_rtt.o
    0x08005fd0   0x08005fd0   0x00000036   Code   RO         3629    i._EncodeStr        segger_sysview.o
    0x08006006   0x08006006   0x00000002   PAD
    0x08006008   0x08006008   0x000000a8   Code   RO         3630    i._HandleIncomingPacket  segger_sysview.o
    0x080060b0   0x080060b0   0x00000006   Code   RO         3631    i._PreparePacket    segger_sysview.o
    0x080060b6   0x080060b6   0x00000002   PAD
    0x080060b8   0x080060b8   0x000001e8   Code   RO         3634    i._SendPacket       segger_sysview.o
    0x080062a0   0x080062a0   0x0000008c   Code   RO         3636    i._TrySendOverflowPacket  segger_sysview.o
    0x0800632c   0x0800632c   0x00000030   Code   RO         4428    i.__ARM_fpclassify  m_wm.l(fpclassify.o)
    0x0800635c   0x0800635c   0x00000026   Code   RO         4308    i.__ARM_fpclassifyf  m_wm.l(fpclassifyf.o)
    0x08006382   0x08006382   0x00000002   PAD
    0x08006384   0x08006384   0x0000012c   Code   RO         4155    i.__hardfp_asinf    m_wm.l(asinf.o)
    0x080064b0   0x080064b0   0x000002ac   Code   RO         4167    i.__hardfp_atan2f   m_wm.l(atan2f.o)
    0x0800675c   0x0800675c   0x00000006   Code   RO         4311    i.__mathlib_flt_infnan  m_wm.l(funder.o)
    0x08006762   0x08006762   0x00000006   Code   RO         4312    i.__mathlib_flt_infnan2  m_wm.l(funder.o)
    0x08006768   0x08006768   0x00000010   Code   RO         4313    i.__mathlib_flt_invalid  m_wm.l(funder.o)
    0x08006778   0x08006778   0x00000010   Code   RO         4316    i.__mathlib_flt_underflow  m_wm.l(funder.o)
    0x08006788   0x08006788   0x00000014   Code   RO         3229    i._cbGetTime        segger_sysview_ucosii.o
    0x0800679c   0x0800679c   0x0000006c   Code   RO         3201    i._cbSendSystemDesc  segger_sysview_config_ucosii.o
    0x08006808   0x08006808   0x00000054   Code   RO         3230    i._cbSendTaskList   segger_sysview_ucosii.o
    0x0800685c   0x0800685c   0x0000000e   Code   RO         4252    i._is_digit         c_w.l(__printf_wp.o)
    0x0800686a   0x0800686a   0x00000002   PAD
    0x0800686c   0x0800686c   0x000000c8   Code   RO         1166    i.main              main.o
    0x08006934   0x08006934   0x0000003e   Code   RO         4326    i.sqrtf             m_wm.l(sqrtf.o)
    0x08006972   0x08006972   0x00000002   PAD
    0x08006974   0x08006974   0x0000002c   Code   RO         4416    locale$$code        c_w.l(lc_numeric_c.o)
    0x080069a0   0x080069a0   0x0000002c   Code   RO         4433    locale$$code        c_w.l(lc_ctype_c.o)
    0x080069cc   0x080069cc   0x0000000c   Code   RO         4291    x$fpl$dretinf       fz_wm.l(dretinf.o)
    0x080069d8   0x080069d8   0x00000056   Code   RO         4153    x$fpl$f2d           fz_wm.l(f2d.o)
    0x08006a2e   0x08006a2e   0x0000008c   Code   RO         4295    x$fpl$fnaninf       fz_wm.l(fnaninf.o)
    0x08006aba   0x08006aba   0x0000000a   Code   RO         4491    x$fpl$fpinit        fz_wm.l(fpinit.o)
    0x08006ac4   0x08006ac4   0x00000004   Code   RO         4299    x$fpl$printf1       fz_wm.l(printf1.o)
    0x08006ac8   0x08006ac8   0x00000004   Code   RO         4301    x$fpl$printf2       fz_wm.l(printf2.o)
    0x08006acc   0x08006acc   0x00000000   Code   RO         4307    x$fpl$usenofp       fz_wm.l(usenofp.o)
    0x08006acc   0x08006acc   0x00000100   Data   RO           36    .constdata          os_core.o
    0x08006bcc   0x08006bcc   0x00000008   Data   RO         3232    .constdata          segger_sysview_ucosii.o
    0x08006bd4   0x08006bd4   0x00000021   Data   RO         3347    .constdata          segger_rtt.o
    0x08006bf5   0x08006bf5   0x0000001a   Data   RO         3640    .constdata          segger_sysview.o
    0x08006c0f   0x08006c0f   0x00000001   PAD
    0x08006c10   0x08006c10   0x00000008   Data   RO         4211    .constdata          c_w.l(_printf_wctomb.o)
    0x08006c18   0x08006c18   0x00000028   Data   RO         4240    .constdata          c_w.l(_printf_hex_int_ll_ptr.o)
    0x08006c40   0x08006c40   0x00000011   Data   RO         4260    .constdata          c_w.l(__printf_flags_ss_wp.o)
    0x08006c51   0x08006c51   0x00000026   Data   RO         4363    .constdata          c_w.l(_printf_fp_hex.o)
    0x08006c77   0x08006c77   0x00000001   PAD
    0x08006c78   0x08006c78   0x00000094   Data   RO         4391    .constdata          c_w.l(bigflt0.o)
    0x08006d0c   0x08006d0c   0x000000a4   Data   RO         3233    .conststring        segger_sysview_ucosii.o
    0x08006db0   0x08006db0   0x00000020   Data   RO         4561    Region$$Table       anon$$obj.o
    0x08006dd0   0x08006dd0   0x0000001c   Data   RO         4415    locale$$data        c_w.l(lc_numeric_c.o)
    0x08006dec   0x08006dec   0x00000110   Data   RO         4432    locale$$data        c_w.l(lc_ctype_c.o)


    Execution Region RW_IRAM1 (Exec base: 0x20000000, Load base: 0x08006efc, Size: 0x00004d58, Max: 0x00018000, ABSOLUTE)

    Exec Addr    Load Addr    Size         Type   Attr      Idx    E Section Name        Object

    0x20000000   0x08006efc   0x00000064   Data   RW           37    .data               os_core.o
    0x20000064   0x08006f60   0x0000000c   Data   RW          870    .data               os_cpu_c.o
    0x20000070   0x08006f6c   0x0000000a   Data   RW         1021    .data               task.o
    0x2000007a   0x08006f76   0x00000002   PAD
    0x2000007c   0x08006f78   0x0000000c   Data   RW         1168    .data               main.o
    0x20000088   0x08006f84   0x00000024   Data   RW         1249    .data               getdata.o
    0x200000ac   0x08006fa8   0x00000010   Data   RW         2149    .data               stm32f4xx_rcc.o
    0x200000bc   0x08006fb8   0x00000008   Data   RW         3234    .data               segger_sysview_ucosii.o
    0x200000c4   0x08006fc0   0x00000015   Data   RW         3641    .data               segger_sysview.o
    0x200000d9   0x08006fd5   0x00000003   PAD
    0x200000dc        -       0x000013b8   Zero   RW           35    .bss                os_core.o
    0x20001494        -       0x00000400   Zero   RW          869    .bss                os_cpu_c.o
    0x20001894        -       0x00000010   Zero   RW         1020    .bss                task.o
    0x200018a4        -       0x00000400   Zero   RW         1167    .bss                main.o
    0x20001ca4        -       0x00000010   Zero   RW         1210    .bss                delay.o
    0x20001cb4        -       0x00000880   Zero   RW         3231    .bss                segger_sysview_ucosii.o
    0x20002534        -       0x000010b8   Zero   RW         3346    .bss                segger_rtt.o
    0x200035ec        -       0x0000110b   Zero   RW         3639    .bss                segger_sysview.o
    0x200046f7   0x08006fd5   0x00000001   PAD
    0x200046f8        -       0x00000060   Zero   RW         4377    .bss                c_w.l(libspace.o)
    0x20004758        -       0x00000200   Zero   RW         1008    HEAP                startup_stm32f401xx.o
    0x20004958        -       0x00000400   Zero   RW         1007    STACK               startup_stm32f401xx.o


==============================================================================

Image component sizes


      Code (inc. data)   RO Data    RW Data    ZI Data      Debug   Object Name

       278         18          0          0          0       2443   atkble01.o
       128          8          0          0         16       1825   delay.o
       326          6          0         36          0       2707   getdata.o
       186          0          0          0          0       2212   gy86.o
       200         52          0         12       1024       1612   main.o
       120         14          0          0          0       1024   misc.o
        16          0          0          0          0       3860   myhook.o
       262         20          0          0          0       4310   myiic.o
        56         20          0          0          0        388   myscratterload.o
       556         18          0          0          0       6150   oled.o
      2828        428        256        100       5048      35166   os_core.o
       468         66          0          0          0        432   os_cpu_a.o
       836        148          0         12       1024      16871   os_cpu_c.o
         0          0          0          0          0       8932   os_dbg_r.o
       124         14          0          0          0       1254   os_flag.o
        88         14          0          0          0        565   os_mem.o
        80          8          0          0          0        591   os_q.o
       600         24          0          0          0       2606   os_sem.o
      1754        132          0          0          0       8128   os_task.o
       180         28          0          0          0       1220   os_time.o
       680        136          0          0          0       4047   os_tmr.o
       204          6          0          0          0        743   ppm.o
       332         20          0          0          0       1299   pwm.o
       764         54         33          0       4280       9920   segger_rtt.o
      3552        238         26         21       4363      37097   segger_sysview.o
       144         94          0          0          0       1130   segger_sysview_config_ucosii.o
       858         82        172          8       2176       8945   segger_sysview_ucosii.o
        72         28        404          0       1536        852   startup_stm32f401xx.o
       248          0          0          0          0       3630   stm32f4xx_gpio.o
       328         36          0         16          0       4715   stm32f4xx_rcc.o
      1440         66          0          0          0      19819   stm32f4xx_tim.o
       270          8          0          0          0       3312   stm32f4xx_usart.o
       316         46          0         10         16     261991   task.o
       108         12          0          0          0        498   usart.o

    ----------------------------------------------------------------------
     18446       1844        924        220      19484     460294   Object Totals
         0          0         32          0          0          0   (incl. Generated)
        44          0          1          5          1          0   (incl. Padding)

    ----------------------------------------------------------------------

      Code (inc. data)   RO Data    RW Data    ZI Data      Debug   Library Member Name

         8          0          0          0          0         68   __main.o
       392          4         17          0          0         92   __printf_flags_ss_wp.o
        14          0          0          0          0         68   __printf_wp.o
         0          0          0          0          0          0   __rtentry.o
        12          0          0          0          0          0   __rtentry2.o
         6          0          0          0          0          0   __rtentry4.o
        52          8          0          0          0          0   __scatter.o
        26          0          0          0          0          0   __scatter_copy.o
        28          0          0          0          0          0   __scatter_zi.o
         6          0          0          0          0          0   _printf_a.o
         6          0          0          0          0          0   _printf_c.o
        44          0          0          0          0        108   _printf_char.o
        48          6          0          0          0         96   _printf_char_common.o
        40          0          0          0          0         68   _printf_charcount.o
         6          0          0          0          0          0   _printf_d.o
       120         16          0          0          0         92   _printf_dec.o
         6          0          0          0          0          0   _printf_e.o
         6          0          0          0          0          0   _printf_f.o
      1054          0          0          0          0        216   _printf_fp_dec.o
       764          8         38          0          0        100   _printf_fp_hex.o
       128         16          0          0          0         84   _printf_fp_infnan.o
         6          0          0          0          0          0   _printf_g.o
       148          4         40          0          0        160   _printf_hex_int_ll_ptr.o
         6          0          0          0          0          0   _printf_i.o
       178          0          0          0          0         88   _printf_intcommon.o
        10          0          0          0          0          0   _printf_l.o
         6          0          0          0          0          0   _printf_lc.o
        10          0          0          0          0          0   _printf_ll.o
         6          0          0          0          0          0   _printf_lld.o
         6          0          0          0          0          0   _printf_lli.o
         6          0          0          0          0          0   _printf_llo.o
         6          0          0          0          0          0   _printf_llu.o
         6          0          0          0          0          0   _printf_llx.o
       124         16          0          0          0         92   _printf_longlong_dec.o
         6          0          0          0          0          0   _printf_ls.o
         6          0          0          0          0          0   _printf_n.o
         6          0          0          0          0          0   _printf_o.o
       112         10          0          0          0        124   _printf_oct_int_ll.o
         6          0          0          0          0          0   _printf_p.o
        78          0          0          0          0        108   _printf_pad.o
         0          0          0          0          0          0   _printf_percent.o
         4          0          0          0          0          0   _printf_percent_end.o
         6          0          0          0          0          0   _printf_s.o
        82          0          0          0          0         80   _printf_str.o
        36          0          0          0          0         84   _printf_truncate.o
         6          0          0          0          0          0   _printf_u.o
        44          0          0          0          0        108   _printf_wchar.o
       188          6          8          0          0         92   _printf_wctomb.o
         6          0          0          0          0          0   _printf_x.o
        22          0          0          0          0        100   _rserrno.o
        10          0          0          0          0         68   _sputc.o
        64          0          0          0          0         92   _wcrtomb.o
       228          4        148          0          0         96   bigflt0.o
      1936        128          0          0          0        672   btod.o
        18          0          0          0          0         80   exit.o
         6          0          0          0          0        152   heapauxi.o
         0          0          0          0          0          0   indicate_semi.o
        44         10        272          0          0         76   lc_ctype_c.o
        44         10         28          0          0         76   lc_numeric_c.o
         2          0          0          0          0          0   libinit.o
        34          0          0          0          0          0   libinit2.o
         2          0          0          0          0          0   libshutdown.o
         2          0          0          0          0          0   libshutdown2.o
         8          4          0          0         96         68   libspace.o
       138          0          0          0          0         80   lludiv10.o
        16          4          0          0          0         76   rt_ctype_table.o
         8          4          0          0          0         68   rt_errno_addr_intlibspace.o
         8          4          0          0          0         68   rt_locale_intlibspace.o
        78          0          0          0          0         80   rt_memclr_w.o
       138          0          0          0          0         68   rt_memcpy_v6.o
       100          0          0          0          0         80   rt_memcpy_w.o
         2          0          0          0          0          0   rtexit.o
        10          0          0          0          0          0   rtexit2.o
       128          0          0          0          0         68   strcmpv7m.o
        12          4          0          0          0         68   sys_exit.o
        74          0          0          0          0         80   sys_stackheap_outer.o
         2          0          0          0          0         68   use_no_semi.o
        36          4          0          0          0         76   vsprintf.o
        12          0          0          0          0        116   dretinf.o
        86          4          0          0          0        132   f2d.o
       140          4          0          0          0        132   fnaninf.o
        10          0          0          0          0        116   fpinit.o
         4          0          0          0          0        116   printf1.o
         4          0          0          0          0        116   printf2.o
         0          0          0          0          0          0   usenofp.o
       300         42          0          0          0        176   asinf.o
       684         90          0          0          0        208   atan2f.o
        48          0          0          0          0        124   fpclassify.o
        38          0          0          0          0        116   fpclassifyf.o
        44         12          0          0          0        464   funder.o
        62          0          0          0          0        136   sqrtf.o

    ----------------------------------------------------------------------
      8490        422        552          0         96       6240   Library Totals
        18          0          1          0          0          0   (incl. Padding)

    ----------------------------------------------------------------------

      Code (inc. data)   RO Data    RW Data    ZI Data      Debug   Library Name

      7040        270        551          0         96       4288   c_w.l
       256          8          0          0          0        728   fz_wm.l
      1176        144          0          0          0       1224   m_wm.l

    ----------------------------------------------------------------------
      8490        422        552          0         96       6240   Library Totals

    ----------------------------------------------------------------------

==============================================================================


      Code (inc. data)   RO Data    RW Data    ZI Data      Debug   

     26936       2266       1476        220      19580     442694   Grand Totals
     26936       2266       1476        220      19580     442694   ELF Image Totals
     26936       2266       1476        220          0          0   ROM Totals

==============================================================================

    Total RO  Size (Code + RO Data)                28412 (  27.75kB)
    Total RW  Size (RW Data + ZI Data)             19800 (  19.34kB)
    Total ROM Size (Code + RO Data + RW Data)      28632 (  27.96kB)

==============================================================================

