<html>
<body>
<pre>
<h1>礦ision Build Log</h1>
<h2>Tool Versions:</h2>
IDE-Version: μVision V5.24.2.0
Copyright (C) 2017 ARM Ltd and ARM Germany GmbH. All rights reserved.
License Information:  AAA administractor Cheng, UESTC, LIC=585FJ-UB4B4-TG27T-REZSI-WFZ8W-PSI25
 
Tool Versions:
Toolchain:       MDK-ARM Plus  Version: 5.24.1
Toolchain Path:  C:\Keil_v5\ARM\ARMCC\Bin
C Compiler:      Armcc.exe V5.06 update 5 (build 528)
Assembler:       Armasm.exe V5.06 update 5 (build 528)
Linker/Locator:  ArmLink.exe V5.06 update 5 (build 528)
Library Manager: ArmAr.exe V5.06 update 5 (build 528)
Hex Converter:   FromElf.exe V5.06 update 5 (build 528)
CPU DLL:         SARMCM3.DLL V5.24.1
Dialog DLL:      DCM.DLL V1.16.0.0
Target DLL:      Segger\JL2CM3.dll V2.99.26.0
Dialog DLL:      TCM.DLL V1.32.0.0
 
<h2>Project:</h2>
C:\Users\administractor Cheng\Desktop\综设Ⅲ\TASK\移植 - 全项目\移植一.uvprojx
Project File Date:  11/04/2025

<h2>Output:</h2>
*** Using Compiler 'V5.06 update 5 (build 528)', folder: 'C:\Keil_v5\ARM\ARMCC\Bin'
Rebuild target 'Target 1'
compiling os_core.c...
compiling os_sem.c...
compiling os_dbg_r.c...
compiling os_mbox.c...
compiling os_q.c...
compiling os_time.c...
compiling os_mem.c...
compiling os_tmr.c...
compiling os_task.c...
compiling os_mutex.c...
compiling os_flag.c...
assembling os_cpu_a.asm...
compiling os_cpu_c.c...
assembling startup_stm32f401xx.s...
compiling myHook.c...
assembling myScratterLoad.s...
compiling LED.c...
compiling usart.c...
compiling Task.c...
compiling PID.c...
compiling Delay.c...
compiling GY86.c...
compiling Flight_Control.c...
user\Flight_Control.c(23): warning:  #550-D: variable "control_enabled"  was set but never used
  static uint8_t control_enabled = 0;
user\Flight_Control.c: 1 warning, 0 errors
compiling ATKBLE01.c...
compiling getdata.c...
compiling main.c...
compiling MyIIC.c...
compiling OLED.c...
compiling PPM.c...
compiling SEGGER_SYSVIEW_Config_uCOSII.c...
compiling SEGGER_SYSVIEW_uCOSII.c...
compiling SEGGER_RTT.c...
compiling PWM.c...
compiling misc.c...
compiling stm32f4xx_usart.c...
compiling stm32f4xx_rcc.c...
compiling stm32f4xx_i2c.c...
compiling Timer.c...
compiling stm32f4xx_gpio.c...
compiling stm32f4xx_tim.c...
compiling SEGGER_SYSVIEW.c...
linking...
Program Size: Code=30062 RO-data=1166 RW-data=244 ZI-data=19844  
".\Objects\移植一.axf" - 0 Error(s), 1 Warning(s).

<h2>Software Packages used:</h2>

Package Vendor: Keil
                https://www.keil.com/pack/Keil.STM32F4xx_DFP.2.17.0.pack
                Keil.STM32F4xx_DFP.2.17.0
                STMicroelectronics STM32F4 Series Device Support, Drivers and Examples

<h2>Collection of Component include folders:</h2>
  .\RTE\_Target_1
  C:\Keil_v5\ARM\PACK\Keil\STM32F4xx_DFP\2.17.0\Drivers\CMSIS\Device\ST\STM32F4xx\Include

<h2>Collection of Component Files used:</h2>
Build Time Elapsed:  00:00:04
</pre>
</body>
</html>
